Archive member included to satisfy reference by file (symbol)

C:/ST/STM32CubeIDE_1.15.1/STM32CubeIDE/plugins/com.st.stm32cube.ide.mcu.externaltools.gnu-tools-for-stm32.12.3.rel1.win32_1.0.100.202403111256/tools/bin/../lib/gcc/arm-none-eabi/12.3.1/../../../../arm-none-eabi/lib/thumb/v7e-m+dp/hard\libc_nano.a(libc_a-exit.o)
                              C:/ST/STM32CubeIDE_1.15.1/STM32CubeIDE/plugins/com.st.stm32cube.ide.mcu.externaltools.gnu-tools-for-stm32.12.3.rel1.win32_1.0.100.202403111256/tools/bin/../lib/gcc/arm-none-eabi/12.3.1/../../../../arm-none-eabi/lib/thumb/v7e-m+dp/hard/crt0.o (exit)
C:/ST/STM32CubeIDE_1.15.1/STM32CubeIDE/plugins/com.st.stm32cube.ide.mcu.externaltools.gnu-tools-for-stm32.12.3.rel1.win32_1.0.100.202403111256/tools/bin/../lib/gcc/arm-none-eabi/12.3.1/../../../../arm-none-eabi/lib/thumb/v7e-m+dp/hard\libc_nano.a(libc_a-findfp.o)
                              C:/ST/STM32CubeIDE_1.15.1/STM32CubeIDE/plugins/com.st.stm32cube.ide.mcu.externaltools.gnu-tools-for-stm32.12.3.rel1.win32_1.0.100.202403111256/tools/bin/../lib/gcc/arm-none-eabi/12.3.1/../../../../arm-none-eabi/lib/thumb/v7e-m+dp/hard\libc_nano.a(libc_a-exit.o) (__stdio_exit_handler)
C:/ST/STM32CubeIDE_1.15.1/STM32CubeIDE/plugins/com.st.stm32cube.ide.mcu.externaltools.gnu-tools-for-stm32.12.3.rel1.win32_1.0.100.202403111256/tools/bin/../lib/gcc/arm-none-eabi/12.3.1/../../../../arm-none-eabi/lib/thumb/v7e-m+dp/hard\libc_nano.a(libc_a-fwalk.o)
                              C:/ST/STM32CubeIDE_1.15.1/STM32CubeIDE/plugins/com.st.stm32cube.ide.mcu.externaltools.gnu-tools-for-stm32.12.3.rel1.win32_1.0.100.202403111256/tools/bin/../lib/gcc/arm-none-eabi/12.3.1/../../../../arm-none-eabi/lib/thumb/v7e-m+dp/hard\libc_nano.a(libc_a-findfp.o) (_fwalk_sglue)
C:/ST/STM32CubeIDE_1.15.1/STM32CubeIDE/plugins/com.st.stm32cube.ide.mcu.externaltools.gnu-tools-for-stm32.12.3.rel1.win32_1.0.100.202403111256/tools/bin/../lib/gcc/arm-none-eabi/12.3.1/../../../../arm-none-eabi/lib/thumb/v7e-m+dp/hard\libc_nano.a(libc_a-printf.o)
                              ./Core/Src/rtc.o (printf)
C:/ST/STM32CubeIDE_1.15.1/STM32CubeIDE/plugins/com.st.stm32cube.ide.mcu.externaltools.gnu-tools-for-stm32.12.3.rel1.win32_1.0.100.202403111256/tools/bin/../lib/gcc/arm-none-eabi/12.3.1/../../../../arm-none-eabi/lib/thumb/v7e-m+dp/hard\libc_nano.a(libc_a-sprintf.o)
                              ./Common/Third party/FreeRTOS/tasks.o (sprintf)
C:/ST/STM32CubeIDE_1.15.1/STM32CubeIDE/plugins/com.st.stm32cube.ide.mcu.externaltools.gnu-tools-for-stm32.12.3.rel1.win32_1.0.100.202403111256/tools/bin/../lib/gcc/arm-none-eabi/12.3.1/../../../../arm-none-eabi/lib/thumb/v7e-m+dp/hard\libc_nano.a(libc_a-stdio.o)
                              C:/ST/STM32CubeIDE_1.15.1/STM32CubeIDE/plugins/com.st.stm32cube.ide.mcu.externaltools.gnu-tools-for-stm32.12.3.rel1.win32_1.0.100.202403111256/tools/bin/../lib/gcc/arm-none-eabi/12.3.1/../../../../arm-none-eabi/lib/thumb/v7e-m+dp/hard\libc_nano.a(libc_a-findfp.o) (__sread)
C:/ST/STM32CubeIDE_1.15.1/STM32CubeIDE/plugins/com.st.stm32cube.ide.mcu.externaltools.gnu-tools-for-stm32.12.3.rel1.win32_1.0.100.202403111256/tools/bin/../lib/gcc/arm-none-eabi/12.3.1/../../../../arm-none-eabi/lib/thumb/v7e-m+dp/hard\libc_nano.a(libc_a-memset.o)
                              C:/ST/STM32CubeIDE_1.15.1/STM32CubeIDE/plugins/com.st.stm32cube.ide.mcu.externaltools.gnu-tools-for-stm32.12.3.rel1.win32_1.0.100.202403111256/tools/bin/../lib/gcc/arm-none-eabi/12.3.1/../../../../arm-none-eabi/lib/thumb/v7e-m+dp/hard/crt0.o (memset)
C:/ST/STM32CubeIDE_1.15.1/STM32CubeIDE/plugins/com.st.stm32cube.ide.mcu.externaltools.gnu-tools-for-stm32.12.3.rel1.win32_1.0.100.202403111256/tools/bin/../lib/gcc/arm-none-eabi/12.3.1/../../../../arm-none-eabi/lib/thumb/v7e-m+dp/hard\libc_nano.a(libc_a-closer.o)
                              C:/ST/STM32CubeIDE_1.15.1/STM32CubeIDE/plugins/com.st.stm32cube.ide.mcu.externaltools.gnu-tools-for-stm32.12.3.rel1.win32_1.0.100.202403111256/tools/bin/../lib/gcc/arm-none-eabi/12.3.1/../../../../arm-none-eabi/lib/thumb/v7e-m+dp/hard\libc_nano.a(libc_a-stdio.o) (_close_r)
C:/ST/STM32CubeIDE_1.15.1/STM32CubeIDE/plugins/com.st.stm32cube.ide.mcu.externaltools.gnu-tools-for-stm32.12.3.rel1.win32_1.0.100.202403111256/tools/bin/../lib/gcc/arm-none-eabi/12.3.1/../../../../arm-none-eabi/lib/thumb/v7e-m+dp/hard\libc_nano.a(libc_a-reent.o)
                              C:/ST/STM32CubeIDE_1.15.1/STM32CubeIDE/plugins/com.st.stm32cube.ide.mcu.externaltools.gnu-tools-for-stm32.12.3.rel1.win32_1.0.100.202403111256/tools/bin/../lib/gcc/arm-none-eabi/12.3.1/../../../../arm-none-eabi/lib/thumb/v7e-m+dp/hard\libc_nano.a(libc_a-closer.o) (errno)
C:/ST/STM32CubeIDE_1.15.1/STM32CubeIDE/plugins/com.st.stm32cube.ide.mcu.externaltools.gnu-tools-for-stm32.12.3.rel1.win32_1.0.100.202403111256/tools/bin/../lib/gcc/arm-none-eabi/12.3.1/../../../../arm-none-eabi/lib/thumb/v7e-m+dp/hard\libc_nano.a(libc_a-impure.o)
[...]
Memory Configuration

Name             Origin             Length             Attributes
RAM              0x20000000         0x00080000         xrw
FLASH            0x08000000         0x00200000         xr
*default*        0x00000000         0xffffffff

Linker script and memory map

LOAD C:/ST/STM32CubeIDE_1.15.1/STM32CubeIDE/plugins/com.st.stm32cube.ide.mcu.externaltools.gnu-tools-for-stm32.12.3.rel1.win32_1.0.100.202403111256/tools/bin/../lib/gcc/arm-none-eabi/12.3.1/thumb/v7e-m+dp/hard/crti.o
LOAD C:/ST/STM32CubeIDE_1.15.1/STM32CubeIDE/plugins/com.st.stm32cube.ide.mcu.externaltools.gnu-tools-for-stm32.12.3.rel1.win32_1.0.100.202403111256/tools/bin/../lib/gcc/arm-none-eabi/12.3.1/thumb/v7e-m+dp/hard/crtbegin.o
LOAD C:/ST/STM32CubeIDE_1.15.1/STM32CubeIDE/plugins/com.st.stm32cube.ide.mcu.externaltools.gnu-tools-for-stm32.12.3.rel1.win32_1.0.100.202403111256/tools/bin/../lib/gcc/arm-none-eabi/12.3.1/../../../../arm-none-eabi/lib/thumb/v7e-m+dp/hard/crt0.o
LOAD ./Common/Third party/FreeRTOS/croutine.o
LOAD ./Common/Third party/FreeRTOS/event_groups.o
LOAD ./Common/Third party/FreeRTOS/list.o
LOAD ./Common/Third party/FreeRTOS/queue.o
LOAD ./Common/Third party/FreeRTOS/stream_buffer.o
LOAD ./Common/Third party/FreeRTOS/tasks.o
LOAD ./Common/Third party/FreeRTOS/timers.o
LOAD ./Common/Third party/FreeRTOS/portable/GCC/ARM_CM4F/port.o
LOAD ./Common/Third party/FreeRTOS/portable/MemMang/heap_4.o
LOAD ./Core/Src/led_effect.o
LOAD ./Core/Src/main.o
LOAD ./Core/Src/rtc.o
LOAD ./Core/Src/stm32f7xx_hal_msp.o
LOAD ./Core/Src/stm32f7xx_hal_timebase_tim.o
LOAD ./Core/Src/stm32f7xx_it.o
LOAD ./Core/Src/syscalls.o
LOAD ./Core/Src/sysmem.o
LOAD ./Core/Src/system_stm32f7xx.o
LOAD ./Core/Src/task_handler.o
LOAD ./Core/Startup/startup_stm32f767zitx.o
LOAD ./Drivers/STM32F7xx_HAL_Driver/Src/stm32f7xx_hal.o
LOAD ./Drivers/STM32F7xx_HAL_Driver/Src/stm32f7xx_hal_cortex.o
LOAD ./Drivers/STM32F7xx_HAL_Driver/Src/stm32f7xx_hal_dma.o
LOAD ./Drivers/STM32F7xx_HAL_Driver/Src/stm32f7xx_hal_dma_ex.o
LOAD ./Drivers/STM32F7xx_HAL_Driver/Src/stm32f7xx_hal_exti.o
LOAD ./Drivers/STM32F7xx_HAL_Driver/Src/stm32f7xx_hal_flash.o
LOAD ./Drivers/STM32F7xx_HAL_Driver/Src/stm32f7xx_hal_flash_ex.o
LOAD ./Drivers/STM32F7xx_HAL_Driver/Src/stm32f7xx_hal_gpio.o
LOAD ./Drivers/STM32F7xx_HAL_Driver/Src/stm32f7xx_hal_i2c.o
LOAD ./Drivers/STM32F7xx_HAL_Driver/Src/stm32f7xx_hal_i2c_ex.o
LOAD ./Drivers/STM32F7xx_HAL_Driver/Src/stm32f7xx_hal_pwr.o
LOAD ./Drivers/STM32F7xx_HAL_Driver/Src/stm32f7xx_hal_pwr_ex.o
LOAD ./Drivers/STM32F7xx_HAL_Driver/Src/stm32f7xx_hal_rcc.o
LOAD ./Drivers/STM32F7xx_HAL_Driver/Src/stm32f7xx_hal_rcc_ex.o
LOAD ./Drivers/STM32F7xx_HAL_Driver/Src/stm32f7xx_hal_rtc.o
LOAD ./Drivers/STM32F7xx_HAL_Driver/Src/stm32f7xx_hal_rtc_ex.o
LOAD ./Drivers/STM32F7xx_HAL_Driver/Src/stm32f7xx_hal_tim.o
LOAD ./Drivers/STM32F7xx_HAL_Driver/Src/stm32f7xx_hal_tim_ex.o
LOAD ./Drivers/STM32F7xx_HAL_Driver/Src/stm32f7xx_hal_uart.o
LOAD ./Drivers/STM32F7xx_HAL_Driver/Src/stm32f7xx_hal_uart_ex.o
START GROUP
LOAD C:/ST/STM32CubeIDE_1.15.1/STM32CubeIDE/plugins/com.st.stm32cube.ide.mcu.externaltools.gnu-tools-for-stm32.12.3.rel1.win32_1.0.100.202403111256/tools/bin/../lib/gcc/arm-none-eabi/12.3.1/../../../../arm-none-eabi/lib/thumb/v7e-m+dp/hard\libc_nano.a
LOAD C:/ST/STM32CubeIDE_1.15.1/STM32CubeIDE/plugins/com.st.stm32cube.ide.mcu.externaltools.gnu-tools-for-stm32.12.3.rel1.win32_1.0.100.202403111256/tools/bin/../lib/gcc/arm-none-eabi/12.3.1/../../../../arm-none-eabi/lib/thumb/v7e-m+dp/hard\libm.a
END GROUP
START GROUP
LOAD C:/ST/STM32CubeIDE_1.15.1/STM32CubeIDE/plugins/com.st.stm32cube.ide.mcu.externaltools.gnu-tools-for-stm32.12.3.rel1.win32_1.0.100.202403111256/tools/bin/../lib/gcc/arm-none-eabi/12.3.1/thumb/v7e-m+dp/hard\libgcc.a
LOAD C:/ST/STM32CubeIDE_1.15.1/STM32CubeIDE/plugins/com.st.stm32cube.ide.mcu.externaltools.gnu-tools-for-stm32.12.3.rel1.win32_1.0.100.202403111256/tools/bin/../lib/gcc/arm-none-eabi/12.3.1/../../../../arm-none-eabi/lib/thumb/v7e-m+dp/hard\libc_nano.a
END GROUP
START GROUP
LOAD C:/ST/STM32CubeIDE_1.15.1/STM32CubeIDE/plugins/com.st.stm32cube.ide.mcu.externaltools.gnu-tools-for-stm32.12.3.rel1.win32_1.0.100.202403111256/tools/bin/../lib/gcc/arm-none-eabi/12.3.1/thumb/v7e-m+dp/hard\libgcc.a
LOAD C:/ST/STM32CubeIDE_1.15.1/STM32CubeIDE/plugins/com.st.stm32cube.ide.mcu.externaltools.gnu-tools-for-stm32.12.3.rel1.win32_1.0.100.202403111256/tools/bin/../lib/gcc/arm-none-eabi/12.3.1/../../../../arm-none-eabi/lib/thumb/v7e-m+dp/hard\libc_nano.a
LOAD C:/ST/STM32CubeIDE_1.15.1/STM32CubeIDE/plugins/com.st.stm32cube.ide.mcu.externaltools.gnu-tools-for-stm32.12.3.rel1.win32_1.0.100.202403111256/tools/bin/../lib/gcc/arm-none-eabi/12.3.1/../../../../arm-none-eabi/lib/thumb/v7e-m+dp/hard\libnosys.a
END GROUP
START GROUP
LOAD C:/ST/STM32CubeIDE_1.15.1/STM32CubeIDE/plugins/com.st.stm32cube.ide.mcu.externaltools.gnu-tools-for-stm32.12.3.rel1.win32_1.0.100.202403111256/tools/bin/../lib/gcc/arm-none-eabi/12.3.1/thumb/v7e-m+dp/hard\libgcc.a
LOAD C:/ST/STM32CubeIDE_1.15.1/STM32CubeIDE/plugins/com.st.stm32cube.ide.mcu.externaltools.gnu-tools-for-stm32.12.3.rel1.win32_1.0.100.202403111256/tools/bin/../lib/gcc/arm-none-eabi/12.3.1/../../../../arm-none-eabi/lib/thumb/v7e-m+dp/hard\libc_nano.a
LOAD C:/ST/STM32CubeIDE_1.15.1/STM32CubeIDE/plugins/com.st.stm32cube.ide.mcu.externaltools.gnu-tools-for-stm32.12.3.rel1.win32_1.0.100.202403111256/tools/bin/../lib/gcc/arm-none-eabi/12.3.1/../../../../arm-none-eabi/lib/thumb/v7e-m+dp/hard\libnosys.a
END GROUP
LOAD C:/ST/STM32CubeIDE_1.15.1/STM32CubeIDE/plugins/com.st.stm32cube.ide.mcu.externaltools.gnu-tools-for-stm32.12.3.rel1.win32_1.0.100.202403111256/tools/bin/../lib/gcc/arm-none-eabi/12.3.1/thumb/v7e-m+dp/hard/crtend.o
LOAD C:/ST/STM32CubeIDE_1.15.1/STM32CubeIDE/plugins/com.st.stm32cube.ide.mcu.externaltools.gnu-tools-for-stm32.12.3.rel1.win32_1.0.100.202403111256/tools/bin/../lib/gcc/arm-none-eabi/12.3.1/thumb/v7e-m+dp/hard/crtn.o
                0x20080000                        _estack = (ORIGIN (RAM) + LENGTH (RAM))
                0x00001000                        _Min_Heap_Size = 0x1000
                0x00002000                        _Min_Stack_Size = 0x2000

.isr_vector     0x08000000      0x1f8
                0x08000000                        . = ALIGN (0x4)
 *(.isr_vector)
 .isr_vector    0x08000000      0x1f8 ./Core/Startup/startup_stm32f767zitx.o
                0x08000000                g_pfnVectors
                0x080001f8                        . = ALIGN (0x4)

.text           0x08000200     0x97a4
                0x08000200                        . = ALIGN (0x4)
 *(.text)
 .text          0x08000200       0x40 C:/ST/STM32CubeIDE_1.15.1/STM32CubeIDE/plugins/com.st.stm32cube.ide.mcu.externaltools.gnu-tools-for-stm32.12.3.rel1.win32_1.0.100.202403111256/tools/bin/../lib/gcc/arm-none-eabi/12.3.1/thumb/v7e-m+dp/hard/crtbegin.o
 .text          0x08000240       0x14 C:/ST/STM32CubeIDE_1.15.1/STM32CubeIDE/plugins/com.st.stm32cube.ide.mcu.externaltools.gnu-tools-for-stm32.12.3.rel1.win32_1.0.100.202403111256/tools/bin/../lib/gcc/arm-none-eabi/12.3.1/../../../../arm-none-eabi/lib/thumb/v7e-m+dp/hard\libc_nano.a(libc_a-strcmp.o)
                0x08000240                strcmp
 .text          0x08000254       0x10 C:/ST/STM32CubeIDE_1.15.1/STM32CubeIDE/plugins/com.st.stm32cube.ide.mcu.externaltools.gnu-tools-for-stm32.12.3.rel1.win32_1.0.100.202403111256/tools/bin/../lib/gcc/arm-none-eabi/12.3.1/../../../../arm-none-eabi/lib/thumb/v7e-m+dp/hard\libc_nano.a(libc_a-strlen.o)
                0x08000254                strlen
 *fill*         0x08000264        0xc 
 .text          0x08000270       0xa0 C:/ST/STM32CubeIDE_1.15.1/STM32CubeIDE/plugins/com.st.stm32cube.ide.mcu.externaltools.gnu-tools-for-stm32.12.3.rel1.win32_1.0.100.202403111256/tools/bin/../lib/gcc/arm-none-eabi/12.3.1/../../../../arm-none-eabi/lib/thumb/v7e-m+dp/hard\libc_nano.a(libc_a-memchr.o)
                0x08000270                memchr
 .text          0x08000310       0x30 C:/ST/STM32CubeIDE_1.15.1/STM32CubeIDE/plugins/com.st.stm32cube.ide.mcu.externaltools.gnu-tools-for-stm32.12.3.rel1.win32_1.0.100.202403111256/tools/bin/../lib/gcc/arm-none-eabi/12.3.1/thumb/v7e-m+dp/hard\libgcc.a(_aeabi_uldivmod.o)
                0x08000310                __aeabi_uldivmod
 .text          0x08000340      0x2bc C:/ST/STM32CubeIDE_1.15.1/STM32CubeIDE/plugins/com.st.stm32cube.ide.mcu.externaltools.gnu-tools-for-stm32.12.3.rel1.win32_1.0.100.202403111256/tools/bin/../lib/gcc/arm-none-eabi/12.3.1/thumb/v7e-m+dp/hard\libgcc.a(_udivmoddi4.o)
                0x08000340                __udivmoddi4
 .text          0x080005fc        0x4 C:/ST/STM32CubeIDE_1.15.1/STM32CubeIDE/plugins/com.st.stm32cube.ide.mcu.externaltools.gnu-tools-for-stm32.12.3.rel1.win32_1.0.100.202403111256/tools/bin/../lib/gcc/arm-none-eabi/12.3.1/thumb/v7e-m+dp/hard\libgcc.a(_dvmd_tls.o)
                0x080005fc                __aeabi_idiv0
                0x080005fc                __aeabi_ldiv0
 *(.text*)
 .text.vListInitialise
                0x08000600       0x40 ./Common/Third party/FreeRTOS/list.o
                0x08000600                vListInitialise
 .text.vListInitialiseItem
                0x08000640       0x1a ./Common/Third party/FreeRTOS/list.o
                0x08000640                vListInitialiseItem
 .text.vListInsertEnd
                0x0800065a       0x48 ./Common/Third party/FreeRTOS/list.o
                0x0800065a                vListInsertEnd
 .text.vListInsert
                0x080006a2       0x72 ./Common/Third party/FreeRTOS/list.o
                0x080006a2                vListInsert
 .text.uxListRemove
                0x08000714       0x54 ./Common/Third party/FreeRTOS/list.o
                0x08000714                uxListRemove
 .text.xQueueGenericReset
                0x08000768       0xc8 ./Common/Third party/FreeRTOS/queue.o
                0x08000768                xQueueGenericReset
 .text.xQueueGenericCreate
                0x08000830       0xa0 ./Common/Third party/FreeRTOS/queue.o
                0x08000830                xQueueGenericCreate
 .text.prvInitialiseNewQueue
                0x080008d0       0x46 ./Common/Third party/FreeRTOS/queue.o
 *fill*         0x08000916        0x2 
 .text.xQueueGenericSend
                0x08000918      0x1d0 ./Common/Third party/FreeRTOS/queue.o
                0x08000918                xQueueGenericSend
 .text.xQueueGenericSendFromISR
                0x08000ae8      0x128 ./Common/Third party/FreeRTOS/queue.o
                0x08000ae8                xQueueGenericSendFromISR
 .text.xQueueReceive
                0x08000c10      0x1a0 ./Common/Third party/FreeRTOS/queue.o
                0x08000c10                xQueueReceive
 .text.xQueueReceiveFromISR
                0x08000db0       0xfc ./Common/Third party/FreeRTOS/queue.o
                0x08000db0                xQueueReceiveFromISR
 .text.uxQueueMessagesWaiting
                0x08000eac       0x34 ./Common/Third party/FreeRTOS/queue.o
                0x08000eac                uxQueueMessagesWaiting
 .text.prvCopyDataToQueue
                0x08000ee0       0xd4 ./Common/Third party/FreeRTOS/queue.o
 .text.prvCopyDataFromQueue
                0x08000fb4       0x4c ./Common/Third party/FreeRTOS/queue.o
 .text.prvUnlockQueue
                0x08001000       0xa4 ./Common/Third party/FreeRTOS/queue.o
 .text.prvIsQueueEmpty
                0x080010a4       0x2c ./Common/Third party/FreeRTOS/queue.o
 .text.prvIsQueueFull
                0x080010d0       0x30 ./Common/Third party/FreeRTOS/queue.o
 .text.xQueueIsQueueFullFromISR
                0x08001100       0x40 ./Common/Third party/FreeRTOS/queue.o
                0x08001100                xQueueIsQueueFullFromISR
 .text.vQueueAddToRegistry
                0x08001140       0x54 ./Common/Third party/FreeRTOS/queue.o
                0x08001140                vQueueAddToRegistry
 .text.vQueueWaitForMessageRestricted
                0x08001194       0x68 ./Common/Third party/FreeRTOS/queue.o
                0x08001194                vQueueWaitForMessageRestricted
 .text.xTaskCreate
                0x080011fc       0x82 ./Common/Third party/FreeRTOS/tasks.o
                0x080011fc                xTaskCreate
 *fill*         0x0800127e        0x2 
 .text.prvInitialiseNewTask
                0x08001280      0x124 ./Common/Third party/FreeRTOS/tasks.o
 .text.prvAddNewTaskToReadyList
                0x080013a4       0xdc ./Common/Third party/FreeRTOS/tasks.o
 .text.vTaskStartScheduler
                0x08001480       0x9c ./Common/Third party/FreeRTOS/tasks.o
                0x08001480                vTaskStartScheduler
 .text.vTaskSuspendAll
                0x0800151c       0x1c ./Common/Third party/FreeRTOS/tasks.o
                0x0800151c                vTaskSuspendAll
 .text.xTaskResumeAll
                0x08001538      0x130 ./Common/Third party/FreeRTOS/tasks.o
                0x08001538                xTaskResumeAll
 .text.xTaskGetTickCount
                0x08001668       0x20 ./Common/Third party/FreeRTOS/tasks.o
                0x08001668                xTaskGetTickCount
 .text.xTaskIncrementTick
                0x08001688      0x168 ./Common/Third party/FreeRTOS/tasks.o
                0x08001688                xTaskIncrementTick
 .text.vTaskSwitchContext
                0x080017f0       0xac ./Common/Third party/FreeRTOS/tasks.o
                0x080017f0                vTaskSwitchContext
 .text.vTaskPlaceOnEventList
                0x0800189c       0x40 ./Common/Third party/FreeRTOS/tasks.o
                0x0800189c                vTaskPlaceOnEventList
 .text.vTaskPlaceOnEventListRestricted
                0x080018dc       0x50 ./Common/Third party/FreeRTOS/tasks.o
                0x080018dc                vTaskPlaceOnEventListRestricted
 .text.xTaskRemoveFromEventList
                0x0800192c       0xbc ./Common/Third party/FreeRTOS/tasks.o
                0x0800192c                xTaskRemoveFromEventList
 .text.vTaskInternalSetTimeOutState
                0x080019e8       0x2c ./Common/Third party/FreeRTOS/tasks.o
                0x080019e8                vTaskInternalSetTimeOutState
 .text.xTaskCheckForTimeOut
                0x08001a14       0xb8 ./Common/Third party/FreeRTOS/tasks.o
                0x08001a14                xTaskCheckForTimeOut
 .text.vTaskMissedYield
                0x08001acc       0x18 ./Common/Third party/FreeRTOS/tasks.o
                0x08001acc                vTaskMissedYield
 .text.prvIdleTask
                0x08001ae4       0x34 ./Common/Third party/FreeRTOS/tasks.o
 .text.prvInitialiseTaskLists
                0x08001b18       0x80 ./Common/Third party/FreeRTOS/tasks.o
 .text.prvCheckTasksWaitingTermination
                0x08001b98       0x5c ./Common/Third party/FreeRTOS/tasks.o
 .text.prvDeleteTCB
                0x08001bf4       0x20 ./Common/Third party/FreeRTOS/tasks.o
 .text.prvResetNextTaskUnblockTime
                0x08001c14       0x38 ./Common/Third party/FreeRTOS/tasks.o
 .text.xTaskGetSchedulerState
                0x08001c4c       0x3c ./Common/Third party/FreeRTOS/tasks.o
                0x08001c4c                xTaskGetSchedulerState
 .text.xTaskPriorityDisinherit
                0x08001c88       0xe0 ./Common/Third party/FreeRTOS/tasks.o
                0x08001c88                xTaskPriorityDisinherit
 .text.xTaskGenericNotifyWait
                0x08001d68       0xf8 ./Common/Third party/FreeRTOS/tasks.o
                0x08001d68                xTaskGenericNotifyWait
 .text.xTaskGenericNotify
                0x08001e60      0x194 ./Common/Third party/FreeRTOS/tasks.o
                0x08001e60                xTaskGenericNotify
 .text.xTaskGenericNotifyFromISR
                0x08001ff4      0x1dc ./Common/Third party/FreeRTOS/tasks.o
                0x08001ff4                xTaskGenericNotifyFromISR
 .text.prvAddCurrentTaskToDelayedList
                0x080021d0       0xcc ./Common/Third party/FreeRTOS/tasks.o
 .text.xTimerCreateTimerTask
                0x0800229c       0x5c ./Common/Third party/FreeRTOS/timers.o
                0x0800229c                xTimerCreateTimerTask
 .text.xTimerCreate
                0x080022f8       0x42 ./Common/Third party/FreeRTOS/timers.o
                0x080022f8                xTimerCreate
 *fill*         0x0800233a        0x2 
 .text.prvInitialiseNewTimer
                0x0800233c       0x70 ./Common/Third party/FreeRTOS/timers.o
 .text.xTimerGenericCommand
                0x080023ac       0x94 ./Common/Third party/FreeRTOS/timers.o
                0x080023ac                xTimerGenericCommand
 .text.prvProcessExpiredTimer
                0x08002440       0x94 ./Common/Third party/FreeRTOS/timers.o
 .text.prvTimerTask
                0x080024d4       0x26 ./Common/Third party/FreeRTOS/timers.o
 *fill*         0x080024fa        0x2 
 .text.prvProcessTimerOrBlockTask
                0x080024fc       0x9c ./Common/Third party/FreeRTOS/timers.o
 .text.prvGetNextExpireTime
                0x08002598       0x48 ./Common/Third party/FreeRTOS/timers.o
 .text.prvSampleTimeNow
                0x080025e0       0x40 ./Common/Third party/FreeRTOS/timers.o
 .text.prvInsertTimerInActiveList
                0x08002620       0x84 ./Common/Third party/FreeRTOS/timers.o
 .text.prvProcessReceivedCommands
                0x080026a4      0x1ac ./Common/Third party/FreeRTOS/timers.o
 .text.prvSwitchTimerLists
                0x08002850       0xc0 ./Common/Third party/FreeRTOS/timers.o
 .text.prvCheckForValidListAndQueue
                0x08002910       0x6c ./Common/Third party/FreeRTOS/timers.o
 .text.xTimerIsTimerActive
                0x0800297c       0x4c ./Common/Third party/FreeRTOS/timers.o
                0x0800297c                xTimerIsTimerActive
 .text.pvTimerGetTimerID
                0x080029c8       0x38 ./Common/Third party/FreeRTOS/timers.o
                0x080029c8                pvTimerGetTimerID
 .text.pxPortInitialiseStack
                0x08002a00       0x68 ./Common/Third party/FreeRTOS/portable/GCC/ARM_CM4F/port.o
                0x08002a00                pxPortInitialiseStack
 .text.prvTaskExitError
                0x08002a68       0x4c ./Common/Third party/FreeRTOS/portable/GCC/ARM_CM4F/port.o
 *fill*         0x08002ab4        0xc 
 .text.SVC_Handler
                0x08002ac0       0x28 ./Common/Third party/FreeRTOS/portable/GCC/ARM_CM4F/port.o
                0x08002ac0                SVC_Handler
 .text.prvPortStartFirstTask
                0x08002ae8       0x2c ./Common/Third party/FreeRTOS/portable/GCC/ARM_CM4F/port.o
 .text.xPortStartScheduler
                0x08002b14      0x138 ./Common/Third party/FreeRTOS/portable/GCC/ARM_CM4F/port.o
                0x08002b14                xPortStartScheduler
 .text.vInitPrioGroupValue
                0x08002c4c       0xec ./Common/Third party/FreeRTOS/portable/GCC/ARM_CM4F/port.o
                0x08002c4c                vInitPrioGroupValue
 .text.vPortEnterCritical
                0x08002d38       0x54 ./Common/Third party/FreeRTOS/portable/GCC/ARM_CM4F/port.o
                0x08002d38                vPortEnterCritical
 .text.vPortExitCritical
                0x08002d8c       0x48 ./Common/Third party/FreeRTOS/portable/GCC/ARM_CM4F/port.o
                0x08002d8c                vPortExitCritical
 *fill*         0x08002dd4        0xc 
 .text.PendSV_Handler
                0x08002de0       0x68 ./Common/Third party/FreeRTOS/portable/GCC/ARM_CM4F/port.o
                0x08002de0                PendSV_Handler
 .text.SysTick_Handler
                0x08002e48       0x44 ./Common/Third party/FreeRTOS/portable/GCC/ARM_CM4F/port.o
                0x08002e48                SysTick_Handler
 .text.vPortSetupTimerInterrupt
                0x08002e8c       0x48 ./Common/Third party/FreeRTOS/portable/GCC/ARM_CM4F/port.o
                0x08002e8c                vPortSetupTimerInterrupt
 .text.vPortEnableVFP
                0x08002ed4       0x18 ./Common/Third party/FreeRTOS/portable/GCC/ARM_CM4F/port.o
 .text.vPortValidateInterruptPriority
                0x08002eec       0x68 ./Common/Third party/FreeRTOS/portable/GCC/ARM_CM4F/port.o
                0x08002eec                vPortValidateInterruptPriority
 .text.pvPortMalloc
                0x08002f54      0x19c ./Common/Third party/FreeRTOS/portable/MemMang/heap_4.o
                0x08002f54                pvPortMalloc
 .text.vPortFree
                0x080030f0       0xb0 ./Common/Third party/FreeRTOS/portable/MemMang/heap_4.o
                0x080030f0                vPortFree
 .text.prvHeapInit
                0x080031a0       0xc4 ./Common/Third party/FreeRTOS/portable/MemMang/heap_4.o
 .text.prvInsertBlockIntoFreeList
                0x08003264       0xb4 ./Common/Third party/FreeRTOS/portable/MemMang/heap_4.o
 .text.led_effect_stop
                0x08003318       0x60 ./Core/Src/led_effect.o
                0x08003318                led_effect_stop
 .text.led_effect
                0x08003378       0x3c ./Core/Src/led_effect.o
                0x08003378                led_effect
 .text.turn_on_all_leds
                0x080033b4       0x2c ./Core/Src/led_effect.o
                0x080033b4                turn_on_all_leds
 .text.turn_off_all_leds
                0x080033e0       0x2c ./Core/Src/led_effect.o
                0x080033e0                turn_off_all_leds
 .text.turn_on_odd_leds
                0x0800340c       0x2c ./Core/Src/led_effect.o
                0x0800340c                turn_on_odd_leds
 .text.turn_on_even_leds
                0x08003438       0x2c ./Core/Src/led_effect.o
                0x08003438                turn_on_even_leds
 .text.LED_control
                0x08003464       0x50 ./Core/Src/led_effect.o
                0x08003464                LED_control
 .text.LED_effect1
                0x080034b4       0x2c ./Core/Src/led_effect.o
                0x080034b4                LED_effect1
 .text.LED_effect2
                0x080034e0       0x2c ./Core/Src/led_effect.o
                0x080034e0                LED_effect2
 .text.LED_effect3
                0x0800350c       0x44 ./Core/Src/led_effect.o
                0x0800350c                LED_effect3
 .text.LED_effect4
                0x08003550       0x34 ./Core/Src/led_effect.o
                0x08003550                LED_effect4
 .text.main     0x08003584      0x1f8 ./Core/Src/main.o
                0x08003584                main
 .text.SystemClock_Config
                0x0800377c       0xd8 ./Core/Src/main.o
                0x0800377c                SystemClock_Config
 .text.MX_RTC_Init
                0x08003854       0x4c ./Core/Src/main.o
 .text.MX_USART2_UART_Init
                0x080038a0       0x60 ./Core/Src/main.o
 .text.MX_GPIO_Init
                0x08003900      0x22c ./Core/Src/main.o
 .text.rtc_report_callback
                0x08003b2c       0x14 ./Core/Src/main.o
                0x08003b2c                rtc_report_callback
 .text.led_effect_callback
                0x08003b40       0x50 ./Core/Src/main.o
                0x08003b40                led_effect_callback
 .text.vApplicationIdleHook
                0x08003b90       0x10 ./Core/Src/main.o
                0x08003b90                vApplicationIdleHook
 .text.vAssertCalled
                0x08003ba0       0x22 ./Core/Src/main.o
                0x08003ba0                vAssertCalled
 *fill*         0x08003bc2        0x2 
 .text.HAL_UART_RxCpltCallback
                0x08003bc4       0x94 ./Core/Src/main.o
                0x08003bc4                HAL_UART_RxCpltCallback
 .text.HAL_TIM_PeriodElapsedCallback
                0x08003c58       0x24 ./Core/Src/main.o
                0x08003c58                HAL_TIM_PeriodElapsedCallback
 .text.Error_Handler
                0x08003c7c        0xc ./Core/Src/main.o
                0x08003c7c                Error_Handler
 .text.show_time_date_itm
                0x08003c88       0x90 ./Core/Src/rtc.o
                0x08003c88                show_time_date_itm
 .text.show_time_date
                0x08003d18       0xd8 ./Core/Src/rtc.o
                0x08003d18                show_time_date
 .text.rtc_configure_time
                0x08003df0       0x30 ./Core/Src/rtc.o
                0x08003df0                rtc_configure_time
 .text.rtc_configure_date
                0x08003e20       0x20 ./Core/Src/rtc.o
                0x08003e20                rtc_configure_date
 .text.validate_rtc_information
                0x08003e40       0x64 ./Core/Src/rtc.o
                0x08003e40                validate_rtc_information
 .text.HAL_MspInit
                0x08003ea4       0x48 ./Core/Src/stm32f7xx_hal_msp.o
                0x08003ea4                HAL_MspInit
 .text.HAL_RTC_MspInit
                0x08003eec       0x5c ./Core/Src/stm32f7xx_hal_msp.o
                0x08003eec                HAL_RTC_MspInit
 .text.HAL_UART_MspInit
                0x08003f48       0xcc ./Core/Src/stm32f7xx_hal_msp.o
                0x08003f48                HAL_UART_MspInit
 .text.HAL_InitTick
                0x08004014       0xf4 ./Core/Src/stm32f7xx_hal_timebase_tim.o
                0x08004014                HAL_InitTick
 .text.NMI_Handler
                0x08004108        0x8 ./Core/Src/stm32f7xx_it.o
                0x08004108                NMI_Handler
 .text.HardFault_Handler
                0x08004110        0x8 ./Core/Src/stm32f7xx_it.o
                0x08004110                HardFault_Handler
 .text.MemManage_Handler
                0x08004118        0x8 ./Core/Src/stm32f7xx_it.o
                0x08004118                MemManage_Handler
 .text.BusFault_Handler
                0x08004120        0x8 ./Core/Src/stm32f7xx_it.o
                0x08004120                BusFault_Handler
 .text.UsageFault_Handler
                0x08004128        0x8 ./Core/Src/stm32f7xx_it.o
                0x08004128                UsageFault_Handler
 .text.DebugMon_Handler
                0x08004130        0xe ./Core/Src/stm32f7xx_it.o
                0x08004130                DebugMon_Handler
 *fill*         0x0800413e        0x2 
 .text.USART2_IRQHandler
                0x08004140       0x14 ./Core/Src/stm32f7xx_it.o
                0x08004140                USART2_IRQHandler
 .text.TIM6_DAC_IRQHandler
                0x08004154       0x14 ./Core/Src/stm32f7xx_it.o
                0x08004154                TIM6_DAC_IRQHandler
 .text.ITM_SendChar
                0x08004168       0x50 ./Core/Src/syscalls.o
                0x08004168                ITM_SendChar
 .text._read    0x080041b8       0x3a ./Core/Src/syscalls.o
                0x080041b8                _read
 .text._write   0x080041f2       0x38 ./Core/Src/syscalls.o
                0x080041f2                _write
 .text._close   0x0800422a       0x18 ./Core/Src/syscalls.o
                0x0800422a                _close
 .text._fstat   0x08004242       0x20 ./Core/Src/syscalls.o
                0x08004242                _fstat
 .text._isatty  0x08004262       0x16 ./Core/Src/syscalls.o
                0x08004262                _isatty
 .text._lseek   0x08004278       0x1a ./Core/Src/syscalls.o
                0x08004278                _lseek
 *fill*         0x08004292        0x2 
 .text._sbrk    0x08004294       0x6c ./Core/Src/sysmem.o
                0x08004294                _sbrk
 .text.SystemInit
                0x08004300       0x24 ./Core/Src/system_stm32f7xx.o
                0x08004300                SystemInit
 .text.menu_task
                0x08004324       0xe0 ./Core/Src/task_handler.o
                0x08004324                menu_task
 .text.led_task
                0x08004404      0x12c ./Core/Src/task_handler.o
                0x08004404                led_task
 .text.print_task
                0x08004530       0x40 ./Core/Src/task_handler.o
                0x08004530                print_task
 .text.getnumber
                0x08004570       0x48 ./Core/Src/task_handler.o
                0x08004570                getnumber
 .text.rtc_task
                0x080045b8      0x474 ./Core/Src/task_handler.o
                0x080045b8                rtc_task
 .text.cmd_handler_task
                0x08004a2c       0x2e ./Core/Src/task_handler.o
                0x08004a2c                cmd_handler_task
 *fill*         0x08004a5a        0x2 
 .text.process_command
                0x08004a5c       0x78 ./Core/Src/task_handler.o
                0x08004a5c                process_command
 .text.extract_command
                0x08004ad4       0x74 ./Core/Src/task_handler.o
                0x08004ad4                extract_command
 .text.Reset_Handler
                0x08004b48       0x50 ./Core/Startup/startup_stm32f767zitx.o
                0x08004b48                Reset_Handler
 .text.Default_Handler
                0x08004b98        0x2 ./Core/Startup/startup_stm32f767zitx.o
                0x08004b98                RTC_Alarm_IRQHandler
                0x08004b98                EXTI2_IRQHandler
                0x08004b98                TIM8_CC_IRQHandler
                0x08004b98                UART8_IRQHandler
                0x08004b98                SPI4_IRQHandler
                0x08004b98                TIM1_CC_IRQHandler
                0x08004b98                DMA2_Stream5_IRQHandler
                0x08004b98                JPEG_IRQHandler
                0x08004b98                DMA1_Stream5_IRQHandler
                0x08004b98                CAN3_RX1_IRQHandler
                0x08004b98                PVD_IRQHandler
                0x08004b98                TAMP_STAMP_IRQHandler
                0x08004b98                CAN2_RX1_IRQHandler
                0x08004b98                EXTI3_IRQHandler
                0x08004b98                TIM8_TRG_COM_TIM14_IRQHandler
                0x08004b98                DFSDM1_FLT1_IRQHandler
                0x08004b98                TIM1_UP_TIM10_IRQHandler
                0x08004b98                TIM8_UP_TIM13_IRQHandler
                0x08004b98                I2C3_ER_IRQHandler
                0x08004b98                DFSDM1_FLT2_IRQHandler
                0x08004b98                EXTI0_IRQHandler
                0x08004b98                I2C2_EV_IRQHandler
                0x08004b98                DMA1_Stream2_IRQHandler
                0x08004b98                CAN1_RX0_IRQHandler
                0x08004b98                FPU_IRQHandler
                0x08004b98                OTG_HS_WKUP_IRQHandler
                0x08004b98                CAN3_SCE_IRQHandler
                0x08004b98                LTDC_ER_IRQHandler
                0x08004b98                CAN2_SCE_IRQHandler
                0x08004b98                DMA2_Stream2_IRQHandler
                0x08004b98                SPI1_IRQHandler
                0x08004b98                TIM1_BRK_TIM9_IRQHandler
                0x08004b98                DCMI_IRQHandler
                0x08004b98                CAN2_RX0_IRQHandler
                0x08004b98                DMA2_Stream3_IRQHandler
                0x08004b98                SAI2_IRQHandler
                0x08004b98                DFSDM1_FLT3_IRQHandler
                0x08004b98                USART6_IRQHandler
                0x08004b98                CAN3_RX0_IRQHandler
                0x08004b98                USART3_IRQHandler
                0x08004b98                CAN1_RX1_IRQHandler
                0x08004b98                UART5_IRQHandler
                0x08004b98                DMA2_Stream0_IRQHandler
                0x08004b98                TIM4_IRQHandler
                0x08004b98                QUADSPI_IRQHandler
                0x08004b98                I2C1_EV_IRQHandler
                0x08004b98                DMA1_Stream6_IRQHandler
                0x08004b98                DMA1_Stream1_IRQHandler
                0x08004b98                UART4_IRQHandler
                0x08004b98                TIM3_IRQHandler
                0x08004b98                RCC_IRQHandler
                0x08004b98                TIM8_BRK_TIM12_IRQHandler
                0x08004b98                Default_Handler
                0x08004b98                CEC_IRQHandler
                0x08004b98                EXTI15_10_IRQHandler
                0x08004b98                ADC_IRQHandler
                0x08004b98                DMA1_Stream7_IRQHandler
                0x08004b98                SPI5_IRQHandler
                0x08004b98                TIM7_IRQHandler
                0x08004b98                SDMMC1_IRQHandler
                0x08004b98                CAN2_TX_IRQHandler
                0x08004b98                TIM5_IRQHandler
                0x08004b98                DMA2_Stream7_IRQHandler
                0x08004b98                I2C3_EV_IRQHandler
                0x08004b98                EXTI9_5_IRQHandler
                0x08004b98                RTC_WKUP_IRQHandler
                0x08004b98                LTDC_IRQHandler
                0x08004b98                ETH_WKUP_IRQHandler
                0x08004b98                SPDIF_RX_IRQHandler
                0x08004b98                SPI2_IRQHandler
                0x08004b98                OTG_HS_EP1_IN_IRQHandler
                0x08004b98                DMA1_Stream0_IRQHandler
                0x08004b98                CAN1_TX_IRQHandler
                0x08004b98                EXTI4_IRQHandler
                0x08004b98                RNG_IRQHandler
                0x08004b98                ETH_IRQHandler
                0x08004b98                OTG_HS_EP1_OUT_IRQHandler
                0x08004b98                WWDG_IRQHandler
                0x08004b98                SPI6_IRQHandler
                0x08004b98                MDIOS_IRQHandler
                0x08004b98                I2C4_EV_IRQHandler
                0x08004b98                CAN3_TX_IRQHandler
                0x08004b98                TIM2_IRQHandler
                0x08004b98                OTG_FS_WKUP_IRQHandler
                0x08004b98                TIM1_TRG_COM_TIM11_IRQHandler
                0x08004b98                OTG_HS_IRQHandler
                0x08004b98                DMA2D_IRQHandler
                0x08004b98                EXTI1_IRQHandler
                0x08004b98                SDMMC2_IRQHandler
                0x08004b98                UART7_IRQHandler
                0x08004b98                DFSDM1_FLT0_IRQHandler
                0x08004b98                I2C2_ER_IRQHandler
                0x08004b98                DMA2_Stream1_IRQHandler
                0x08004b98                CAN1_SCE_IRQHandler
                0x08004b98                FLASH_IRQHandler
                0x08004b98                DMA2_Stream4_IRQHandler
                0x08004b98                USART1_IRQHandler
                0x08004b98                OTG_FS_IRQHandler
                0x08004b98                SPI3_IRQHandler
                0x08004b98                DMA1_Stream4_IRQHandler
                0x08004b98                I2C1_ER_IRQHandler
                0x08004b98                FMC_IRQHandler
                0x08004b98                LPTIM1_IRQHandler
                0x08004b98                I2C4_ER_IRQHandler
                0x08004b98                DMA2_Stream6_IRQHandler
                0x08004b98                SAI1_IRQHandler
                0x08004b98                DMA1_Stream3_IRQHandler
 .text.HAL_Init
                0x08004b9a       0x1a ./Drivers/STM32F7xx_HAL_Driver/Src/stm32f7xx_hal.o
                0x08004b9a                HAL_Init
 .text.HAL_IncTick
                0x08004bb4       0x28 ./Drivers/STM32F7xx_HAL_Driver/Src/stm32f7xx_hal.o
                0x08004bb4                HAL_IncTick
 .text.HAL_GetTick
                0x08004bdc       0x18 ./Drivers/STM32F7xx_HAL_Driver/Src/stm32f7xx_hal.o
                0x08004bdc                HAL_GetTick
 .text.__NVIC_SetPriorityGrouping
                0x08004bf4       0x48 ./Drivers/STM32F7xx_HAL_Driver/Src/stm32f7xx_hal_cortex.o
 .text.__NVIC_GetPriorityGrouping
                0x08004c3c       0x1c ./Drivers/STM32F7xx_HAL_Driver/Src/stm32f7xx_hal_cortex.o
 .text.__NVIC_EnableIRQ
                0x08004c58       0x3c ./Drivers/STM32F7xx_HAL_Driver/Src/stm32f7xx_hal_cortex.o
 .text.__NVIC_SetPriority
                0x08004c94       0x54 ./Drivers/STM32F7xx_HAL_Driver/Src/stm32f7xx_hal_cortex.o
 .text.NVIC_EncodePriority
                0x08004ce8       0x66 ./Drivers/STM32F7xx_HAL_Driver/Src/stm32f7xx_hal_cortex.o
 .text.HAL_NVIC_SetPriorityGrouping
                0x08004d4e       0x16 ./Drivers/STM32F7xx_HAL_Driver/Src/stm32f7xx_hal_cortex.o
                0x08004d4e                HAL_NVIC_SetPriorityGrouping
 .text.HAL_NVIC_SetPriority
                0x08004d64       0x38 ./Drivers/STM32F7xx_HAL_Driver/Src/stm32f7xx_hal_cortex.o
                0x08004d64                HAL_NVIC_SetPriority
 .text.HAL_NVIC_EnableIRQ
                0x08004d9c       0x1c ./Drivers/STM32F7xx_HAL_Driver/Src/stm32f7xx_hal_cortex.o
                0x08004d9c                HAL_NVIC_EnableIRQ
 .text.HAL_DMA_Abort
                0x08004db8       0xe0 ./Drivers/STM32F7xx_HAL_Driver/Src/stm32f7xx_hal_dma.o
                0x08004db8                HAL_DMA_Abort
 .text.HAL_DMA_Abort_IT
                0x08004e98       0x44 ./Drivers/STM32F7xx_HAL_Driver/Src/stm32f7xx_hal_dma.o
                0x08004e98                HAL_DMA_Abort_IT
 .text.HAL_GPIO_Init
                0x08004edc      0x358 ./Drivers/STM32F7xx_HAL_Driver/Src/stm32f7xx_hal_gpio.o
                0x08004edc                HAL_GPIO_Init
 .text.HAL_GPIO_WritePin
                0x08005234       0x32 ./Drivers/STM32F7xx_HAL_Driver/Src/stm32f7xx_hal_gpio.o
                0x08005234                HAL_GPIO_WritePin
 *fill*         0x08005266        0x2 
 .text.HAL_PWR_EnterSLEEPMode
                0x08005268       0x44 ./Drivers/STM32F7xx_HAL_Driver/Src/stm32f7xx_hal_pwr.o
                0x08005268                HAL_PWR_EnterSLEEPMode
 .text.HAL_RCC_OscConfig
                0x080052ac      0x55c ./Drivers/STM32F7xx_HAL_Driver/Src/stm32f7xx_hal_rcc.o
                0x080052ac                HAL_RCC_OscConfig
 .text.HAL_RCC_ClockConfig
                0x08005808      0x1d8 ./Drivers/STM32F7xx_HAL_Driver/Src/stm32f7xx_hal_rcc.o
                0x08005808                HAL_RCC_ClockConfig
 .text.HAL_RCC_GetSysClockFreq
                0x080059e0      0x208 ./Drivers/STM32F7xx_HAL_Driver/Src/stm32f7xx_hal_rcc.o
                0x080059e0                HAL_RCC_GetSysClockFreq
 .text.HAL_RCC_GetHCLKFreq
                0x08005be8       0x18 ./Drivers/STM32F7xx_HAL_Driver/Src/stm32f7xx_hal_rcc.o
                0x08005be8                HAL_RCC_GetHCLKFreq
 .text.HAL_RCC_GetPCLK1Freq
                0x08005c00       0x28 ./Drivers/STM32F7xx_HAL_Driver/Src/stm32f7xx_hal_rcc.o
                0x08005c00                HAL_RCC_GetPCLK1Freq
 .text.HAL_RCC_GetPCLK2Freq
                0x08005c28       0x28 ./Drivers/STM32F7xx_HAL_Driver/Src/stm32f7xx_hal_rcc.o
                0x08005c28                HAL_RCC_GetPCLK2Freq
 .text.HAL_RCC_GetClockConfig
                0x08005c50       0x64 ./Drivers/STM32F7xx_HAL_Driver/Src/stm32f7xx_hal_rcc.o
                0x08005c50                HAL_RCC_GetClockConfig
 .text.HAL_RCCEx_PeriphCLKConfig
                0x08005cb4      0x850 ./Drivers/STM32F7xx_HAL_Driver/Src/stm32f7xx_hal_rcc_ex.o
                0x08005cb4                HAL_RCCEx_PeriphCLKConfig
 .text.HAL_RTC_Init
                0x08006504      0x108 ./Drivers/STM32F7xx_HAL_Driver/Src/stm32f7xx_hal_rtc.o
                0x08006504                HAL_RTC_Init
 .text.HAL_RTC_SetTime
                0x0800660c      0x134 ./Drivers/STM32F7xx_HAL_Driver/Src/stm32f7xx_hal_rtc.o
                0x0800660c                HAL_RTC_SetTime
 .text.HAL_RTC_GetTime
                0x08006740       0xbc ./Drivers/STM32F7xx_HAL_Driver/Src/stm32f7xx_hal_rtc.o
                0x08006740                HAL_RTC_GetTime
 .text.HAL_RTC_SetDate
                0x080067fc      0x108 ./Drivers/STM32F7xx_HAL_Driver/Src/stm32f7xx_hal_rtc.o
                0x080067fc                HAL_RTC_SetDate
 .text.HAL_RTC_GetDate
                0x08006904       0xa0 ./Drivers/STM32F7xx_HAL_Driver/Src/stm32f7xx_hal_rtc.o
                0x08006904                HAL_RTC_GetDate
 .text.HAL_RTC_WaitForSynchro
                0x080069a4       0x4c ./Drivers/STM32F7xx_HAL_Driver/Src/stm32f7xx_hal_rtc.o
                0x080069a4                HAL_RTC_WaitForSynchro
 .text.RTC_EnterInitMode
                0x080069f0       0x6e ./Drivers/STM32F7xx_HAL_Driver/Src/stm32f7xx_hal_rtc.o
                0x080069f0                RTC_EnterInitMode
 .text.RTC_ExitInitMode
                0x08006a5e       0x4a ./Drivers/STM32F7xx_HAL_Driver/Src/stm32f7xx_hal_rtc.o
                0x08006a5e                RTC_ExitInitMode
 .text.RTC_ByteToBcd2
                0x08006aa8       0x3c ./Drivers/STM32F7xx_HAL_Driver/Src/stm32f7xx_hal_rtc.o
                0x08006aa8                RTC_ByteToBcd2
 .text.RTC_Bcd2ToByte
                0x08006ae4       0x3c ./Drivers/STM32F7xx_HAL_Driver/Src/stm32f7xx_hal_rtc.o
                0x08006ae4                RTC_Bcd2ToByte
 .text.HAL_TIM_Base_Init
                0x08006b20       0xae ./Drivers/STM32F7xx_HAL_Driver/Src/stm32f7xx_hal_tim.o
                0x08006b20                HAL_TIM_Base_Init
 .text.HAL_TIM_Base_MspInit
                0x08006bce       0x14 ./Drivers/STM32F7xx_HAL_Driver/Src/stm32f7xx_hal_tim.o
                0x08006bce                HAL_TIM_Base_MspInit
 *fill*         0x08006be2        0x2 
 .text.HAL_TIM_Base_Start_IT
                0x08006be4       0xf0 ./Drivers/STM32F7xx_HAL_Driver/Src/stm32f7xx_hal_tim.o
                0x08006be4                HAL_TIM_Base_Start_IT
 .text.HAL_TIM_IRQHandler
                0x08006cd4      0x20e ./Drivers/STM32F7xx_HAL_Driver/Src/stm32f7xx_hal_tim.o
                0x08006cd4                HAL_TIM_IRQHandler
 .text.HAL_TIM_OC_DelayElapsedCallback
                0x08006ee2       0x14 ./Drivers/STM32F7xx_HAL_Driver/Src/stm32f7xx_hal_tim.o
                0x08006ee2                HAL_TIM_OC_DelayElapsedCallback
 .text.HAL_TIM_IC_CaptureCallback
                0x08006ef6       0x14 ./Drivers/STM32F7xx_HAL_Driver/Src/stm32f7xx_hal_tim.o
                0x08006ef6                HAL_TIM_IC_CaptureCallback
 .text.HAL_TIM_PWM_PulseFinishedCallback
                0x08006f0a       0x14 ./Drivers/STM32F7xx_HAL_Driver/Src/stm32f7xx_hal_tim.o
                0x08006f0a                HAL_TIM_PWM_PulseFinishedCallback
 .text.HAL_TIM_TriggerCallback
                0x08006f1e       0x14 ./Drivers/STM32F7xx_HAL_Driver/Src/stm32f7xx_hal_tim.o
                0x08006f1e                HAL_TIM_TriggerCallback
 *fill*         0x08006f32        0x2 
 .text.TIM_Base_SetConfig
                0x08006f34      0x158 ./Drivers/STM32F7xx_HAL_Driver/Src/stm32f7xx_hal_tim.o
                0x08006f34                TIM_Base_SetConfig
 .text.HAL_TIMEx_CommutCallback
                0x0800708c       0x14 ./Drivers/STM32F7xx_HAL_Driver/Src/stm32f7xx_hal_tim_ex.o
                0x0800708c                HAL_TIMEx_CommutCallback
 .text.HAL_TIMEx_BreakCallback
                0x080070a0       0x14 ./Drivers/STM32F7xx_HAL_Driver/Src/stm32f7xx_hal_tim_ex.o
                0x080070a0                HAL_TIMEx_BreakCallback
 .text.HAL_TIMEx_Break2Callback
                0x080070b4       0x14 ./Drivers/STM32F7xx_HAL_Driver/Src/stm32f7xx_hal_tim_ex.o
                0x080070b4                HAL_TIMEx_Break2Callback
 .text.HAL_UART_Init
                0x080070c8       0x9c ./Drivers/STM32F7xx_HAL_Driver/Src/stm32f7xx_hal_uart.o
                0x080070c8                HAL_UART_Init
 .text.HAL_UART_Transmit
                0x08007164      0x112 ./Drivers/STM32F7xx_HAL_Driver/Src/stm32f7xx_hal_uart.o
                0x08007164                HAL_UART_Transmit
 .text.HAL_UART_Receive_IT
                0x08007276       0x88 ./Drivers/STM32F7xx_HAL_Driver/Src/stm32f7xx_hal_uart.o
                0x08007276                HAL_UART_Receive_IT
 *fill*         0x080072fe        0x2 
 .text.HAL_UART_IRQHandler
                0x08007300      0x5d0 ./Drivers/STM32F7xx_HAL_Driver/Src/stm32f7xx_hal_uart.o
                0x08007300                HAL_UART_IRQHandler
 .text.HAL_UART_TxCpltCallback
                0x080078d0       0x14 ./Drivers/STM32F7xx_HAL_Driver/Src/stm32f7xx_hal_uart.o
                0x080078d0                HAL_UART_TxCpltCallback
 .text.HAL_UART_ErrorCallback
                0x080078e4       0x14 ./Drivers/STM32F7xx_HAL_Driver/Src/stm32f7xx_hal_uart.o
                0x080078e4                HAL_UART_ErrorCallback
 .text.HAL_UARTEx_RxEventCallback
                0x080078f8       0x18 ./Drivers/STM32F7xx_HAL_Driver/Src/stm32f7xx_hal_uart.o
                0x080078f8                HAL_UARTEx_RxEventCallback
 .text.HAL_UARTEx_WakeupCallback
                0x08007910       0x14 ./Drivers/STM32F7xx_HAL_Driver/Src/stm32f7xx_hal_uart.o
                0x08007910                HAL_UARTEx_WakeupCallback
 .text.UART_SetConfig
                0x08007924      0x4c8 ./Drivers/STM32F7xx_HAL_Driver/Src/stm32f7xx_hal_uart.o
                0x08007924                UART_SetConfig
 .text.UART_AdvFeatureConfig
                0x08007dec      0x144 ./Drivers/STM32F7xx_HAL_Driver/Src/stm32f7xx_hal_uart.o
                0x08007dec                UART_AdvFeatureConfig
 .text.UART_CheckIdleState
                0x08007f30      0x150 ./Drivers/STM32F7xx_HAL_Driver/Src/stm32f7xx_hal_uart.o
                0x08007f30                UART_CheckIdleState
 .text.UART_WaitOnFlagUntilTimeout
                0x08008080       0xda ./Drivers/STM32F7xx_HAL_Driver/Src/stm32f7xx_hal_uart.o
                0x08008080                UART_WaitOnFlagUntilTimeout
 *fill*         0x0800815a        0x2 
 .text.UART_Start_Receive_IT
                0x0800815c      0x18c ./Drivers/STM32F7xx_HAL_Driver/Src/stm32f7xx_hal_uart.o
                0x0800815c                UART_Start_Receive_IT
 .text.UART_EndRxTransfer
                0x080082e8       0xc8 ./Drivers/STM32F7xx_HAL_Driver/Src/stm32f7xx_hal_uart.o
 .text.UART_DMAAbortOnError
                0x080083b0       0x2c ./Drivers/STM32F7xx_HAL_Driver/Src/stm32f7xx_hal_uart.o
 .text.UART_EndTransmit_IT
                0x080083dc       0x54 ./Drivers/STM32F7xx_HAL_Driver/Src/stm32f7xx_hal_uart.o
 .text.UART_RxISR_8BIT
                0x08008430      0x1a8 ./Drivers/STM32F7xx_HAL_Driver/Src/stm32f7xx_hal_uart.o
 .text.UART_RxISR_16BIT
                0x080085d8      0x1a8 ./Drivers/STM32F7xx_HAL_Driver/Src/stm32f7xx_hal_uart.o
 .text.std      0x08008780       0x6c C:/ST/STM32CubeIDE_1.15.1/STM32CubeIDE/plugins/com.st.stm32cube.ide.mcu.externaltools.gnu-tools-for-stm32.12.3.rel1.win32_1.0.100.202403111256/tools/bin/../lib/gcc/arm-none-eabi/12.3.1/../../../../arm-none-eabi/lib/thumb/v7e-m+dp/hard\libc_nano.a(libc_a-findfp.o)
 .text.stdio_exit_handler
                0x080087ec       0x18 C:/ST/STM32CubeIDE_1.15.1/STM32CubeIDE/plugins/com.st.stm32cube.ide.mcu.externaltools.gnu-tools-for-stm32.12.3.rel1.win32_1.0.100.202403111256/tools/bin/../lib/gcc/arm-none-eabi/12.3.1/../../../../arm-none-eabi/lib/thumb/v7e-m+dp/hard\libc_nano.a(libc_a-findfp.o)
 .text.cleanup_stdio
                0x08008804       0x40 C:/ST/STM32CubeIDE_1.15.1/STM32CubeIDE/plugins/com.st.stm32cube.ide.mcu.externaltools.gnu-tools-for-stm32.12.3.rel1.win32_1.0.100.202403111256/tools/bin/../lib/gcc/arm-none-eabi/12.3.1/../../../../arm-none-eabi/lib/thumb/v7e-m+dp/hard\libc_nano.a(libc_a-findfp.o)
 .text.global_stdio_init.part.0
                0x08008844       0x3c C:/ST/STM32CubeIDE_1.15.1/STM32CubeIDE/plugins/com.st.stm32cube.ide.mcu.externaltools.gnu-tools-for-stm32.12.3.rel1.win32_1.0.100.202403111256/tools/bin/../lib/gcc/arm-none-eabi/12.3.1/../../../../arm-none-eabi/lib/thumb/v7e-m+dp/hard\libc_nano.a(libc_a-findfp.o)
 .text.__sfp_lock_acquire
                0x08008880        0xc C:/ST/STM32CubeIDE_1.15.1/STM32CubeIDE/plugins/com.st.stm32cube.ide.mcu.externaltools.gnu-tools-for-stm32.12.3.rel1.win32_1.0.100.202403111256/tools/bin/../lib/gcc/arm-none-eabi/12.3.1/../../../../arm-none-eabi/lib/thumb/v7e-m+dp/hard\libc_nano.a(libc_a-findfp.o)
                0x08008880                __sfp_lock_acquire
 .text.__sfp_lock_release
                0x0800888c        0xc C:/ST/STM32CubeIDE_1.15.1/STM32CubeIDE/plugins/com.st.stm32cube.ide.mcu.externaltools.gnu-tools-for-stm32.12.3.rel1.win32_1.0.100.202403111256/tools/bin/../lib/gcc/arm-none-eabi/12.3.1/../../../../arm-none-eabi/lib/thumb/v7e-m+dp/hard\libc_nano.a(libc_a-findfp.o)
                0x0800888c                __sfp_lock_release
 .text.__sinit  0x08008898       0x30 C:/ST/STM32CubeIDE_1.15.1/STM32CubeIDE/plugins/com.st.stm32cube.ide.mcu.externaltools.gnu-tools-for-stm32.12.3.rel1.win32_1.0.100.202403111256/tools/bin/../lib/gcc/arm-none-eabi/12.3.1/../../../../arm-none-eabi/lib/thumb/v7e-m+dp/hard\libc_nano.a(libc_a-findfp.o)
                0x08008898                __sinit
 .text._fwalk_sglue
                0x080088c8       0x3c C:/ST/STM32CubeIDE_1.15.1/STM32CubeIDE/plugins/com.st.stm32cube.ide.mcu.externaltools.gnu-tools-for-stm32.12.3.rel1.win32_1.0.100.202403111256/tools/bin/../lib/gcc/arm-none-eabi/12.3.1/../../../../arm-none-eabi/lib/thumb/v7e-m+dp/hard\libc_nano.a(libc_a-fwalk.o)
                0x080088c8                _fwalk_sglue
 .text.printf   0x08008904       0x24 C:/ST/STM32CubeIDE_1.15.1/STM32CubeIDE/plugins/com.st.stm32cube.ide.mcu.externaltools.gnu-tools-for-stm32.12.3.rel1.win32_1.0.100.202403111256/tools/bin/../lib/gcc/arm-none-eabi/12.3.1/../../../../arm-none-eabi/lib/thumb/v7e-m+dp/hard\libc_nano.a(libc_a-printf.o)
                0x08008904                iprintf
                0x08008904                printf
 .text.sprintf  0x08008928       0x40 C:/ST/STM32CubeIDE_1.15.1/STM32CubeIDE/plugins/com.st.stm32cube.ide.mcu.externaltools.gnu-tools-for-stm32.12.3.rel1.win32_1.0.100.202403111256/tools/bin/../lib/gcc/arm-none-eabi/12.3.1/../../../../arm-none-eabi/lib/thumb/v7e-m+dp/hard\libc_nano.a(libc_a-sprintf.o)
                0x08008928                siprintf
                0x08008928                sprintf
 .text.__sread  0x08008968       0x22 C:/ST/STM32CubeIDE_1.15.1/STM32CubeIDE/plugins/com.st.stm32cube.ide.mcu.externaltools.gnu-tools-for-stm32.12.3.rel1.win32_1.0.100.202403111256/tools/bin/../lib/gcc/arm-none-eabi/12.3.1/../../../../arm-none-eabi/lib/thumb/v7e-m+dp/hard\libc_nano.a(libc_a-stdio.o)
                0x08008968                __sread
 .text.__swrite
                0x0800898a       0x38 C:/ST/STM32CubeIDE_1.15.1/STM32CubeIDE/plugins/com.st.stm32cube.ide.mcu.externaltools.gnu-tools-for-stm32.12.3.rel1.win32_1.0.100.202403111256/tools/bin/../lib/gcc/arm-none-eabi/12.3.1/../../../../arm-none-eabi/lib/thumb/v7e-m+dp/hard\libc_nano.a(libc_a-stdio.o)
                0x0800898a                __swrite
 .text.__sseek  0x080089c2       0x24 C:/ST/STM32CubeIDE_1.15.1/STM32CubeIDE/plugins/com.st.stm32cube.ide.mcu.externaltools.gnu-tools-for-stm32.12.3.rel1.win32_1.0.100.202403111256/tools/bin/../lib/gcc/arm-none-eabi/12.3.1/../../../../arm-none-eabi/lib/thumb/v7e-m+dp/hard\libc_nano.a(libc_a-stdio.o)
                0x080089c2                __sseek
 .text.__sclose
                0x080089e6        0x8 C:/ST/STM32CubeIDE_1.15.1/STM32CubeIDE/plugins/com.st.stm32cube.ide.mcu.externaltools.gnu-tools-for-stm32.12.3.rel1.win32_1.0.100.202403111256/tools/bin/../lib/gcc/arm-none-eabi/12.3.1/../../../../arm-none-eabi/lib/thumb/v7e-m+dp/hard\libc_nano.a(libc_a-stdio.o)
                0x080089e6                __sclose
 .text.memset   0x080089ee       0x10 C:/ST/STM32CubeIDE_1.15.1/STM32CubeIDE/plugins/com.st.stm32cube.ide.mcu.externaltools.gnu-tools-for-stm32.12.3.rel1.win32_1.0.100.202403111256/tools/bin/../lib/gcc/arm-none-eabi/12.3.1/../../../../arm-none-eabi/lib/thumb/v7e-m+dp/hard\libc_nano.a(libc_a-memset.o)
                0x080089ee                memset
 *fill*         0x080089fe        0x2 
 .text._close_r
                0x08008a00       0x20 C:/ST/STM32CubeIDE_1.15.1/STM32CubeIDE/plugins/com.st.stm32cube.ide.mcu.externaltools.gnu-tools-for-stm32.12.3.rel1.win32_1.0.100.202403111256/tools/bin/../lib/gcc/arm-none-eabi/12.3.1/../../../../arm-none-eabi/lib/thumb/v7e-m+dp/hard\libc_nano.a(libc_a-closer.o)
                0x08008a00                _close_r
 .text._lseek_r
                0x08008a20       0x24 C:/ST/STM32CubeIDE_1.15.1/STM32CubeIDE/plugins/com.st.stm32cube.ide.mcu.externaltools.gnu-tools-for-stm32.12.3.rel1.win32_1.0.100.202403111256/tools/bin/../lib/gcc/arm-none-eabi/12.3.1/../../../../arm-none-eabi/lib/thumb/v7e-m+dp/hard\libc_nano.a(libc_a-lseekr.o)
                0x08008a20                _lseek_r
 .text._read_r  0x08008a44       0x24 C:/ST/STM32CubeIDE_1.15.1/STM32CubeIDE/plugins/com.st.stm32cube.ide.mcu.externaltools.gnu-tools-for-stm32.12.3.rel1.win32_1.0.100.202403111256/tools/bin/../lib/gcc/arm-none-eabi/12.3.1/../../../../arm-none-eabi/lib/thumb/v7e-m+dp/hard\libc_nano.a(libc_a-readr.o)
                0x08008a44                _read_r
 .text._write_r
                0x08008a68       0x24 C:/ST/STM32CubeIDE_1.15.1/STM32CubeIDE/plugins/com.st.stm32cube.ide.mcu.externaltools.gnu-tools-for-stm32.12.3.rel1.win32_1.0.100.202403111256/tools/bin/../lib/gcc/arm-none-eabi/12.3.1/../../../../arm-none-eabi/lib/thumb/v7e-m+dp/hard\libc_nano.a(libc_a-writer.o)
                0x08008a68                _write_r
 .text.__errno  0x08008a8c        0xc C:/ST/STM32CubeIDE_1.15.1/STM32CubeIDE/plugins/com.st.stm32cube.ide.mcu.externaltools.gnu-tools-for-stm32.12.3.rel1.win32_1.0.100.202403111256/tools/bin/../lib/gcc/arm-none-eabi/12.3.1/../../../../arm-none-eabi/lib/thumb/v7e-m+dp/hard\libc_nano.a(libc_a-errno.o)
                0x08008a8c                __errno
 .text.__libc_init_array
                0x08008a98       0x48 C:/ST/STM32CubeIDE_1.15.1/STM32CubeIDE/plugins/com.st.stm32cube.ide.mcu.externaltools.gnu-tools-for-stm32.12.3.rel1.win32_1.0.100.202403111256/tools/bin/../lib/gcc/arm-none-eabi/12.3.1/../../../../arm-none-eabi/lib/thumb/v7e-m+dp/hard\libc_nano.a(libc_a-init.o)
                0x08008a98                __libc_init_array
 .text.__retarget_lock_init_recursive
                0x08008ae0        0x2 C:/ST/STM32CubeIDE_1.15.1/STM32CubeIDE/plugins/com.st.stm32cube.ide.mcu.externaltools.gnu-tools-for-stm32.12.3.rel1.win32_1.0.100.202403111256/tools/bin/../lib/gcc/arm-none-eabi/12.3.1/../../../../arm-none-eabi/lib/thumb/v7e-m+dp/hard\libc_nano.a(libc_a-lock.o)
                0x08008ae0                __retarget_lock_init_recursive
 .text.__retarget_lock_acquire_recursive
                0x08008ae2        0x2 C:/ST/STM32CubeIDE_1.15.1/STM32CubeIDE/plugins/com.st.stm32cube.ide.mcu.externaltools.gnu-tools-for-stm32.12.3.rel1.win32_1.0.100.202403111256/tools/bin/../lib/gcc/arm-none-eabi/12.3.1/../../../../arm-none-eabi/lib/thumb/v7e-m+dp/hard\libc_nano.a(libc_a-lock.o)
                0x08008ae2                __retarget_lock_acquire_recursive
 .text.__retarget_lock_release_recursive
                0x08008ae4        0x2 C:/ST/STM32CubeIDE_1.15.1/STM32CubeIDE/plugins/com.st.stm32cube.ide.mcu.externaltools.gnu-tools-for-stm32.12.3.rel1.win32_1.0.100.202403111256/tools/bin/../lib/gcc/arm-none-eabi/12.3.1/../../../../arm-none-eabi/lib/thumb/v7e-m+dp/hard\libc_nano.a(libc_a-lock.o)
                0x08008ae4                __retarget_lock_release_recursive
 .text.memcpy   0x08008ae6       0x1c C:/ST/STM32CubeIDE_1.15.1/STM32CubeIDE/plugins/com.st.stm32cube.ide.mcu.externaltools.gnu-tools-for-stm32.12.3.rel1.win32_1.0.100.202403111256/tools/bin/../lib/gcc/arm-none-eabi/12.3.1/../../../../arm-none-eabi/lib/thumb/v7e-m+dp/hard\libc_nano.a(libc_a-memcpy-stub.o)
                0x08008ae6                memcpy
 *fill*         0x08008b02        0x2 
 .text._free_r  0x08008b04       0x94 C:/ST/STM32CubeIDE_1.15.1/STM32CubeIDE/plugins/com.st.stm32cube.ide.mcu.externaltools.gnu-tools-for-stm32.12.3.rel1.win32_1.0.100.202403111256/tools/bin/../lib/gcc/arm-none-eabi/12.3.1/../../../../arm-none-eabi/lib/thumb/v7e-m+dp/hard\libc_nano.a(libc_a-freer.o)
                0x08008b04                _free_r
 .text.sbrk_aligned
                0x08008b98       0x44 C:/ST/STM32CubeIDE_1.15.1/STM32CubeIDE/plugins/com.st.stm32cube.ide.mcu.externaltools.gnu-tools-for-stm32.12.3.rel1.win32_1.0.100.202403111256/tools/bin/../lib/gcc/arm-none-eabi/12.3.1/../../../../arm-none-eabi/lib/thumb/v7e-m+dp/hard\libc_nano.a(libc_a-mallocr.o)
 .text._malloc_r
                0x08008bdc      0x100 C:/ST/STM32CubeIDE_1.15.1/STM32CubeIDE/plugins/com.st.stm32cube.ide.mcu.externaltools.gnu-tools-for-stm32.12.3.rel1.win32_1.0.100.202403111256/tools/bin/../lib/gcc/arm-none-eabi/12.3.1/../../../../arm-none-eabi/lib/thumb/v7e-m+dp/hard\libc_nano.a(libc_a-mallocr.o)
                0x08008bdc                _malloc_r
 .text.__malloc_lock
                0x08008cdc        0xc C:/ST/STM32CubeIDE_1.15.1/STM32CubeIDE/plugins/com.st.stm32cube.ide.mcu.externaltools.gnu-tools-for-stm32.12.3.rel1.win32_1.0.100.202403111256/tools/bin/../lib/gcc/arm-none-eabi/12.3.1/../../../../arm-none-eabi/lib/thumb/v7e-m+dp/hard\libc_nano.a(libc_a-mlock.o)
                0x08008cdc                __malloc_lock
 .text.__malloc_unlock
                0x08008ce8        0xc C:/ST/STM32CubeIDE_1.15.1/STM32CubeIDE/plugins/com.st.stm32cube.ide.mcu.externaltools.gnu-tools-for-stm32.12.3.rel1.win32_1.0.100.202403111256/tools/bin/../lib/gcc/arm-none-eabi/12.3.1/../../../../arm-none-eabi/lib/thumb/v7e-m+dp/hard\libc_nano.a(libc_a-mlock.o)
                0x08008ce8                __malloc_unlock
 .text.__ssputs_r
                0x08008cf4       0xb6 C:/ST/STM32CubeIDE_1.15.1/STM32CubeIDE/plugins/com.st.stm32cube.ide.mcu.externaltools.gnu-tools-for-stm32.12.3.rel1.win32_1.0.100.202403111256/tools/bin/../lib/gcc/arm-none-eabi/12.3.1/../../../../arm-none-eabi/lib/thumb/v7e-m+dp/hard\libc_nano.a(libc_a-nano-svfprintf.o)
                0x08008cf4                __ssputs_r
 *fill*         0x08008daa        0x2 
 .text._svfprintf_r
                0x08008dac      0x1f8 C:/ST/STM32CubeIDE_1.15.1/STM32CubeIDE/plugins/com.st.stm32cube.ide.mcu.externaltools.gnu-tools-for-stm32.12.3.rel1.win32_1.0.100.202403111256/tools/bin/../lib/gcc/arm-none-eabi/12.3.1/../../../../arm-none-eabi/lib/thumb/v7e-m+dp/hard\libc_nano.a(libc_a-nano-svfprintf.o)
                0x08008dac                _svfiprintf_r
                0x08008dac                _svfprintf_r
 .text.__sfputc_r
                0x08008fa4       0x2e C:/ST/STM32CubeIDE_1.15.1/STM32CubeIDE/plugins/com.st.stm32cube.ide.mcu.externaltools.gnu-tools-for-stm32.12.3.rel1.win32_1.0.100.202403111256/tools/bin/../lib/gcc/arm-none-eabi/12.3.1/../../../../arm-none-eabi/lib/thumb/v7e-m+dp/hard\libc_nano.a(libc_a-nano-vfprintf.o)
 .text.__sfputs_r
                0x08008fd2       0x24 C:/ST/STM32CubeIDE_1.15.1/STM32CubeIDE/plugins/com.st.stm32cube.ide.mcu.externaltools.gnu-tools-for-stm32.12.3.rel1.win32_1.0.100.202403111256/tools/bin/../lib/gcc/arm-none-eabi/12.3.1/../../../../arm-none-eabi/lib/thumb/v7e-m+dp/hard\libc_nano.a(libc_a-nano-vfprintf.o)
                0x08008fd2                __sfputs_r
 *fill*         0x08008ff6        0x2 
 .text._vfprintf_r
                0x08008ff8      0x230 C:/ST/STM32CubeIDE_1.15.1/STM32CubeIDE/plugins/com.st.stm32cube.ide.mcu.externaltools.gnu-tools-for-stm32.12.3.rel1.win32_1.0.100.202403111256/tools/bin/../lib/gcc/arm-none-eabi/12.3.1/../../../../arm-none-eabi/lib/thumb/v7e-m+dp/hard\libc_nano.a(libc_a-nano-vfprintf.o)
                0x08008ff8                _vfprintf_r
                0x08008ff8                _vfiprintf_r
 .text._printf_common
                0x08009228       0xda C:/ST/STM32CubeIDE_1.15.1/STM32CubeIDE/plugins/com.st.stm32cube.ide.mcu.externaltools.gnu-tools-for-stm32.12.3.rel1.win32_1.0.100.202403111256/tools/bin/../lib/gcc/arm-none-eabi/12.3.1/../../../../arm-none-eabi/lib/thumb/v7e-m+dp/hard\libc_nano.a(libc_a-nano-vfprintf_i.o)
                0x08009228                _printf_common
 *fill*         0x08009302        0x2 
 .text._printf_i
                0x08009304      0x240 C:/ST/STM32CubeIDE_1.15.1/STM32CubeIDE/plugins/com.st.stm32cube.ide.mcu.externaltools.gnu-tools-for-stm32.12.3.rel1.win32_1.0.100.202403111256/tools/bin/../lib/gcc/arm-none-eabi/12.3.1/../../../../arm-none-eabi/lib/thumb/v7e-m+dp/hard\libc_nano.a(libc_a-nano-vfprintf_i.o)
                0x08009304                _printf_i
 .text.__sflush_r
                0x08009544      0x108 C:/ST/STM32CubeIDE_1.15.1/STM32CubeIDE/plugins/com.st.stm32cube.ide.mcu.externaltools.gnu-tools-for-stm32.12.3.rel1.win32_1.0.100.202403111256/tools/bin/../lib/gcc/arm-none-eabi/12.3.1/../../../../arm-none-eabi/lib/thumb/v7e-m+dp/hard\libc_nano.a(libc_a-fflush.o)
                0x08009544                __sflush_r
 .text._fflush_r
                0x0800964c       0x50 C:/ST/STM32CubeIDE_1.15.1/STM32CubeIDE/plugins/com.st.stm32cube.ide.mcu.externaltools.gnu-tools-for-stm32.12.3.rel1.win32_1.0.100.202403111256/tools/bin/../lib/gcc/arm-none-eabi/12.3.1/../../../../arm-none-eabi/lib/thumb/v7e-m+dp/hard\libc_nano.a(libc_a-fflush.o)
                0x0800964c                _fflush_r
 .text.__swbuf_r
                0x0800969c       0x7c C:/ST/STM32CubeIDE_1.15.1/STM32CubeIDE/plugins/com.st.stm32cube.ide.mcu.externaltools.gnu-tools-for-stm32.12.3.rel1.win32_1.0.100.202403111256/tools/bin/../lib/gcc/arm-none-eabi/12.3.1/../../../../arm-none-eabi/lib/thumb/v7e-m+dp/hard\libc_nano.a(libc_a-wbuf.o)
                0x0800969c                __swbuf_r
 .text.__swsetup_r
                0x08009718       0xac C:/ST/STM32CubeIDE_1.15.1/STM32CubeIDE/plugins/com.st.stm32cube.ide.mcu.externaltools.gnu-tools-for-stm32.12.3.rel1.win32_1.0.100.202403111256/tools/bin/../lib/gcc/arm-none-eabi/12.3.1/../../../../arm-none-eabi/lib/thumb/v7e-m+dp/hard\libc_nano.a(libc_a-wsetup.o)
                0x08009718                __swsetup_r
 .text.memmove  0x080097c4       0x34 C:/ST/STM32CubeIDE_1.15.1/STM32CubeIDE/plugins/com.st.stm32cube.ide.mcu.externaltools.gnu-tools-for-stm32.12.3.rel1.win32_1.0.100.202403111256/tools/bin/../lib/gcc/arm-none-eabi/12.3.1/../../../../arm-none-eabi/lib/thumb/v7e-m+dp/hard\libc_nano.a(libc_a-memmove.o)
                0x080097c4                memmove
 .text._sbrk_r  0x080097f8       0x20 C:/ST/STM32CubeIDE_1.15.1/STM32CubeIDE/plugins/com.st.stm32cube.ide.mcu.externaltools.gnu-tools-for-stm32.12.3.rel1.win32_1.0.100.202403111256/tools/bin/../lib/gcc/arm-none-eabi/12.3.1/../../../../arm-none-eabi/lib/thumb/v7e-m+dp/hard\libc_nano.a(libc_a-sbrkr.o)
                0x080097f8                _sbrk_r
 .text._realloc_r
                0x08009818       0x5c C:/ST/STM32CubeIDE_1.15.1/STM32CubeIDE/plugins/com.st.stm32cube.ide.mcu.externaltools.gnu-tools-for-stm32.12.3.rel1.win32_1.0.100.202403111256/tools/bin/../lib/gcc/arm-none-eabi/12.3.1/../../../../arm-none-eabi/lib/thumb/v7e-m+dp/hard\libc_nano.a(libc_a-reallocr.o)
                0x08009818                _realloc_r
 .text.__swhatbuf_r
                0x08009874       0x4c C:/ST/STM32CubeIDE_1.15.1/STM32CubeIDE/plugins/com.st.stm32cube.ide.mcu.externaltools.gnu-tools-for-stm32.12.3.rel1.win32_1.0.100.202403111256/tools/bin/../lib/gcc/arm-none-eabi/12.3.1/../../../../arm-none-eabi/lib/thumb/v7e-m+dp/hard\libc_nano.a(libc_a-makebuf.o)
                0x08009874                __swhatbuf_r
 .text.__smakebuf_r
                0x080098c0       0x78 C:/ST/STM32CubeIDE_1.15.1/STM32CubeIDE/plugins/com.st.stm32cube.ide.mcu.externaltools.gnu-tools-for-stm32.12.3.rel1.win32_1.0.100.202403111256/tools/bin/../lib/gcc/arm-none-eabi/12.3.1/../../../../arm-none-eabi/lib/thumb/v7e-m+dp/hard\libc_nano.a(libc_a-makebuf.o)
                0x080098c0                __smakebuf_r
 .text._fstat_r
                0x08009938       0x24 C:/ST/STM32CubeIDE_1.15.1/STM32CubeIDE/plugins/com.st.stm32cube.ide.mcu.externaltools.gnu-tools-for-stm32.12.3.rel1.win32_1.0.100.202403111256/tools/bin/../lib/gcc/arm-none-eabi/12.3.1/../../../../arm-none-eabi/lib/thumb/v7e-m+dp/hard\libc_nano.a(libc_a-fstatr.o)
                0x08009938                _fstat_r
 .text._isatty_r
                0x0800995c       0x20 C:/ST/STM32CubeIDE_1.15.1/STM32CubeIDE/plugins/com.st.stm32cube.ide.mcu.externaltools.gnu-tools-for-stm32.12.3.rel1.win32_1.0.100.202403111256/tools/bin/../lib/gcc/arm-none-eabi/12.3.1/../../../../arm-none-eabi/lib/thumb/v7e-m+dp/hard\libc_nano.a(libc_a-isattyr.o)
                0x0800995c                _isatty_r
 .text._malloc_usable_size_r
                0x0800997c       0x10 C:/ST/STM32CubeIDE_1.15.1/STM32CubeIDE/plugins/com.st.stm32cube.ide.mcu.externaltools.gnu-tools-for-stm32.12.3.rel1.win32_1.0.100.202403111256/tools/bin/../lib/gcc/arm-none-eabi/12.3.1/../../../../arm-none-eabi/lib/thumb/v7e-m+dp/hard\libc_nano.a(libc_a-msizer.o)
                0x0800997c                _malloc_usable_size_r
 *(.glue_7)
 .glue_7        0x0800998c        0x0 linker stubs
 *(.glue_7t)
 .glue_7t       0x0800998c        0x0 linker stubs
 *(.eh_frame)
 .eh_frame      0x0800998c        0x0 C:/ST/STM32CubeIDE_1.15.1/STM32CubeIDE/plugins/com.st.stm32cube.ide.mcu.externaltools.gnu-tools-for-stm32.12.3.rel1.win32_1.0.100.202403111256/tools/bin/../lib/gcc/arm-none-eabi/12.3.1/thumb/v7e-m+dp/hard/crtbegin.o
 *(.init)
 .init          0x0800998c        0x4 C:/ST/STM32CubeIDE_1.15.1/STM32CubeIDE/plugins/com.st.stm32cube.ide.mcu.externaltools.gnu-tools-for-stm32.12.3.rel1.win32_1.0.100.202403111256/tools/bin/../lib/gcc/arm-none-eabi/12.3.1/thumb/v7e-m+dp/hard/crti.o
                0x0800998c                _init
 .init          0x08009990        0x8 C:/ST/STM32CubeIDE_1.15.1/STM32CubeIDE/plugins/com.st.stm32cube.ide.mcu.externaltools.gnu-tools-for-stm32.12.3.rel1.win32_1.0.100.202403111256/tools/bin/../lib/gcc/arm-none-eabi/12.3.1/thumb/v7e-m+dp/hard/crtn.o
 *(.fini)
 .fini          0x08009998        0x4 C:/ST/STM32CubeIDE_1.15.1/STM32CubeIDE/plugins/com.st.stm32cube.ide.mcu.externaltools.gnu-tools-for-stm32.12.3.rel1.win32_1.0.100.202403111256/tools/bin/../lib/gcc/arm-none-eabi/12.3.1/thumb/v7e-m+dp/hard/crti.o
                0x08009998                _fini
 .fini          0x0800999c        0x8 C:/ST/STM32CubeIDE_1.15.1/STM32CubeIDE/plugins/com.st.stm32cube.ide.mcu.externaltools.gnu-tools-for-stm32.12.3.rel1.win32_1.0.100.202403111256/tools/bin/../lib/gcc/arm-none-eabi/12.3.1/thumb/v7e-m+dp/hard/crtn.o
                0x080099a4                        . = ALIGN (0x4)
                0x080099a4                        _etext = .

.vfp11_veneer   0x080099a4        0x0
 .vfp11_veneer  0x080099a4        0x0 linker stubs

.v4_bx          0x080099a4        0x0
 .v4_bx         0x080099a4        0x0 linker stubs

.iplt           0x080099a4        0x0
 .iplt          0x080099a4        0x0 C:/ST/STM32CubeIDE_1.15.1/STM32CubeIDE/plugins/com.st.stm32cube.ide.mcu.externaltools.gnu-tools-for-stm32.12.3.rel1.win32_1.0.100.202403111256/tools/bin/../lib/gcc/arm-none-eabi/12.3.1/thumb/v7e-m+dp/hard/crtbegin.o

.rodata         0x080099a4      0x69c
                0x080099a4                        . = ALIGN (0x4)
 *(.rodata)
 .rodata        0x080099a4       0x6a ./Common/Third party/FreeRTOS/queue.o
 *fill*         0x08009a0e        0x2 
 .rodata        0x08009a10       0x83 ./Common/Third party/FreeRTOS/tasks.o
 *fill*         0x08009a93        0x1 
 .rodata        0x08009a94       0x79 ./Common/Third party/FreeRTOS/timers.o
 *fill*         0x08009b0d        0x3 
 .rodata        0x08009b10       0x7f ./Common/Third party/FreeRTOS/portable/GCC/ARM_CM4F/port.o
 *fill*         0x08009b8f        0x1 
 .rodata        0x08009b90       0x7c ./Common/Third party/FreeRTOS/portable/MemMang/heap_4.o
 .rodata        0x08009c0c       0x75 ./Core/Src/main.o
 *fill*         0x08009c81        0x3 
 .rodata        0x08009c84       0x58 ./Core/Src/rtc.o
 .rodata        0x08009cdc      0x317 ./Core/Src/task_handler.o
 *(.rodata*)
 *fill*         0x08009ff3        0x1 
 .rodata.AHBPrescTable
                0x08009ff4       0x10 ./Core/Src/system_stm32f7xx.o
                0x08009ff4                AHBPrescTable
 .rodata.APBPrescTable
                0x0800a004        0x8 ./Core/Src/system_stm32f7xx.o
                0x0800a004                APBPrescTable
 .rodata._svfprintf_r.str1.1
                0x0800a00c       0x11 C:/ST/STM32CubeIDE_1.15.1/STM32CubeIDE/plugins/com.st.stm32cube.ide.mcu.externaltools.gnu-tools-for-stm32.12.3.rel1.win32_1.0.100.202403111256/tools/bin/../lib/gcc/arm-none-eabi/12.3.1/../../../../arm-none-eabi/lib/thumb/v7e-m+dp/hard\libc_nano.a(libc_a-nano-svfprintf.o)
 .rodata._vfprintf_r.str1.1
                0x0800a01d       0x11 C:/ST/STM32CubeIDE_1.15.1/STM32CubeIDE/plugins/com.st.stm32cube.ide.mcu.externaltools.gnu-tools-for-stm32.12.3.rel1.win32_1.0.100.202403111256/tools/bin/../lib/gcc/arm-none-eabi/12.3.1/../../../../arm-none-eabi/lib/thumb/v7e-m+dp/hard\libc_nano.a(libc_a-nano-vfprintf.o)
 .rodata._printf_i.str1.1
                0x0800a01d       0x22 C:/ST/STM32CubeIDE_1.15.1/STM32CubeIDE/plugins/com.st.stm32cube.ide.mcu.externaltools.gnu-tools-for-stm32.12.3.rel1.win32_1.0.100.202403111256/tools/bin/../lib/gcc/arm-none-eabi/12.3.1/../../../../arm-none-eabi/lib/thumb/v7e-m+dp/hard\libc_nano.a(libc_a-nano-vfprintf_i.o)
                0x0800a040                        . = ALIGN (0x4)
 *fill*         0x0800a03f        0x1 

.ARM.extab      0x0800a040        0x0
                0x0800a040                        . = ALIGN (0x4)
 *(.ARM.extab* .gnu.linkonce.armextab.*)
                0x0800a040                        . = ALIGN (0x4)

.ARM            0x0800a040        0x8
                0x0800a040                        . = ALIGN (0x4)
                0x0800a040                        __exidx_start = .
 *(.ARM.exidx*)
 .ARM.exidx     0x0800a040        0x8 C:/ST/STM32CubeIDE_1.15.1/STM32CubeIDE/plugins/com.st.stm32cube.ide.mcu.externaltools.gnu-tools-for-stm32.12.3.rel1.win32_1.0.100.202403111256/tools/bin/../lib/gcc/arm-none-eabi/12.3.1/../../../../arm-none-eabi/lib/thumb/v7e-m+dp/hard\libc_nano.a(libc_a-strcmp.o)
 .ARM.exidx     0x0800a048        0x0 C:/ST/STM32CubeIDE_1.15.1/STM32CubeIDE/plugins/com.st.stm32cube.ide.mcu.externaltools.gnu-tools-for-stm32.12.3.rel1.win32_1.0.100.202403111256/tools/bin/../lib/gcc/arm-none-eabi/12.3.1/../../../../arm-none-eabi/lib/thumb/v7e-m+dp/hard\libc_nano.a(libc_a-strlen.o)
                                  0x8 (size before relaxing)
 .ARM.exidx     0x0800a048        0x0 C:/ST/STM32CubeIDE_1.15.1/STM32CubeIDE/plugins/com.st.stm32cube.ide.mcu.externaltools.gnu-tools-for-stm32.12.3.rel1.win32_1.0.100.202403111256/tools/bin/../lib/gcc/arm-none-eabi/12.3.1/../../../../arm-none-eabi/lib/thumb/v7e-m+dp/hard\libc_nano.a(libc_a-memchr.o)
                                  0x8 (size before relaxing)
 .ARM.exidx     0x0800a048        0x0 C:/ST/STM32CubeIDE_1.15.1/STM32CubeIDE/plugins/com.st.stm32cube.ide.mcu.externaltools.gnu-tools-for-stm32.12.3.rel1.win32_1.0.100.202403111256/tools/bin/../lib/gcc/arm-none-eabi/12.3.1/thumb/v7e-m+dp/hard\libgcc.a(_udivmoddi4.o)
                                  0x8 (size before relaxing)
                0x0800a048                        __exidx_end = .
                0x0800a048                        . = ALIGN (0x4)

.preinit_array  0x0800a048        0x0
                0x0800a048                        . = ALIGN (0x4)
                0x0800a048                        PROVIDE (__preinit_array_start = .)
 *(.preinit_array*)
                0x0800a048                        PROVIDE (__preinit_array_end = .)
                0x0800a048                        . = ALIGN (0x4)

.init_array     0x0800a048        0x4
                0x0800a048                        . = ALIGN (0x4)
                0x0800a048                        PROVIDE (__init_array_start = .)
 *(SORT_BY_NAME(.init_array.*))
 *(.init_array*)
 .init_array    0x0800a048        0x4 C:/ST/STM32CubeIDE_1.15.1/STM32CubeIDE/plugins/com.st.stm32cube.ide.mcu.externaltools.gnu-tools-for-stm32.12.3.rel1.win32_1.0.100.202403111256/tools/bin/../lib/gcc/arm-none-eabi/12.3.1/thumb/v7e-m+dp/hard/crtbegin.o
                0x0800a04c                        PROVIDE (__init_array_end = .)
                0x0800a04c                        . = ALIGN (0x4)

.fini_array     0x0800a04c        0x4
                0x0800a04c                        . = ALIGN (0x4)
                [!provide]                        PROVIDE (__fini_array_start = .)
 *(SORT_BY_NAME(.fini_array.*))
 *(.fini_array*)
 .fini_array    0x0800a04c        0x4 C:/ST/STM32CubeIDE_1.15.1/STM32CubeIDE/plugins/com.st.stm32cube.ide.mcu.externaltools.gnu-tools-for-stm32.12.3.rel1.win32_1.0.100.202403111256/tools/bin/../lib/gcc/arm-none-eabi/12.3.1/thumb/v7e-m+dp/hard/crtbegin.o
                [!provide]                        PROVIDE (__fini_array_end = .)
                0x0800a050                        . = ALIGN (0x4)
                0x0800a050                        _sidata = LOADADDR (.data)

.rel.dyn        0x0800a050        0x0
 .rel.iplt      0x0800a050        0x0 C:/ST/STM32CubeIDE_1.15.1/STM32CubeIDE/plugins/com.st.stm32cube.ide.mcu.externaltools.gnu-tools-for-stm32.12.3.rel1.win32_1.0.100.202403111256/tools/bin/../lib/gcc/arm-none-eabi/12.3.1/thumb/v7e-m+dp/hard/crtbegin.o

.data           0x20000000       0x88 load address 0x0800a050
                0x20000000                        . = ALIGN (0x4)
                0x20000000                        _sdata = .
 *(.data)
 *(.data*)
 .data.uxTopUsedPriority
                0x20000000        0x4 ./Common/Third party/FreeRTOS/tasks.o
                0x20000000                uxTopUsedPriority
 .data.uxCriticalNesting
                0x20000004        0x4 ./Common/Third party/FreeRTOS/portable/GCC/ARM_CM4F/port.o
 .data.flag.3   0x20000008        0x4 ./Core/Src/led_effect.o
 .data.flag.2   0x2000000c        0x4 ./Core/Src/led_effect.o
 .data.j.1      0x20000010        0x4 ./Core/Src/led_effect.o
 .data.time.2   0x20000014        0x4 ./Core/Src/rtc.o
 .data.date.0   0x20000018        0x4 ./Core/Src/rtc.o
 .data.SystemCoreClock
                0x2000001c        0x4 ./Core/Src/system_stm32f7xx.o
                0x2000001c                SystemCoreClock
 .data.msg_inv  0x20000020        0x4 ./Core/Src/task_handler.o
                0x20000020                msg_inv
 .data.uwTickPrio
                0x20000024        0x4 ./Drivers/STM32F7xx_HAL_Driver/Src/stm32f7xx_hal.o
                0x20000024                uwTickPrio
 .data.uwTickFreq
                0x20000028        0x1 ./Drivers/STM32F7xx_HAL_Driver/Src/stm32f7xx_hal.o
                0x20000028                uwTickFreq
 *fill*         0x20000029        0x3 
 .data.__sglue  0x2000002c        0xc C:/ST/STM32CubeIDE_1.15.1/STM32CubeIDE/plugins/com.st.stm32cube.ide.mcu.externaltools.gnu-tools-for-stm32.12.3.rel1.win32_1.0.100.202403111256/tools/bin/../lib/gcc/arm-none-eabi/12.3.1/../../../../arm-none-eabi/lib/thumb/v7e-m+dp/hard\libc_nano.a(libc_a-findfp.o)
                0x2000002c                __sglue
 .data._impure_ptr
                0x20000038        0x4 C:/ST/STM32CubeIDE_1.15.1/STM32CubeIDE/plugins/com.st.stm32cube.ide.mcu.externaltools.gnu-tools-for-stm32.12.3.rel1.win32_1.0.100.202403111256/tools/bin/../lib/gcc/arm-none-eabi/12.3.1/../../../../arm-none-eabi/lib/thumb/v7e-m+dp/hard\libc_nano.a(libc_a-impure.o)
                0x20000038                _impure_ptr
 .data._impure_data
                0x2000003c       0x4c C:/ST/STM32CubeIDE_1.15.1/STM32CubeIDE/plugins/com.st.stm32cube.ide.mcu.externaltools.gnu-tools-for-stm32.12.3.rel1.win32_1.0.100.202403111256/tools/bin/../lib/gcc/arm-none-eabi/12.3.1/../../../../arm-none-eabi/lib/thumb/v7e-m+dp/hard\libc_nano.a(libc_a-impure.o)
                0x2000003c                _impure_data
 *(.RamFunc)
 *(.RamFunc*)
                0x20000088                        . = ALIGN (0x4)
                0x20000088                        _edata = .

.igot.plt       0x20000088        0x0 load address 0x0800a0d8
 .igot.plt      0x20000088        0x0 C:/ST/STM32CubeIDE_1.15.1/STM32CubeIDE/plugins/com.st.stm32cube.ide.mcu.externaltools.gnu-tools-for-stm32.12.3.rel1.win32_1.0.100.202403111256/tools/bin/../lib/gcc/arm-none-eabi/12.3.1/thumb/v7e-m+dp/hard/crtbegin.o
                0x20000088                        . = ALIGN (0x4)

.bss            0x20000088     0xbc9c load address 0x0800a0d8
                0x20000088                        _sbss = .
                0x20000088                        __bss_start__ = _sbss
 *(.bss)
 .bss           0x20000088       0x1c C:/ST/STM32CubeIDE_1.15.1/STM32CubeIDE/plugins/com.st.stm32cube.ide.mcu.externaltools.gnu-tools-for-stm32.12.3.rel1.win32_1.0.100.202403111256/tools/bin/../lib/gcc/arm-none-eabi/12.3.1/thumb/v7e-m+dp/hard/crtbegin.o
 *(.bss*)
 .bss.xQueueRegistry
                0x200000a4       0x40 ./Common/Third party/FreeRTOS/queue.o
                0x200000a4                xQueueRegistry
 .bss.pxCurrentTCB
                0x200000e4        0x4 ./Common/Third party/FreeRTOS/tasks.o
                0x200000e4                pxCurrentTCB
 .bss.pxReadyTasksLists
                0x200000e8       0x64 ./Common/Third party/FreeRTOS/tasks.o
 .bss.xDelayedTaskList1
                0x2000014c       0x14 ./Common/Third party/FreeRTOS/tasks.o
 .bss.xDelayedTaskList2
                0x20000160       0x14 ./Common/Third party/FreeRTOS/tasks.o
 .bss.pxDelayedTaskList
                0x20000174        0x4 ./Common/Third party/FreeRTOS/tasks.o
 .bss.pxOverflowDelayedTaskList
                0x20000178        0x4 ./Common/Third party/FreeRTOS/tasks.o
 .bss.xPendingReadyList
                0x2000017c       0x14 ./Common/Third party/FreeRTOS/tasks.o
 .bss.xTasksWaitingTermination
                0x20000190       0x14 ./Common/Third party/FreeRTOS/tasks.o
 .bss.uxDeletedTasksWaitingCleanUp
                0x200001a4        0x4 ./Common/Third party/FreeRTOS/tasks.o
 .bss.xSuspendedTaskList
                0x200001a8       0x14 ./Common/Third party/FreeRTOS/tasks.o
 .bss.uxCurrentNumberOfTasks
                0x200001bc        0x4 ./Common/Third party/FreeRTOS/tasks.o
 .bss.xTickCount
                0x200001c0        0x4 ./Common/Third party/FreeRTOS/tasks.o
 .bss.uxTopReadyPriority
                0x200001c4        0x4 ./Common/Third party/FreeRTOS/tasks.o
 .bss.xSchedulerRunning
                0x200001c8        0x4 ./Common/Third party/FreeRTOS/tasks.o
 .bss.xPendedTicks
                0x200001cc        0x4 ./Common/Third party/FreeRTOS/tasks.o
 .bss.xYieldPending
                0x200001d0        0x4 ./Common/Third party/FreeRTOS/tasks.o
 .bss.xNumOfOverflows
                0x200001d4        0x4 ./Common/Third party/FreeRTOS/tasks.o
 .bss.uxTaskNumber
                0x200001d8        0x4 ./Common/Third party/FreeRTOS/tasks.o
 .bss.xNextTaskUnblockTime
                0x200001dc        0x4 ./Common/Third party/FreeRTOS/tasks.o
 .bss.xIdleTaskHandle
                0x200001e0        0x4 ./Common/Third party/FreeRTOS/tasks.o
 .bss.uxSchedulerSuspended
                0x200001e4        0x4 ./Common/Third party/FreeRTOS/tasks.o
 .bss.xActiveTimerList1
                0x200001e8       0x14 ./Common/Third party/FreeRTOS/timers.o
 .bss.xActiveTimerList2
                0x200001fc       0x14 ./Common/Third party/FreeRTOS/timers.o
 .bss.pxCurrentTimerList
                0x20000210        0x4 ./Common/Third party/FreeRTOS/timers.o
 .bss.pxOverflowTimerList
                0x20000214        0x4 ./Common/Third party/FreeRTOS/timers.o
 .bss.xTimerQueue
                0x20000218        0x4 ./Common/Third party/FreeRTOS/timers.o
 .bss.xTimerTaskHandle
                0x2000021c        0x4 ./Common/Third party/FreeRTOS/timers.o
 .bss.xLastTime.0
                0x20000220        0x4 ./Common/Third party/FreeRTOS/timers.o
 .bss.ucMaxSysCallPriority
                0x20000224        0x1 ./Common/Third party/FreeRTOS/portable/GCC/ARM_CM4F/port.o
 *fill*         0x20000225        0x3 
 .bss.ulMaxPRIGROUPValue
                0x20000228        0x4 ./Common/Third party/FreeRTOS/portable/GCC/ARM_CM4F/port.o
 .bss.ucHeap    0x2000022c     0xb800 ./Common/Third party/FreeRTOS/portable/MemMang/heap_4.o
 .bss.xStart    0x2000ba2c        0x8 ./Common/Third party/FreeRTOS/portable/MemMang/heap_4.o
 .bss.pxEnd     0x2000ba34        0x4 ./Common/Third party/FreeRTOS/portable/MemMang/heap_4.o
 .bss.xFreeBytesRemaining
                0x2000ba38        0x4 ./Common/Third party/FreeRTOS/portable/MemMang/heap_4.o
 .bss.xMinimumEverFreeBytesRemaining
                0x2000ba3c        0x4 ./Common/Third party/FreeRTOS/portable/MemMang/heap_4.o
 .bss.xNumberOfSuccessfulAllocations
                0x2000ba40        0x4 ./Common/Third party/FreeRTOS/portable/MemMang/heap_4.o
 .bss.xNumberOfSuccessfulFrees
                0x2000ba44        0x4 ./Common/Third party/FreeRTOS/portable/MemMang/heap_4.o
 .bss.xBlockAllocatedBit
                0x2000ba48        0x4 ./Common/Third party/FreeRTOS/portable/MemMang/heap_4.o
 .bss.i.0       0x2000ba4c        0x4 ./Core/Src/led_effect.o
 .bss.hrtc      0x2000ba50       0x20 ./Core/Src/main.o
                0x2000ba50                hrtc
 .bss.huart2    0x2000ba70       0x88 ./Core/Src/main.o
                0x2000ba70                huart2
 .bss.user_data
                0x2000baf8        0x1 ./Core/Src/main.o
                0x2000baf8                user_data
 .bss.curr_state
                0x2000baf9        0x1 ./Core/Src/main.o
                0x2000baf9                curr_state
 *fill*         0x2000bafa        0x2 
 .bss.q_print   0x2000bafc        0x4 ./Core/Src/main.o
                0x2000bafc                q_print
 .bss.q_data    0x2000bb00        0x4 ./Core/Src/main.o
                0x2000bb00                q_data
 .bss.status    0x2000bb04        0x4 ./Core/Src/main.o
                0x2000bb04                status
 .bss.handle_print_task
                0x2000bb08        0x4 ./Core/Src/main.o
                0x2000bb08                handle_print_task
 .bss.handle_menu_task
                0x2000bb0c        0x4 ./Core/Src/main.o
                0x2000bb0c                handle_menu_task
 .bss.handle_led_task
                0x2000bb10        0x4 ./Core/Src/main.o
                0x2000bb10                handle_led_task
 .bss.handle_rtc_task
                0x2000bb14        0x4 ./Core/Src/main.o
                0x2000bb14                handle_rtc_task
 .bss.handle_cmd_task
                0x2000bb18        0x4 ./Core/Src/main.o
                0x2000bb18                handle_cmd_task
 .bss.handle_led_timer
                0x2000bb1c       0x10 ./Core/Src/main.o
                0x2000bb1c                handle_led_timer
 .bss.rtc_timer
                0x2000bb2c        0x4 ./Core/Src/main.o
                0x2000bb2c                rtc_timer
 .bss.showtime.3
                0x2000bb30       0x28 ./Core/Src/rtc.o
 .bss.showdate.1
                0x2000bb58       0x28 ./Core/Src/rtc.o
 .bss.htim6     0x2000bb80       0x4c ./Core/Src/stm32f7xx_hal_timebase_tim.o
                0x2000bb80                htim6
 .bss.__sbrk_heap_end
                0x2000bbcc        0x4 ./Core/Src/sysmem.o
 .bss.rtc_state.0
                0x2000bbd0        0x4 ./Core/Src/task_handler.o
 .bss.uwTick    0x2000bbd4        0x4 ./Drivers/STM32F7xx_HAL_Driver/Src/stm32f7xx_hal.o
                0x2000bbd4                uwTick
 .bss.__sf      0x2000bbd8      0x138 C:/ST/STM32CubeIDE_1.15.1/STM32CubeIDE/plugins/com.st.stm32cube.ide.mcu.externaltools.gnu-tools-for-stm32.12.3.rel1.win32_1.0.100.202403111256/tools/bin/../lib/gcc/arm-none-eabi/12.3.1/../../../../arm-none-eabi/lib/thumb/v7e-m+dp/hard\libc_nano.a(libc_a-findfp.o)
                0x2000bbd8                __sf
 .bss.__stdio_exit_handler
                0x2000bd10        0x4 C:/ST/STM32CubeIDE_1.15.1/STM32CubeIDE/plugins/com.st.stm32cube.ide.mcu.externaltools.gnu-tools-for-stm32.12.3.rel1.win32_1.0.100.202403111256/tools/bin/../lib/gcc/arm-none-eabi/12.3.1/../../../../arm-none-eabi/lib/thumb/v7e-m+dp/hard\libc_nano.a(libc_a-findfp.o)
                0x2000bd10                __stdio_exit_handler
 .bss.errno     0x2000bd14        0x4 C:/ST/STM32CubeIDE_1.15.1/STM32CubeIDE/plugins/com.st.stm32cube.ide.mcu.externaltools.gnu-tools-for-stm32.12.3.rel1.win32_1.0.100.202403111256/tools/bin/../lib/gcc/arm-none-eabi/12.3.1/../../../../arm-none-eabi/lib/thumb/v7e-m+dp/hard\libc_nano.a(libc_a-reent.o)
                0x2000bd14                errno
 .bss.__lock___malloc_recursive_mutex
                0x2000bd18        0x1 C:/ST/STM32CubeIDE_1.15.1/STM32CubeIDE/plugins/com.st.stm32cube.ide.mcu.externaltools.gnu-tools-for-stm32.12.3.rel1.win32_1.0.100.202403111256/tools/bin/../lib/gcc/arm-none-eabi/12.3.1/../../../../arm-none-eabi/lib/thumb/v7e-m+dp/hard\libc_nano.a(libc_a-lock.o)
                0x2000bd18                __lock___malloc_recursive_mutex
 .bss.__lock___sfp_recursive_mutex
                0x2000bd19        0x1 C:/ST/STM32CubeIDE_1.15.1/STM32CubeIDE/plugins/com.st.stm32cube.ide.mcu.externaltools.gnu-tools-for-stm32.12.3.rel1.win32_1.0.100.202403111256/tools/bin/../lib/gcc/arm-none-eabi/12.3.1/../../../../arm-none-eabi/lib/thumb/v7e-m+dp/hard\libc_nano.a(libc_a-lock.o)
                0x2000bd19                __lock___sfp_recursive_mutex
 *fill*         0x2000bd1a        0x2 
 .bss.__malloc_sbrk_start
                0x2000bd1c        0x4 C:/ST/STM32CubeIDE_1.15.1/STM32CubeIDE/plugins/com.st.stm32cube.ide.mcu.externaltools.gnu-tools-for-stm32.12.3.rel1.win32_1.0.100.202403111256/tools/bin/../lib/gcc/arm-none-eabi/12.3.1/../../../../arm-none-eabi/lib/thumb/v7e-m+dp/hard\libc_nano.a(libc_a-mallocr.o)
                0x2000bd1c                __malloc_sbrk_start
 .bss.__malloc_free_list
                0x2000bd20        0x4 C:/ST/STM32CubeIDE_1.15.1/STM32CubeIDE/plugins/com.st.stm32cube.ide.mcu.externaltools.gnu-tools-for-stm32.12.3.rel1.win32_1.0.100.202403111256/tools/bin/../lib/gcc/arm-none-eabi/12.3.1/../../../../arm-none-eabi/lib/thumb/v7e-m+dp/hard\libc_nano.a(libc_a-mallocr.o)
                0x2000bd20                __malloc_free_list
 *(COMMON)
                0x2000bd24                        . = ALIGN (0x4)
                0x2000bd24                        _ebss = .
                0x2000bd24                        __bss_end__ = _ebss

._user_heap_stack
                0x2000bd24     0x3004 load address 0x0800a0d8
                0x2000bd28                        . = ALIGN (0x8)
 *fill*         0x2000bd24        0x4 
                [!provide]                        PROVIDE (end = .)
                0x2000bd28                        PROVIDE (_end = .)
                0x2000cd28                        . = (. + _Min_Heap_Size)
 *fill*         0x2000bd28     0x1000 
                0x2000ed28                        . = (. + _Min_Stack_Size)
 *fill*         0x2000cd28     0x2000 
                0x2000ed28                        . = ALIGN (0x8)

/DISCARD/
 libc.a(*)
 libm.a(*)
 libgcc.a(*)

.ARM.attributes
                0x00000000       0x2e
 *(.ARM.attributes)
 .ARM.attributes
                0x00000000       0x20 C:/ST/STM32CubeIDE_1.15.1/STM32CubeIDE/plugins/com.st.stm32cube.ide.mcu.externaltools.gnu-tools-for-stm32.12.3.rel1.win32_1.0.100.202403111256/tools/bin/../lib/gcc/arm-none-eabi/12.3.1/thumb/v7e-m+dp/hard/crti.o
 .ARM.attributes
                0x00000020       0x32 C:/ST/STM32CubeIDE_1.15.1/STM32CubeIDE/plugins/com.st.stm32cube.ide.mcu.externaltools.gnu-tools-for-stm32.12.3.rel1.win32_1.0.100.202403111256/tools/bin/../lib/gcc/arm-none-eabi/12.3.1/thumb/v7e-m+dp/hard/crtbegin.o
 .ARM.attributes
                0x00000052       0x32 ./Common/Third party/FreeRTOS/list.o
 .ARM.attributes
                0x00000084       0x32 ./Common/Third party/FreeRTOS/queue.o
 .ARM.attributes
                0x000000b6       0x32 ./Common/Third party/FreeRTOS/tasks.o
 .ARM.attributes
                0x000000e8       0x32 ./Common/Third party/FreeRTOS/timers.o
 .ARM.attributes
                0x0000011a       0x32 ./Common/Third party/FreeRTOS/portable/GCC/ARM_CM4F/port.o
 .ARM.attributes
                0x0000014c       0x32 ./Common/Third party/FreeRTOS/portable/MemMang/heap_4.o
 .ARM.attributes
                0x0000017e       0x32 ./Core/Src/led_effect.o
 .ARM.attributes
                0x000001b0       0x32 ./Core/Src/main.o
 .ARM.attributes
                0x000001e2       0x32 ./Core/Src/rtc.o
 .ARM.attributes
                0x00000214       0x32 ./Core/Src/stm32f7xx_hal_msp.o
 .ARM.attributes
                0x00000246       0x32 ./Core/Src/stm32f7xx_hal_timebase_tim.o
 .ARM.attributes
                0x00000278       0x32 ./Core/Src/stm32f7xx_it.o
 .ARM.attributes
                0x000002aa       0x32 ./Core/Src/syscalls.o
 .ARM.attributes
                0x000002dc       0x32 ./Core/Src/sysmem.o
 .ARM.attributes
                0x0000030e       0x32 ./Core/Src/system_stm32f7xx.o
 .ARM.attributes
                0x00000340       0x32 ./Core/Src/task_handler.o
 .ARM.attributes
                0x00000372       0x21 ./Core/Startup/startup_stm32f767zitx.o
 .ARM.attributes
                0x00000393       0x32 ./Drivers/STM32F7xx_HAL_Driver/Src/stm32f7xx_hal.o
 .ARM.attributes
                0x000003c5       0x32 ./Drivers/STM32F7xx_HAL_Driver/Src/stm32f7xx_hal_cortex.o
 .ARM.attributes
                0x000003f7       0x32 ./Drivers/STM32F7xx_HAL_Driver/Src/stm32f7xx_hal_dma.o
 .ARM.attributes
                0x00000429       0x32 ./Drivers/STM32F7xx_HAL_Driver/Src/stm32f7xx_hal_gpio.o
 .ARM.attributes
                0x0000045b       0x32 ./Drivers/STM32F7xx_HAL_Driver/Src/stm32f7xx_hal_pwr.o
 .ARM.attributes
                0x0000048d       0x32 ./Drivers/STM32F7xx_HAL_Driver/Src/stm32f7xx_hal_rcc.o
 .ARM.attributes
                0x000004bf       0x32 ./Drivers/STM32F7xx_HAL_Driver/Src/stm32f7xx_hal_rcc_ex.o
 .ARM.attributes
                0x000004f1       0x32 ./Drivers/STM32F7xx_HAL_Driver/Src/stm32f7xx_hal_rtc.o
 .ARM.attributes
                0x00000523       0x32 ./Drivers/STM32F7xx_HAL_Driver/Src/stm32f7xx_hal_tim.o
 .ARM.attributes
                0x00000555       0x32 ./Drivers/STM32F7xx_HAL_Driver/Src/stm32f7xx_hal_tim_ex.o
 .ARM.attributes
                0x00000587       0x32 ./Drivers/STM32F7xx_HAL_Driver/Src/stm32f7xx_hal_uart.o
 .ARM.attributes
                0x000005b9       0x32 C:/ST/STM32CubeIDE_1.15.1/STM32CubeIDE/plugins/com.st.stm32cube.ide.mcu.externaltools.gnu-tools-for-stm32.12.3.rel1.win32_1.0.100.202403111256/tools/bin/../lib/gcc/arm-none-eabi/12.3.1/../../../../arm-none-eabi/lib/thumb/v7e-m+dp/hard\libc_nano.a(libc_a-findfp.o)
 .ARM.attributes
                0x000005eb       0x32 C:/ST/STM32CubeIDE_1.15.1/STM32CubeIDE/plugins/com.st.stm32cube.ide.mcu.externaltools.gnu-tools-for-stm32.12.3.rel1.win32_1.0.100.202403111256/tools/bin/../lib/gcc/arm-none-eabi/12.3.1/../../../../arm-none-eabi/lib/thumb/v7e-m+dp/hard\libc_nano.a(libc_a-fwalk.o)
 .ARM.attributes
                0x0000061d       0x32 C:/ST/STM32CubeIDE_1.15.1/STM32CubeIDE/plugins/com.st.stm32cube.ide.mcu.externaltools.gnu-tools-for-stm32.12.3.rel1.win32_1.0.100.202403111256/tools/bin/../lib/gcc/arm-none-eabi/12.3.1/../../../../arm-none-eabi/lib/thumb/v7e-m+dp/hard\libc_nano.a(libc_a-printf.o)
 .ARM.attributes
                0x0000064f       0x32 C:/ST/STM32CubeIDE_1.15.1/STM32CubeIDE/plugins/com.st.stm32cube.ide.mcu.externaltools.gnu-tools-for-stm32.12.3.rel1.win32_1.0.100.202403111256/tools/bin/../lib/gcc/arm-none-eabi/12.3.1/../../../../arm-none-eabi/lib/thumb/v7e-m+dp/hard\libc_nano.a(libc_a-sprintf.o)
 .ARM.attributes
                0x00000681       0x32 C:/ST/STM32CubeIDE_1.15.1/STM32CubeIDE/plugins/com.st.stm32cube.ide.mcu.externaltools.gnu-tools-for-stm32.12.3.rel1.win32_1.0.100.202403111256/tools/bin/../lib/gcc/arm-none-eabi/12.3.1/../../../../arm-none-eabi/lib/thumb/v7e-m+dp/hard\libc_nano.a(libc_a-stdio.o)
 .ARM.attributes
                0x000006b3       0x32 C:/ST/STM32CubeIDE_1.15.1/STM32CubeIDE/plugins/com.st.stm32cube.ide.mcu.externaltools.gnu-tools-for-stm32.12.3.rel1.win32_1.0.100.202403111256/tools/bin/../lib/gcc/arm-none-eabi/12.3.1/../../../../arm-none-eabi/lib/thumb/v7e-m+dp/hard\libc_nano.a(libc_a-memset.o)
 .ARM.attributes
                0x000006e5       0x32 C:/ST/STM32CubeIDE_1.15.1/STM32CubeIDE/plugins/com.st.stm32cube.ide.mcu.externaltools.gnu-tools-for-stm32.12.3.rel1.win32_1.0.100.202403111256/tools/bin/../lib/gcc/arm-none-eabi/12.3.1/../../../../arm-none-eabi/lib/thumb/v7e-m+dp/hard\libc_nano.a(libc_a-closer.o)
 .ARM.attributes
                0x00000717       0x32 C:/ST/STM32CubeIDE_1.15.1/STM32CubeIDE/plugins/com.st.stm32cube.ide.mcu.externaltools.gnu-tools-for-stm32.12.3.rel1.win32_1.0.100.202403111256/tools/bin/../lib/gcc/arm-none-eabi/12.3.1/../../../../arm-none-eabi/lib/thumb/v7e-m+dp/hard\libc_nano.a(libc_a-reent.o)
 .ARM.attributes
                0x00000749       0x32 C:/ST/STM32CubeIDE_1.15.1/STM32CubeIDE/plugins/com.st.stm32cube.ide.mcu.externaltools.gnu-tools-for-stm32.12.3.rel1.win32_1.0.100.202403111256/tools/bin/../lib/gcc/arm-none-eabi/12.3.1/../../../../arm-none-eabi/lib/thumb/v7e-m+dp/hard\libc_nano.a(libc_a-impure.o)
 .ARM.attributes
                0x0000077b       0x32 C:/ST/STM32CubeIDE_1.15.1/STM32CubeIDE/plugins/com.st.stm32cube.ide.mcu.externaltools.gnu-tools-for-stm32.12.3.rel1.win32_1.0.100.202403111256/tools/bin/../lib/gcc/arm-none-eabi/12.3.1/../../../../arm-none-eabi/lib/thumb/v7e-m+dp/hard\libc_nano.a(libc_a-lseekr.o)
 .ARM.attributes
                0x000007ad       0x32 C:/ST/STM32CubeIDE_1.15.1/STM32CubeIDE/plugins/com.st.stm32cube.ide.mcu.externaltools.gnu-tools-for-stm32.12.3.rel1.win32_1.0.100.202403111256/tools/bin/../lib/gcc/arm-none-eabi/12.3.1/../../../../arm-none-eabi/lib/thumb/v7e-m+dp/hard\libc_nano.a(libc_a-readr.o)
 .ARM.attributes
                0x000007df       0x32 C:/ST/STM32CubeIDE_1.15.1/STM32CubeIDE/plugins/com.st.stm32cube.ide.mcu.externaltools.gnu-tools-for-stm32.12.3.rel1.win32_1.0.100.202403111256/tools/bin/../lib/gcc/arm-none-eabi/12.3.1/../../../../arm-none-eabi/lib/thumb/v7e-m+dp/hard\libc_nano.a(libc_a-writer.o)
 .ARM.attributes
                0x00000811       0x32 C:/ST/STM32CubeIDE_1.15.1/STM32CubeIDE/plugins/com.st.stm32cube.ide.mcu.externaltools.gnu-tools-for-stm32.12.3.rel1.win32_1.0.100.202403111256/tools/bin/../lib/gcc/arm-none-eabi/12.3.1/../../../../arm-none-eabi/lib/thumb/v7e-m+dp/hard\libc_nano.a(libc_a-errno.o)
 .ARM.attributes