Archive member included to satisfy reference by file (symbol)

C:/ST/STM32CubeIDE_1.15.1/STM32CubeIDE/plugins/com.st.stm32cube.ide.mcu.externaltools.gnu-tools-for-stm32.12.3.rel1.win32_1.0.100.202403111256/tools/bin/../lib/gcc/arm-none-eabi/12.3.1/../../../../arm-none-eabi/lib/thumb/v7e-m+dp/hard\libc_nano.a(libc_a-exit.o)
                              C:/ST/STM32CubeIDE_1.15.1/STM32CubeIDE/plugins/com.st.stm32cube.ide.mcu.externaltools.gnu-tools-for-stm32.12.3.rel1.win32_1.0.100.202403111256/tools/bin/../lib/gcc/arm-none-eabi/12.3.1/../../../../arm-none-eabi/lib/thumb/v7e-m+dp/hard/crt0.o (exit)
C:/ST/STM32CubeIDE_1.15.1/STM32CubeIDE/plugins/com.st.stm32cube.ide.mcu.externaltools.gnu-tools-for-stm32.12.3.rel1.win32_1.0.100.202403111256/tools/bin/../lib/gcc/arm-none-eabi/12.3.1/../../../../arm-none-eabi/lib/thumb/v7e-m+dp/hard\libc_nano.a(libc_a-findfp.o)
                              C:/ST/STM32CubeIDE_1.15.1/STM32CubeIDE/plugins/com.st.stm32cube.ide.mcu.externaltools.gnu-tools-for-stm32.12.3.rel1.win32_1.0.100.202403111256/tools/bin/../lib/gcc/arm-none-eabi/12.3.1/../../../../arm-none-eabi/lib/thumb/v7e-m+dp/hard\libc_nano.a(libc_a-exit.o) (__stdio_exit_handler)
C:/ST/STM32CubeIDE_1.15.1/STM32CubeIDE/plugins/com.st.stm32cube.ide.mcu.externaltools.gnu-tools-for-stm32.12.3.rel1.win32_1.0.100.202403111256/tools/bin/../lib/gcc/arm-none-eabi/12.3.1/../../../../arm-none-eabi/lib/thumb/v7e-m+dp/hard\libc_nano.a(libc_a-fwalk.o)
                              C:/ST/STM32CubeIDE_1.15.1/STM32CubeIDE/plugins/com.st.stm32cube.ide.mcu.externaltools.gnu-tools-for-stm32.12.3.rel1.win32_1.0.100.202403111256/tools/bin/../lib/gcc/arm-none-eabi/12.3.1/../../../../arm-none-eabi/lib/thumb/v7e-m+dp/hard\libc_nano.a(libc_a-findfp.o) (_fwalk_sglue)
C:/ST/STM32CubeIDE_1.15.1/STM32CubeIDE/plugins/com.st.stm32cube.ide.mcu.externaltools.gnu-tools-for-stm32.12.3.rel1.win32_1.0.100.202403111256/tools/bin/../lib/gcc/arm-none-eabi/12.3.1/../../../../arm-none-eabi/lib/thumb/v7e-m+dp/hard\libc_nano.a(libc_a-snprintf.o)
                              ./Core/Src/main.o (snprintf)
C:/ST/STM32CubeIDE_1.15.1/STM32CubeIDE/plugins/com.st.stm32cube.ide.mcu.externaltools.gnu-tools-for-stm32.12.3.rel1.win32_1.0.100.202403111256/tools/bin/../lib/gcc/arm-none-eabi/12.3.1/../../../../arm-none-eabi/lib/thumb/v7e-m+dp/hard\libc_nano.a(libc_a-sprintf.o)
                              ./Third party/FreeRTOS/tasks.o (sprintf)
C:/ST/STM32CubeIDE_1.15.1/STM32CubeIDE/plugins/com.st.stm32cube.ide.mcu.externaltools.gnu-tools-for-stm32.12.3.rel1.win32_1.0.100.202403111256/tools/bin/../lib/gcc/arm-none-eabi/12.3.1/../../../../arm-none-eabi/lib/thumb/v7e-m+dp/hard\libc_nano.a(libc_a-stdio.o)
                              C:/ST/STM32CubeIDE_1.15.1/STM32CubeIDE/plugins/com.st.stm32cube.ide.mcu.externaltools.gnu-tools-for-stm32.12.3.rel1.win32_1.0.100.202403111256/tools/bin/../lib/gcc/arm-none-eabi/12.3.1/../../../../arm-none-eabi/lib/thumb/v7e-m+dp/hard\libc_nano.a(libc_a-findfp.o) (__sread)
C:/ST/STM32CubeIDE_1.15.1/STM32CubeIDE/plugins/com.st.stm32cube.ide.mcu.externaltools.gnu-tools-for-stm32.12.3.rel1.win32_1.0.100.202403111256/tools/bin/../lib/gcc/arm-none-eabi/12.3.1/../../../../arm-none-eabi/lib/thumb/v7e-m+dp/hard\libc_nano.a(libc_a-memcmp.o)
                              ./Third party/SEGGER/OS/SEGGER_SYSVIEW_FreeRTOS.o (memcmp)
C:/ST/STM32CubeIDE_1.15.1/STM32CubeIDE/plugins/com.st.stm32cube.ide.mcu.externaltools.gnu-tools-for-stm32.12.3.rel1.win32_1.0.100.202403111256/tools/bin/../lib/gcc/arm-none-eabi/12.3.1/../../../../arm-none-eabi/lib/thumb/v7e-m+dp/hard\libc_nano.a(libc_a-memset.o)
                              C:/ST/STM32CubeIDE_1.15.1/STM32CubeIDE/plugins/com.st.stm32cube.ide.mcu.externaltools.gnu-tools-for-stm32.12.3.rel1.win32_1.0.100.202403111256/tools/bin/../lib/gcc/arm-none-eabi/12.3.1/../../../../arm-none-eabi/lib/thumb/v7e-m+dp/hard/crt0.o (memset)
C:/ST/STM32CubeIDE_1.15.1/STM32CubeIDE/plugins/com.st.stm32cube.ide.mcu.externaltools.gnu-tools-for-stm32.12.3.rel1.win32_1.0.100.202403111256/tools/bin/../lib/gcc/arm-none-eabi/12.3.1/../../../../arm-none-eabi/lib/thumb/v7e-m+dp/hard\libc_nano.a(libc_a-closer.o)
                              C:/ST/STM32CubeIDE_1.15.1/STM32CubeIDE/plugins/com.st.stm32cube.ide.mcu.externaltools.gnu-tools-for-stm32.12.3.rel1.win32_1.0.100.202403111256/tools/bin/../lib/gcc/arm-none-eabi/12.3.1/../../../../arm-none-eabi/lib/thumb/v7e-m+dp/hard\libc_nano.a(libc_a-stdio.o) (_close_r)
C:/ST/STM32CubeIDE_1.15.1/STM32CubeIDE/plugins/com.st.stm32cube.ide.mcu.externaltools.gnu-tools-for-stm32.12.3.rel1.win32_1.0.100.202403111256/tools/bin/../lib/gcc/arm-none-eabi/12.3.1/../../../../arm-none-eabi/lib/thumb/v7e-m+dp/hard\libc_nano.a(libc_a-reent.o)
[...]
Memory Configuration

Name             Origin             Length             Attributes
RAM              0x20000000         0x00080000         xrw
FLASH            0x08000000         0x00200000         xr
*default*        0x00000000         0xffffffff

Linker script and memory map

LOAD C:/ST/STM32CubeIDE_1.15.1/STM32CubeIDE/plugins/com.st.stm32cube.ide.mcu.externaltools.gnu-tools-for-stm32.12.3.rel1.win32_1.0.100.202403111256/tools/bin/../lib/gcc/arm-none-eabi/12.3.1/thumb/v7e-m+dp/hard/crti.o
LOAD C:/ST/STM32CubeIDE_1.15.1/STM32CubeIDE/plugins/com.st.stm32cube.ide.mcu.externaltools.gnu-tools-for-stm32.12.3.rel1.win32_1.0.100.202403111256/tools/bin/../lib/gcc/arm-none-eabi/12.3.1/thumb/v7e-m+dp/hard/crtbegin.o
LOAD C:/ST/STM32CubeIDE_1.15.1/STM32CubeIDE/plugins/com.st.stm32cube.ide.mcu.externaltools.gnu-tools-for-stm32.12.3.rel1.win32_1.0.100.202403111256/tools/bin/../lib/gcc/arm-none-eabi/12.3.1/../../../../arm-none-eabi/lib/thumb/v7e-m+dp/hard/crt0.o
LOAD ./Core/Src/main.o
LOAD ./Core/Src/stm32f7xx_hal_msp.o
LOAD ./Core/Src/stm32f7xx_hal_timebase_tim.o
LOAD ./Core/Src/stm32f7xx_it.o
LOAD ./Core/Src/syscalls.o
LOAD ./Core/Src/system_stm32f7xx.o
LOAD ./Core/Startup/startup_stm32f767zitx.o
LOAD ./Drivers/STM32F7xx_HAL_Driver/Src/stm32f7xx_hal.o
LOAD ./Drivers/STM32F7xx_HAL_Driver/Src/stm32f7xx_hal_cortex.o
LOAD ./Drivers/STM32F7xx_HAL_Driver/Src/stm32f7xx_hal_dma.o
LOAD ./Drivers/STM32F7xx_HAL_Driver/Src/stm32f7xx_hal_dma_ex.o
LOAD ./Drivers/STM32F7xx_HAL_Driver/Src/stm32f7xx_hal_exti.o
LOAD ./Drivers/STM32F7xx_HAL_Driver/Src/stm32f7xx_hal_flash.o
LOAD ./Drivers/STM32F7xx_HAL_Driver/Src/stm32f7xx_hal_flash_ex.o
LOAD ./Drivers/STM32F7xx_HAL_Driver/Src/stm32f7xx_hal_gpio.o
LOAD ./Drivers/STM32F7xx_HAL_Driver/Src/stm32f7xx_hal_i2c.o
LOAD ./Drivers/STM32F7xx_HAL_Driver/Src/stm32f7xx_hal_i2c_ex.o
LOAD ./Drivers/STM32F7xx_HAL_Driver/Src/stm32f7xx_hal_pwr.o
LOAD ./Drivers/STM32F7xx_HAL_Driver/Src/stm32f7xx_hal_pwr_ex.o
LOAD ./Drivers/STM32F7xx_HAL_Driver/Src/stm32f7xx_hal_rcc.o
LOAD ./Drivers/STM32F7xx_HAL_Driver/Src/stm32f7xx_hal_rcc_ex.o
LOAD ./Drivers/STM32F7xx_HAL_Driver/Src/stm32f7xx_hal_tim.o
LOAD ./Drivers/STM32F7xx_HAL_Driver/Src/stm32f7xx_hal_tim_ex.o
LOAD ./Third party/FreeRTOS/croutine.o
LOAD ./Third party/FreeRTOS/event_groups.o
LOAD ./Third party/FreeRTOS/list.o
LOAD ./Third party/FreeRTOS/queue.o
LOAD ./Third party/FreeRTOS/stream_buffer.o
LOAD ./Third party/FreeRTOS/tasks.o
LOAD ./Third party/FreeRTOS/timers.o
LOAD ./Third party/FreeRTOS/portable/GCC/ARM_CM4F/port.o
LOAD ./Third party/FreeRTOS/portable/MemMang/heap_4.o
LOAD ./Third party/SEGGER/Config/SEGGER_SYSVIEW_Config_FreeRTOS.o
LOAD ./Third party/SEGGER/OS/SEGGER_SYSVIEW_FreeRTOS.o
LOAD ./Third party/SEGGER/SEGGER/SEGGER_RTT.o
LOAD ./Third party/SEGGER/SEGGER/SEGGER_RTT_ASM_ARMv7M.o
LOAD ./Third party/SEGGER/SEGGER/SEGGER_RTT_printf.o
LOAD ./Third party/SEGGER/SEGGER/SEGGER_SYSVIEW.o
LOAD ./Third party/SEGGER/SEGGER/Syscalls/SEGGER_RTT_Syscalls_GCC.o
LOAD ./Third party/SEGGER/rec/segger_uart.o
START GROUP
LOAD C:/ST/STM32CubeIDE_1.15.1/STM32CubeIDE/plugins/com.st.stm32cube.ide.mcu.externaltools.gnu-tools-for-stm32.12.3.rel1.win32_1.0.100.202403111256/tools/bin/../lib/gcc/arm-none-eabi/12.3.1/../../../../arm-none-eabi/lib/thumb/v7e-m+dp/hard\libc_nano.a
LOAD C:/ST/STM32CubeIDE_1.15.1/STM32CubeIDE/plugins/com.st.stm32cube.ide.mcu.externaltools.gnu-tools-for-stm32.12.3.rel1.win32_1.0.100.202403111256/tools/bin/../lib/gcc/arm-none-eabi/12.3.1/../../../../arm-none-eabi/lib/thumb/v7e-m+dp/hard\libm.a
END GROUP
START GROUP
LOAD C:/ST/STM32CubeIDE_1.15.1/STM32CubeIDE/plugins/com.st.stm32cube.ide.mcu.externaltools.gnu-tools-for-stm32.12.3.rel1.win32_1.0.100.202403111256/tools/bin/../lib/gcc/arm-none-eabi/12.3.1/thumb/v7e-m+dp/hard\libgcc.a
LOAD C:/ST/STM32CubeIDE_1.15.1/STM32CubeIDE/plugins/com.st.stm32cube.ide.mcu.externaltools.gnu-tools-for-stm32.12.3.rel1.win32_1.0.100.202403111256/tools/bin/../lib/gcc/arm-none-eabi/12.3.1/../../../../arm-none-eabi/lib/thumb/v7e-m+dp/hard\libc_nano.a
END GROUP
START GROUP
LOAD C:/ST/STM32CubeIDE_1.15.1/STM32CubeIDE/plugins/com.st.stm32cube.ide.mcu.externaltools.gnu-tools-for-stm32.12.3.rel1.win32_1.0.100.202403111256/tools/bin/../lib/gcc/arm-none-eabi/12.3.1/thumb/v7e-m+dp/hard\libgcc.a
LOAD C:/ST/STM32CubeIDE_1.15.1/STM32CubeIDE/plugins/com.st.stm32cube.ide.mcu.externaltools.gnu-tools-for-stm32.12.3.rel1.win32_1.0.100.202403111256/tools/bin/../lib/gcc/arm-none-eabi/12.3.1/../../../../arm-none-eabi/lib/thumb/v7e-m+dp/hard\libc_nano.a
LOAD C:/ST/STM32CubeIDE_1.15.1/STM32CubeIDE/plugins/com.st.stm32cube.ide.mcu.externaltools.gnu-tools-for-stm32.12.3.rel1.win32_1.0.100.202403111256/tools/bin/../lib/gcc/arm-none-eabi/12.3.1/../../../../arm-none-eabi/lib/thumb/v7e-m+dp/hard\libnosys.a
END GROUP
START GROUP
LOAD C:/ST/STM32CubeIDE_1.15.1/STM32CubeIDE/plugins/com.st.stm32cube.ide.mcu.externaltools.gnu-tools-for-stm32.12.3.rel1.win32_1.0.100.202403111256/tools/bin/../lib/gcc/arm-none-eabi/12.3.1/thumb/v7e-m+dp/hard\libgcc.a
LOAD C:/ST/STM32CubeIDE_1.15.1/STM32CubeIDE/plugins/com.st.stm32cube.ide.mcu.externaltools.gnu-tools-for-stm32.12.3.rel1.win32_1.0.100.202403111256/tools/bin/../lib/gcc/arm-none-eabi/12.3.1/../../../../arm-none-eabi/lib/thumb/v7e-m+dp/hard\libc_nano.a
LOAD C:/ST/STM32CubeIDE_1.15.1/STM32CubeIDE/plugins/com.st.stm32cube.ide.mcu.externaltools.gnu-tools-for-stm32.12.3.rel1.win32_1.0.100.202403111256/tools/bin/../lib/gcc/arm-none-eabi/12.3.1/../../../../arm-none-eabi/lib/thumb/v7e-m+dp/hard\libnosys.a
END GROUP
LOAD C:/ST/STM32CubeIDE_1.15.1/STM32CubeIDE/plugins/com.st.stm32cube.ide.mcu.externaltools.gnu-tools-for-stm32.12.3.rel1.win32_1.0.100.202403111256/tools/bin/../lib/gcc/arm-none-eabi/12.3.1/thumb/v7e-m+dp/hard/crtend.o
LOAD C:/ST/STM32CubeIDE_1.15.1/STM32CubeIDE/plugins/com.st.stm32cube.ide.mcu.externaltools.gnu-tools-for-stm32.12.3.rel1.win32_1.0.100.202403111256/tools/bin/../lib/gcc/arm-none-eabi/12.3.1/thumb/v7e-m+dp/hard/crtn.o
                0x20080000                        _estack = (ORIGIN (RAM) + LENGTH (RAM))
                0x00000200                        _Min_Heap_Size = 0x200
                0x00000400                        _Min_Stack_Size = 0x400

.isr_vector     0x08000000      0x1f8
                0x08000000                        . = ALIGN (0x4)
 *(.isr_vector)
 .isr_vector    0x08000000      0x1f8 ./Core/Startup/startup_stm32f767zitx.o
                0x08000000                g_pfnVectors
                0x080001f8                        . = ALIGN (0x4)

.text           0x08000200     0x7a58
                0x08000200                        . = ALIGN (0x4)
 *(.text)
 .text          0x08000200       0x40 C:/ST/STM32CubeIDE_1.15.1/STM32CubeIDE/plugins/com.st.stm32cube.ide.mcu.externaltools.gnu-tools-for-stm32.12.3.rel1.win32_1.0.100.202403111256/tools/bin/../lib/gcc/arm-none-eabi/12.3.1/thumb/v7e-m+dp/hard/crtbegin.o
 .text          0x08000240       0x94 ./Third party/SEGGER/SEGGER/SEGGER_RTT_ASM_ARMv7M.o
                0x08000240                SEGGER_RTT_ASM_WriteSkipNoLock
 *fill*         0x080002d4        0xc 
 .text          0x080002e0       0xa0 C:/ST/STM32CubeIDE_1.15.1/STM32CubeIDE/plugins/com.st.stm32cube.ide.mcu.externaltools.gnu-tools-for-stm32.12.3.rel1.win32_1.0.100.202403111256/tools/bin/../lib/gcc/arm-none-eabi/12.3.1/../../../../arm-none-eabi/lib/thumb/v7e-m+dp/hard\libc_nano.a(libc_a-memchr.o)
                0x080002e0                memchr
 .text          0x08000380       0x30 C:/ST/STM32CubeIDE_1.15.1/STM32CubeIDE/plugins/com.st.stm32cube.ide.mcu.externaltools.gnu-tools-for-stm32.12.3.rel1.win32_1.0.100.202403111256/tools/bin/../lib/gcc/arm-none-eabi/12.3.1/thumb/v7e-m+dp/hard\libgcc.a(_aeabi_uldivmod.o)
                0x08000380                __aeabi_uldivmod
 .text          0x080003b0      0x2bc C:/ST/STM32CubeIDE_1.15.1/STM32CubeIDE/plugins/com.st.stm32cube.ide.mcu.externaltools.gnu-tools-for-stm32.12.3.rel1.win32_1.0.100.202403111256/tools/bin/../lib/gcc/arm-none-eabi/12.3.1/thumb/v7e-m+dp/hard\libgcc.a(_udivmoddi4.o)
                0x080003b0                __udivmoddi4
 .text          0x0800066c        0x4 C:/ST/STM32CubeIDE_1.15.1/STM32CubeIDE/plugins/com.st.stm32cube.ide.mcu.externaltools.gnu-tools-for-stm32.12.3.rel1.win32_1.0.100.202403111256/tools/bin/../lib/gcc/arm-none-eabi/12.3.1/thumb/v7e-m+dp/hard\libgcc.a(_dvmd_tls.o)
                0x0800066c                __aeabi_idiv0
                0x0800066c                __aeabi_ldiv0
 *(.text*)
 .text.main     0x08000670       0xc4 ./Core/Src/main.o
                0x08000670                main
 .text.SystemClock_Config
                0x08000734       0xd4 ./Core/Src/main.o
                0x08000734                SystemClock_Config
 .text.MX_GPIO_Init
                0x08000808      0x22c ./Core/Src/main.o
 .text.vAssertCalled
                0x08000a34       0x26 ./Core/Src/main.o
                0x08000a34                vAssertCalled
 *fill*         0x08000a5a        0x2 
 .text.task1_Handler
                0x08000a5c       0x3c ./Core/Src/main.o
 .text.task2_Handler
                0x08000a98       0x3c ./Core/Src/main.o
 .text.HAL_TIM_PeriodElapsedCallback
                0x08000ad4       0x24 ./Core/Src/main.o
                0x08000ad4                HAL_TIM_PeriodElapsedCallback
 .text.Error_Handler
                0x08000af8        0xc ./Core/Src/main.o
                0x08000af8                Error_Handler
 .text.HAL_MspInit
                0x08000b04       0x48 ./Core/Src/stm32f7xx_hal_msp.o
                0x08000b04                HAL_MspInit
 .text.HAL_InitTick
                0x08000b4c       0xf4 ./Core/Src/stm32f7xx_hal_timebase_tim.o
                0x08000b4c                HAL_InitTick
 .text.NMI_Handler
                0x08000c40        0x8 ./Core/Src/stm32f7xx_it.o
                0x08000c40                NMI_Handler
 .text.HardFault_Handler
                0x08000c48        0x8 ./Core/Src/stm32f7xx_it.o
                0x08000c48                HardFault_Handler
 .text.MemManage_Handler
                0x08000c50        0x8 ./Core/Src/stm32f7xx_it.o
                0x08000c50                MemManage_Handler
 .text.BusFault_Handler
                0x08000c58        0x8 ./Core/Src/stm32f7xx_it.o
                0x08000c58                BusFault_Handler
 .text.UsageFault_Handler
                0x08000c60        0x8 ./Core/Src/stm32f7xx_it.o
                0x08000c60                UsageFault_Handler
 .text.DebugMon_Handler
                0x08000c68        0xe ./Core/Src/stm32f7xx_it.o
                0x08000c68                DebugMon_Handler
 *fill*         0x08000c76        0x2 
 .text.TIM6_DAC_IRQHandler
                0x08000c78       0x14 ./Core/Src/stm32f7xx_it.o
                0x08000c78                TIM6_DAC_IRQHandler
 .text.SystemInit
                0x08000c8c       0x24 ./Core/Src/system_stm32f7xx.o
                0x08000c8c                SystemInit
 .text.Reset_Handler
                0x08000cb0       0x50 ./Core/Startup/startup_stm32f767zitx.o
                0x08000cb0                Reset_Handler
 .text.Default_Handler
                0x08000d00        0x2 ./Core/Startup/startup_stm32f767zitx.o
                0x08000d00                RTC_Alarm_IRQHandler
                0x08000d00                EXTI2_IRQHandler
                0x08000d00                TIM8_CC_IRQHandler
                0x08000d00                UART8_IRQHandler
                0x08000d00                SPI4_IRQHandler
                0x08000d00                TIM1_CC_IRQHandler
                0x08000d00                DMA2_Stream5_IRQHandler
                0x08000d00                JPEG_IRQHandler
                0x08000d00                DMA1_Stream5_IRQHandler
                0x08000d00                CAN3_RX1_IRQHandler
                0x08000d00                PVD_IRQHandler
                0x08000d00                TAMP_STAMP_IRQHandler
                0x08000d00                CAN2_RX1_IRQHandler
                0x08000d00                EXTI3_IRQHandler
                0x08000d00                TIM8_TRG_COM_TIM14_IRQHandler
                0x08000d00                DFSDM1_FLT1_IRQHandler
                0x08000d00                TIM1_UP_TIM10_IRQHandler
                0x08000d00                TIM8_UP_TIM13_IRQHandler
                0x08000d00                I2C3_ER_IRQHandler
                0x08000d00                DFSDM1_FLT2_IRQHandler
                0x08000d00                EXTI0_IRQHandler
                0x08000d00                I2C2_EV_IRQHandler
                0x08000d00                DMA1_Stream2_IRQHandler
                0x08000d00                CAN1_RX0_IRQHandler
                0x08000d00                FPU_IRQHandler
                0x08000d00                OTG_HS_WKUP_IRQHandler
                0x08000d00                CAN3_SCE_IRQHandler
                0x08000d00                LTDC_ER_IRQHandler
                0x08000d00                CAN2_SCE_IRQHandler
                0x08000d00                DMA2_Stream2_IRQHandler
                0x08000d00                SPI1_IRQHandler
                0x08000d00                TIM1_BRK_TIM9_IRQHandler
                0x08000d00                DCMI_IRQHandler
                0x08000d00                CAN2_RX0_IRQHandler
                0x08000d00                DMA2_Stream3_IRQHandler
                0x08000d00                SAI2_IRQHandler
                0x08000d00                DFSDM1_FLT3_IRQHandler
                0x08000d00                USART6_IRQHandler
                0x08000d00                CAN3_RX0_IRQHandler
                0x08000d00                CAN1_RX1_IRQHandler
                0x08000d00                UART5_IRQHandler
                0x08000d00                DMA2_Stream0_IRQHandler
                0x08000d00                TIM4_IRQHandler
                0x08000d00                QUADSPI_IRQHandler
                0x08000d00                I2C1_EV_IRQHandler
                0x08000d00                DMA1_Stream6_IRQHandler
                0x08000d00                DMA1_Stream1_IRQHandler
                0x08000d00                UART4_IRQHandler
                0x08000d00                TIM3_IRQHandler
                0x08000d00                RCC_IRQHandler
                0x08000d00                TIM8_BRK_TIM12_IRQHandler
                0x08000d00                Default_Handler
                0x08000d00                CEC_IRQHandler
                0x08000d00                EXTI15_10_IRQHandler
                0x08000d00                ADC_IRQHandler
                0x08000d00                DMA1_Stream7_IRQHandler
                0x08000d00                SPI5_IRQHandler
                0x08000d00                TIM7_IRQHandler
                0x08000d00                SDMMC1_IRQHandler
                0x08000d00                CAN2_TX_IRQHandler
                0x08000d00                TIM5_IRQHandler
                0x08000d00                DMA2_Stream7_IRQHandler
                0x08000d00                I2C3_EV_IRQHandler
                0x08000d00                EXTI9_5_IRQHandler
                0x08000d00                RTC_WKUP_IRQHandler
                0x08000d00                LTDC_IRQHandler
                0x08000d00                ETH_WKUP_IRQHandler
                0x08000d00                SPDIF_RX_IRQHandler
                0x08000d00                SPI2_IRQHandler
                0x08000d00                OTG_HS_EP1_IN_IRQHandler
                0x08000d00                DMA1_Stream0_IRQHandler
                0x08000d00                CAN1_TX_IRQHandler
                0x08000d00                EXTI4_IRQHandler
                0x08000d00                RNG_IRQHandler
                0x08000d00                ETH_IRQHandler
                0x08000d00                OTG_HS_EP1_OUT_IRQHandler
                0x08000d00                WWDG_IRQHandler
                0x08000d00                SPI6_IRQHandler
                0x08000d00                MDIOS_IRQHandler
                0x08000d00                I2C4_EV_IRQHandler
                0x08000d00                CAN3_TX_IRQHandler
                0x08000d00                TIM2_IRQHandler
                0x08000d00                OTG_FS_WKUP_IRQHandler
                0x08000d00                TIM1_TRG_COM_TIM11_IRQHandler
                0x08000d00                OTG_HS_IRQHandler
                0x08000d00                DMA2D_IRQHandler
                0x08000d00                EXTI1_IRQHandler
                0x08000d00                SDMMC2_IRQHandler
                0x08000d00                UART7_IRQHandler
                0x08000d00                USART2_IRQHandler
                0x08000d00                DFSDM1_FLT0_IRQHandler
                0x08000d00                I2C2_ER_IRQHandler
                0x08000d00                DMA2_Stream1_IRQHandler
                0x08000d00                CAN1_SCE_IRQHandler
                0x08000d00                FLASH_IRQHandler
                0x08000d00                DMA2_Stream4_IRQHandler
                0x08000d00                USART1_IRQHandler
                0x08000d00                OTG_FS_IRQHandler
                0x08000d00                SPI3_IRQHandler
                0x08000d00                DMA1_Stream4_IRQHandler
                0x08000d00                I2C1_ER_IRQHandler
                0x08000d00                FMC_IRQHandler
                0x08000d00                LPTIM1_IRQHandler
                0x08000d00                I2C4_ER_IRQHandler
                0x08000d00                DMA2_Stream6_IRQHandler
                0x08000d00                SAI1_IRQHandler
                0x08000d00                DMA1_Stream3_IRQHandler
 .text.HAL_Init
                0x08000d02       0x1a ./Drivers/STM32F7xx_HAL_Driver/Src/stm32f7xx_hal.o
                0x08000d02                HAL_Init
 .text.HAL_IncTick
                0x08000d1c       0x28 ./Drivers/STM32F7xx_HAL_Driver/Src/stm32f7xx_hal.o
                0x08000d1c                HAL_IncTick
 .text.HAL_GetTick
                0x08000d44       0x18 ./Drivers/STM32F7xx_HAL_Driver/Src/stm32f7xx_hal.o
                0x08000d44                HAL_GetTick
 .text.__NVIC_SetPriorityGrouping
                0x08000d5c       0x48 ./Drivers/STM32F7xx_HAL_Driver/Src/stm32f7xx_hal_cortex.o
 .text.__NVIC_GetPriorityGrouping
                0x08000da4       0x1c ./Drivers/STM32F7xx_HAL_Driver/Src/stm32f7xx_hal_cortex.o
 .text.__NVIC_EnableIRQ
                0x08000dc0       0x3c ./Drivers/STM32F7xx_HAL_Driver/Src/stm32f7xx_hal_cortex.o
 .text.__NVIC_SetPriority
                0x08000dfc       0x54 ./Drivers/STM32F7xx_HAL_Driver/Src/stm32f7xx_hal_cortex.o
 .text.NVIC_EncodePriority
                0x08000e50       0x66 ./Drivers/STM32F7xx_HAL_Driver/Src/stm32f7xx_hal_cortex.o
 .text.HAL_NVIC_SetPriorityGrouping
                0x08000eb6       0x16 ./Drivers/STM32F7xx_HAL_Driver/Src/stm32f7xx_hal_cortex.o
                0x08000eb6                HAL_NVIC_SetPriorityGrouping
 .text.HAL_NVIC_SetPriority
                0x08000ecc       0x38 ./Drivers/STM32F7xx_HAL_Driver/Src/stm32f7xx_hal_cortex.o
                0x08000ecc                HAL_NVIC_SetPriority
 .text.HAL_NVIC_EnableIRQ
                0x08000f04       0x1c ./Drivers/STM32F7xx_HAL_Driver/Src/stm32f7xx_hal_cortex.o
                0x08000f04                HAL_NVIC_EnableIRQ
 .text.HAL_GPIO_Init
                0x08000f20      0x358 ./Drivers/STM32F7xx_HAL_Driver/Src/stm32f7xx_hal_gpio.o
                0x08000f20                HAL_GPIO_Init
 .text.HAL_GPIO_WritePin
                0x08001278       0x32 ./Drivers/STM32F7xx_HAL_Driver/Src/stm32f7xx_hal_gpio.o
                0x08001278                HAL_GPIO_WritePin
 *fill*         0x080012aa        0x2 
 .text.HAL_RCC_OscConfig
                0x080012ac      0x55c ./Drivers/STM32F7xx_HAL_Driver/Src/stm32f7xx_hal_rcc.o
                0x080012ac                HAL_RCC_OscConfig
 .text.HAL_RCC_ClockConfig
                0x08001808      0x1d8 ./Drivers/STM32F7xx_HAL_Driver/Src/stm32f7xx_hal_rcc.o
                0x08001808                HAL_RCC_ClockConfig
 .text.HAL_RCC_GetSysClockFreq
                0x080019e0      0x208 ./Drivers/STM32F7xx_HAL_Driver/Src/stm32f7xx_hal_rcc.o
                0x080019e0                HAL_RCC_GetSysClockFreq
 .text.HAL_RCC_GetHCLKFreq
                0x08001be8       0x18 ./Drivers/STM32F7xx_HAL_Driver/Src/stm32f7xx_hal_rcc.o
                0x08001be8                HAL_RCC_GetHCLKFreq
 .text.HAL_RCC_GetPCLK1Freq
                0x08001c00       0x28 ./Drivers/STM32F7xx_HAL_Driver/Src/stm32f7xx_hal_rcc.o
                0x08001c00                HAL_RCC_GetPCLK1Freq
 .text.HAL_RCC_GetClockConfig
                0x08001c28       0x64 ./Drivers/STM32F7xx_HAL_Driver/Src/stm32f7xx_hal_rcc.o
                0x08001c28                HAL_RCC_GetClockConfig
 .text.HAL_TIM_Base_Init
                0x08001c8c       0xae ./Drivers/STM32F7xx_HAL_Driver/Src/stm32f7xx_hal_tim.o
                0x08001c8c                HAL_TIM_Base_Init
 .text.HAL_TIM_Base_MspInit
                0x08001d3a       0x14 ./Drivers/STM32F7xx_HAL_Driver/Src/stm32f7xx_hal_tim.o
                0x08001d3a                HAL_TIM_Base_MspInit
 *fill*         0x08001d4e        0x2 
 .text.HAL_TIM_Base_Start_IT
                0x08001d50       0xf0 ./Drivers/STM32F7xx_HAL_Driver/Src/stm32f7xx_hal_tim.o
                0x08001d50                HAL_TIM_Base_Start_IT
 .text.HAL_TIM_IRQHandler
                0x08001e40      0x20e ./Drivers/STM32F7xx_HAL_Driver/Src/stm32f7xx_hal_tim.o
                0x08001e40                HAL_TIM_IRQHandler
 .text.HAL_TIM_OC_DelayElapsedCallback
                0x0800204e       0x14 ./Drivers/STM32F7xx_HAL_Driver/Src/stm32f7xx_hal_tim.o
                0x0800204e                HAL_TIM_OC_DelayElapsedCallback
 .text.HAL_TIM_IC_CaptureCallback
                0x08002062       0x14 ./Drivers/STM32F7xx_HAL_Driver/Src/stm32f7xx_hal_tim.o
                0x08002062                HAL_TIM_IC_CaptureCallback
 .text.HAL_TIM_PWM_PulseFinishedCallback
                0x08002076       0x14 ./Drivers/STM32F7xx_HAL_Driver/Src/stm32f7xx_hal_tim.o
                0x08002076                HAL_TIM_PWM_PulseFinishedCallback
 .text.HAL_TIM_TriggerCallback
                0x0800208a       0x14 ./Drivers/STM32F7xx_HAL_Driver/Src/stm32f7xx_hal_tim.o
                0x0800208a                HAL_TIM_TriggerCallback
 *fill*         0x0800209e        0x2 
 .text.TIM_Base_SetConfig
                0x080020a0      0x158 ./Drivers/STM32F7xx_HAL_Driver/Src/stm32f7xx_hal_tim.o
                0x080020a0                TIM_Base_SetConfig
 .text.HAL_TIMEx_CommutCallback
                0x080021f8       0x14 ./Drivers/STM32F7xx_HAL_Driver/Src/stm32f7xx_hal_tim_ex.o
                0x080021f8                HAL_TIMEx_CommutCallback
 .text.HAL_TIMEx_BreakCallback
                0x0800220c       0x14 ./Drivers/STM32F7xx_HAL_Driver/Src/stm32f7xx_hal_tim_ex.o
                0x0800220c                HAL_TIMEx_BreakCallback
 .text.HAL_TIMEx_Break2Callback
                0x08002220       0x14 ./Drivers/STM32F7xx_HAL_Driver/Src/stm32f7xx_hal_tim_ex.o
                0x08002220                HAL_TIMEx_Break2Callback
 .text.vListInitialise
                0x08002234       0x40 ./Third party/FreeRTOS/list.o
                0x08002234                vListInitialise
 .text.vListInitialiseItem
                0x08002274       0x1a ./Third party/FreeRTOS/list.o
                0x08002274                vListInitialiseItem
 .text.vListInsertEnd
                0x0800228e       0x48 ./Third party/FreeRTOS/list.o
                0x0800228e                vListInsertEnd
 .text.vListInsert
                0x080022d6       0x72 ./Third party/FreeRTOS/list.o
                0x080022d6                vListInsert
 .text.uxListRemove
                0x08002348       0x54 ./Third party/FreeRTOS/list.o
                0x08002348                uxListRemove
 .text.xQueueGenericReset
                0x0800239c       0xb0 ./Third party/FreeRTOS/queue.o
                0x0800239c                xQueueGenericReset
 .text.xQueueGenericCreate
                0x0800244c       0xa0 ./Third party/FreeRTOS/queue.o
                0x0800244c                xQueueGenericCreate
 .text.prvInitialiseNewQueue
                0x080024ec       0x52 ./Third party/FreeRTOS/queue.o
 *fill*         0x0800253e        0x2 
 .text.xQueueGenericSend
                0x08002540      0x1f0 ./Third party/FreeRTOS/queue.o
                0x08002540                xQueueGenericSend
 .text.xQueueGenericSendFromISR
                0x08002730      0x150 ./Third party/FreeRTOS/queue.o
                0x08002730                xQueueGenericSendFromISR
 .text.xQueueReceive
                0x08002880      0x1ec ./Third party/FreeRTOS/queue.o
                0x08002880                xQueueReceive
 .text.prvCopyDataToQueue
                0x08002a6c       0xd4 ./Third party/FreeRTOS/queue.o
 .text.prvCopyDataFromQueue
                0x08002b40       0x4c ./Third party/FreeRTOS/queue.o
 .text.prvUnlockQueue
                0x08002b8c       0xa4 ./Third party/FreeRTOS/queue.o
 .text.prvIsQueueEmpty
                0x08002c30       0x2c ./Third party/FreeRTOS/queue.o
 .text.prvIsQueueFull
                0x08002c5c       0x30 ./Third party/FreeRTOS/queue.o
 .text.vQueueAddToRegistry
                0x08002c8c       0x64 ./Third party/FreeRTOS/queue.o
                0x08002c8c                vQueueAddToRegistry
 .text.vQueueWaitForMessageRestricted
                0x08002cf0       0x68 ./Third party/FreeRTOS/queue.o
                0x08002cf0                vQueueWaitForMessageRestricted
 .text.xTaskCreate
                0x08002d58       0x82 ./Third party/FreeRTOS/tasks.o
                0x08002d58                xTaskCreate
 *fill*         0x08002dda        0x2 
 .text.prvInitialiseNewTask
                0x08002ddc      0x124 ./Third party/FreeRTOS/tasks.o
 .text.prvAddNewTaskToReadyList
                0x08002f00       0xfc ./Third party/FreeRTOS/tasks.o
 .text.vTaskStartScheduler
                0x08002ffc       0xbc ./Third party/FreeRTOS/tasks.o
                0x08002ffc                vTaskStartScheduler
 .text.vTaskSuspendAll
                0x080030b8       0x1c ./Third party/FreeRTOS/tasks.o
                0x080030b8                vTaskSuspendAll
 .text.xTaskResumeAll
                0x080030d4      0x11c ./Third party/FreeRTOS/tasks.o
                0x080030d4                xTaskResumeAll
 .text.xTaskGetTickCount
                0x080031f0       0x20 ./Third party/FreeRTOS/tasks.o
                0x080031f0                xTaskGetTickCount
 .text.xTaskGetTickCountFromISR
                0x08003210       0x24 ./Third party/FreeRTOS/tasks.o
                0x08003210                xTaskGetTickCountFromISR
 .text.xTaskIncrementTick
                0x08003234      0x12c ./Third party/FreeRTOS/tasks.o
                0x08003234                xTaskIncrementTick
 .text.vTaskSwitchContext
                0x08003360       0xcc ./Third party/FreeRTOS/tasks.o
                0x08003360                vTaskSwitchContext
 .text.vTaskPlaceOnEventList
                0x0800342c       0x40 ./Third party/FreeRTOS/tasks.o
                0x0800342c                vTaskPlaceOnEventList
 .text.vTaskPlaceOnEventListRestricted
                0x0800346c       0x54 ./Third party/FreeRTOS/tasks.o
                0x0800346c                vTaskPlaceOnEventListRestricted
 .text.xTaskRemoveFromEventList
                0x080034c0       0xc4 ./Third party/FreeRTOS/tasks.o
                0x080034c0                xTaskRemoveFromEventList
 .text.vTaskInternalSetTimeOutState
                0x08003584       0x2c ./Third party/FreeRTOS/tasks.o
                0x08003584                vTaskInternalSetTimeOutState
 .text.xTaskCheckForTimeOut
                0x080035b0       0xb8 ./Third party/FreeRTOS/tasks.o
                0x080035b0                xTaskCheckForTimeOut
 .text.vTaskMissedYield
                0x08003668       0x18 ./Third party/FreeRTOS/tasks.o
                0x08003668                vTaskMissedYield
 .text.prvIdleTask
                0x08003680       0x24 ./Third party/FreeRTOS/tasks.o
 .text.prvInitialiseTaskLists
                0x080036a4       0x80 ./Third party/FreeRTOS/tasks.o
 .text.prvCheckTasksWaitingTermination
                0x08003724       0x5c ./Third party/FreeRTOS/tasks.o
 .text.prvDeleteTCB
                0x08003780       0x20 ./Third party/FreeRTOS/tasks.o
 .text.prvResetNextTaskUnblockTime
                0x080037a0       0x38 ./Third party/FreeRTOS/tasks.o
 .text.xTaskGetSchedulerState
                0x080037d8       0x3c ./Third party/FreeRTOS/tasks.o
                0x080037d8                xTaskGetSchedulerState
 .text.xTaskPriorityDisinherit
                0x08003814       0xec ./Third party/FreeRTOS/tasks.o
                0x08003814                xTaskPriorityDisinherit
 .text.prvAddCurrentTaskToDelayedList
                0x08003900       0xf0 ./Third party/FreeRTOS/tasks.o
 .text.xTimerCreateTimerTask
                0x080039f0       0x5c ./Third party/FreeRTOS/timers.o
                0x080039f0                xTimerCreateTimerTask
 .text.xTimerGenericCommand
                0x08003a4c       0x94 ./Third party/FreeRTOS/timers.o
                0x08003a4c                xTimerGenericCommand
 .text.prvProcessExpiredTimer
                0x08003ae0       0x94 ./Third party/FreeRTOS/timers.o
 .text.prvTimerTask
                0x08003b74       0x26 ./Third party/FreeRTOS/timers.o
 *fill*         0x08003b9a        0x2 
 .text.prvProcessTimerOrBlockTask
                0x08003b9c       0x9c ./Third party/FreeRTOS/timers.o
 .text.prvGetNextExpireTime
                0x08003c38       0x48 ./Third party/FreeRTOS/timers.o
 .text.prvSampleTimeNow
                0x08003c80       0x40 ./Third party/FreeRTOS/timers.o
 .text.prvInsertTimerInActiveList
                0x08003cc0       0x84 ./Third party/FreeRTOS/timers.o
 .text.prvProcessReceivedCommands
                0x08003d44      0x1ac ./Third party/FreeRTOS/timers.o
 .text.prvSwitchTimerLists
                0x08003ef0       0xc0 ./Third party/FreeRTOS/timers.o
 .text.prvCheckForValidListAndQueue
                0x08003fb0       0x6c ./Third party/FreeRTOS/timers.o
 .text.pxPortInitialiseStack
                0x0800401c       0x68 ./Third party/FreeRTOS/portable/GCC/ARM_CM4F/port.o
                0x0800401c                pxPortInitialiseStack
 .text.prvTaskExitError
                0x08004084       0x4c ./Third party/FreeRTOS/portable/GCC/ARM_CM4F/port.o
 .text.SVC_Handler
                0x080040d0       0x28 ./Third party/FreeRTOS/portable/GCC/ARM_CM4F/port.o
                0x080040d0                SVC_Handler
 .text.prvPortStartFirstTask
                0x080040f8       0x2c ./Third party/FreeRTOS/portable/GCC/ARM_CM4F/port.o
 .text.xPortStartScheduler
                0x08004124      0x138 ./Third party/FreeRTOS/portable/GCC/ARM_CM4F/port.o
                0x08004124                xPortStartScheduler
 .text.vInitPrioGroupValue
                0x0800425c       0xec ./Third party/FreeRTOS/portable/GCC/ARM_CM4F/port.o
                0x0800425c                vInitPrioGroupValue
 .text.vPortEnterCritical
                0x08004348       0x54 ./Third party/FreeRTOS/portable/GCC/ARM_CM4F/port.o
                0x08004348                vPortEnterCritical
 .text.vPortExitCritical
                0x0800439c       0x48 ./Third party/FreeRTOS/portable/GCC/ARM_CM4F/port.o
                0x0800439c                vPortExitCritical
 *fill*         0x080043e4        0xc 
 .text.PendSV_Handler
                0x080043f0       0x68 ./Third party/FreeRTOS/portable/GCC/ARM_CM4F/port.o
                0x080043f0                PendSV_Handler
 .text.SysTick_Handler
                0x08004458       0x54 ./Third party/FreeRTOS/portable/GCC/ARM_CM4F/port.o
                0x08004458                SysTick_Handler
 .text.vPortSetupTimerInterrupt
                0x080044ac       0x48 ./Third party/FreeRTOS/portable/GCC/ARM_CM4F/port.o
                0x080044ac                vPortSetupTimerInterrupt
 .text.vPortEnableVFP
                0x080044f4       0x18 ./Third party/FreeRTOS/portable/GCC/ARM_CM4F/port.o
 .text.vPortValidateInterruptPriority
                0x0800450c       0x68 ./Third party/FreeRTOS/portable/GCC/ARM_CM4F/port.o
                0x0800450c                vPortValidateInterruptPriority
 .text.pvPortMalloc
                0x08004574      0x19c ./Third party/FreeRTOS/portable/MemMang/heap_4.o
                0x08004574                pvPortMalloc
 .text.vPortFree
                0x08004710       0xb0 ./Third party/FreeRTOS/portable/MemMang/heap_4.o
                0x08004710                vPortFree
 .text.prvHeapInit
                0x080047c0       0xc4 ./Third party/FreeRTOS/portable/MemMang/heap_4.o
 .text.prvInsertBlockIntoFreeList
                0x08004884       0xb4 ./Third party/FreeRTOS/portable/MemMang/heap_4.o
 .text._cbSendSystemDesc
                0x08004938       0x1c ./Third party/SEGGER/Config/SEGGER_SYSVIEW_Config_FreeRTOS.o
 .text.SEGGER_SYSVIEW_Conf
                0x08004954       0x2c ./Third party/SEGGER/Config/SEGGER_SYSVIEW_Config_FreeRTOS.o
                0x08004954                SEGGER_SYSVIEW_Conf
 .text._cbSendTaskList
                0x08004980       0x90 ./Third party/SEGGER/OS/SEGGER_SYSVIEW_FreeRTOS.o
 .text._cbGetTime
                0x08004a10       0x86 ./Third party/SEGGER/OS/SEGGER_SYSVIEW_FreeRTOS.o
 *fill*         0x08004a96        0x2 
 .text.SYSVIEW_AddTask
                0x08004a98       0xd0 ./Third party/SEGGER/OS/SEGGER_SYSVIEW_FreeRTOS.o
                0x08004a98                SYSVIEW_AddTask
 .text.SYSVIEW_SendTaskInfo
                0x08004b68       0x42 ./Third party/SEGGER/OS/SEGGER_SYSVIEW_FreeRTOS.o
                0x08004b68                SYSVIEW_SendTaskInfo
 *fill*         0x08004baa        0x2 
 .text._DoInit  0x08004bac       0xb4 ./Third party/SEGGER/SEGGER/SEGGER_RTT.o
 .text._WriteBlocking
                0x08004c60       0xba ./Third party/SEGGER/SEGGER/SEGGER_RTT.o
 .text._WriteNoCheck
                0x08004d1a       0x90 ./Third party/SEGGER/SEGGER/SEGGER_RTT.o
 .text._GetAvailWriteSpace
                0x08004daa       0x46 ./Third party/SEGGER/SEGGER/SEGGER_RTT.o
 .text.SEGGER_RTT_ReadUpBufferNoLock
                0x08004df0      0x10c ./Third party/SEGGER/SEGGER/SEGGER_RTT.o
                0x08004df0                SEGGER_RTT_ReadUpBufferNoLock
 .text.SEGGER_RTT_ReadNoLock
                0x08004efc      0x10c ./Third party/SEGGER/SEGGER/SEGGER_RTT.o
                0x08004efc                SEGGER_RTT_ReadNoLock
 .text.SEGGER_RTT_WriteDownBufferNoLock
                0x08005008       0xa0 ./Third party/SEGGER/SEGGER/SEGGER_RTT.o
                0x08005008                SEGGER_RTT_WriteDownBufferNoLock
 .text.SEGGER_RTT_WriteDownBuffer
                0x080050a8       0x4c ./Third party/SEGGER/SEGGER/SEGGER_RTT.o
                0x080050a8                SEGGER_RTT_WriteDownBuffer
 .text.SEGGER_RTT_AllocUpBuffer
                0x080050f4      0x108 ./Third party/SEGGER/SEGGER/SEGGER_RTT.o
                0x080050f4                SEGGER_RTT_AllocUpBuffer
 .text.SEGGER_RTT_ConfigDownBuffer
                0x080051fc       0x98 ./Third party/SEGGER/SEGGER/SEGGER_RTT.o
                0x080051fc                SEGGER_RTT_ConfigDownBuffer
 .text._EncodeStr
                0x08005294       0x60 ./Third party/SEGGER/SEGGER/SEGGER_SYSVIEW.o
 .text._PreparePacket
                0x080052f4       0x18 ./Third party/SEGGER/SEGGER/SEGGER_SYSVIEW.o
 .text._HandleIncomingPacket
                0x0800530c       0xdc ./Third party/SEGGER/SEGGER/SEGGER_SYSVIEW.o
 .text._TrySendOverflowPacket
                0x080053e8       0xe8 ./Third party/SEGGER/SEGGER/SEGGER_SYSVIEW.o
 .text._SendPacket
                0x080054d0      0x2e0 ./Third party/SEGGER/SEGGER/SEGGER_SYSVIEW.o
 .text._StoreChar
                0x080057b0       0xf6 ./Third party/SEGGER/SEGGER/SEGGER_SYSVIEW.o
 *fill*         0x080058a6        0x2 
 .text._PrintUnsigned
                0x080058a8      0x12c ./Third party/SEGGER/SEGGER/SEGGER_SYSVIEW.o
 .text._PrintInt
                0x080059d4      0x11e ./Third party/SEGGER/SEGGER/SEGGER_SYSVIEW.o
 *fill*         0x08005af2        0x2 
 .text._VPrintTarget
                0x08005af4      0x440 ./Third party/SEGGER/SEGGER/SEGGER_SYSVIEW.o
 .text.SEGGER_SYSVIEW_Init
                0x08005f34       0x88 ./Third party/SEGGER/SEGGER/SEGGER_SYSVIEW.o
                0x08005f34                SEGGER_SYSVIEW_Init
 .text.SEGGER_SYSVIEW_SetRAMBase
                0x08005fbc       0x20 ./Third party/SEGGER/SEGGER/SEGGER_SYSVIEW.o
                0x08005fbc                SEGGER_SYSVIEW_SetRAMBase
 .text.SEGGER_SYSVIEW_RecordVoid
                0x08005fdc       0x3c ./Third party/SEGGER/SEGGER/SEGGER_SYSVIEW.o
                0x08005fdc                SEGGER_SYSVIEW_RecordVoid
 .text.SEGGER_SYSVIEW_RecordU32
                0x08006018       0x78 ./Third party/SEGGER/SEGGER/SEGGER_SYSVIEW.o
                0x08006018                SEGGER_SYSVIEW_RecordU32
 .text.SEGGER_SYSVIEW_RecordU32x2
                0x08006090       0xb4 ./Third party/SEGGER/SEGGER/SEGGER_SYSVIEW.o
                0x08006090                SEGGER_SYSVIEW_RecordU32x2
 .text.SEGGER_SYSVIEW_RecordU32x3
                0x08006144       0xec ./Third party/SEGGER/SEGGER/SEGGER_SYSVIEW.o
                0x08006144                SEGGER_SYSVIEW_RecordU32x3
 .text.SEGGER_SYSVIEW_RecordU32x4
                0x08006230      0x124 ./Third party/SEGGER/SEGGER/SEGGER_SYSVIEW.o
                0x08006230                SEGGER_SYSVIEW_RecordU32x4
 .text.SEGGER_SYSVIEW_Start
                0x08006354      0x178 ./Third party/SEGGER/SEGGER/SEGGER_SYSVIEW.o
                0x08006354                SEGGER_SYSVIEW_Start
 .text.SEGGER_SYSVIEW_Stop
                0x080064cc       0x4c ./Third party/SEGGER/SEGGER/SEGGER_SYSVIEW.o
                0x080064cc                SEGGER_SYSVIEW_Stop
 .text.SEGGER_SYSVIEW_GetSysDesc
                0x08006518      0x134 ./Third party/SEGGER/SEGGER/SEGGER_SYSVIEW.o
                0x08006518                SEGGER_SYSVIEW_GetSysDesc
 .text.SEGGER_SYSVIEW_SendTaskInfo
                0x0800664c      0x1c8 ./Third party/SEGGER/SEGGER/SEGGER_SYSVIEW.o
                0x0800664c                SEGGER_SYSVIEW_SendTaskInfo
 .text.SEGGER_SYSVIEW_SendTaskList
                0x08006814       0x28 ./Third party/SEGGER/SEGGER/SEGGER_SYSVIEW.o
                0x08006814                SEGGER_SYSVIEW_SendTaskList
 .text.SEGGER_SYSVIEW_SendSysDesc
                0x0800683c       0x48 ./Third party/SEGGER/SEGGER/SEGGER_SYSVIEW.o
                0x0800683c                SEGGER_SYSVIEW_SendSysDesc
 .text.SEGGER_SYSVIEW_RecordSystime
                0x08006884       0x64 ./Third party/SEGGER/SEGGER/SEGGER_SYSVIEW.o
                0x08006884                SEGGER_SYSVIEW_RecordSystime
 .text.SEGGER_SYSVIEW_RecordEnterISR
                0x080068e8       0x84 ./Third party/SEGGER/SEGGER/SEGGER_SYSVIEW.o
                0x080068e8                SEGGER_SYSVIEW_RecordEnterISR
 .text.SEGGER_SYSVIEW_RecordExitISR
                0x0800696c       0x38 ./Third party/SEGGER/SEGGER/SEGGER_SYSVIEW.o
                0x0800696c                SEGGER_SYSVIEW_RecordExitISR
 .text.SEGGER_SYSVIEW_RecordExitISRToScheduler
                0x080069a4       0x38 ./Third party/SEGGER/SEGGER/SEGGER_SYSVIEW.o
                0x080069a4                SEGGER_SYSVIEW_RecordExitISRToScheduler
 .text.SEGGER_SYSVIEW_OnIdle
                0x080069dc       0x38 ./Third party/SEGGER/SEGGER/SEGGER_SYSVIEW.o
                0x080069dc                SEGGER_SYSVIEW_OnIdle
 .text.SEGGER_SYSVIEW_OnTaskCreate
                0x08006a14       0x84 ./Third party/SEGGER/SEGGER/SEGGER_SYSVIEW.o
                0x08006a14                SEGGER_SYSVIEW_OnTaskCreate
 .text.SEGGER_SYSVIEW_OnTaskStartExec
                0x08006a98       0x84 ./Third party/SEGGER/SEGGER/SEGGER_SYSVIEW.o
                0x08006a98                SEGGER_SYSVIEW_OnTaskStartExec
 .text.SEGGER_SYSVIEW_OnTaskStartReady
                0x08006b1c       0x84 ./Third party/SEGGER/SEGGER/SEGGER_SYSVIEW.o
                0x08006b1c                SEGGER_SYSVIEW_OnTaskStartReady
 .text.SEGGER_SYSVIEW_OnTaskStopReady
                0x08006ba0       0xc0 ./Third party/SEGGER/SEGGER/SEGGER_SYSVIEW.o
                0x08006ba0                SEGGER_SYSVIEW_OnTaskStopReady
 .text.SEGGER_SYSVIEW_ShrinkId
                0x08006c60       0x20 ./Third party/SEGGER/SEGGER/SEGGER_SYSVIEW.o
                0x08006c60                SEGGER_SYSVIEW_ShrinkId
 .text.SEGGER_SYSVIEW_SendModule
                0x08006c80      0x114 ./Third party/SEGGER/SEGGER/SEGGER_SYSVIEW.o
                0x08006c80                SEGGER_SYSVIEW_SendModule
 .text.SEGGER_SYSVIEW_SendModuleDescription
                0x08006d94       0x3c ./Third party/SEGGER/SEGGER/SEGGER_SYSVIEW.o
                0x08006d94                SEGGER_SYSVIEW_SendModuleDescription
 .text.SEGGER_SYSVIEW_SendNumModules
                0x08006dd0       0x7c ./Third party/SEGGER/SEGGER/SEGGER_SYSVIEW.o
                0x08006dd0                SEGGER_SYSVIEW_SendNumModules
 .text.SEGGER_SYSVIEW_PrintfTarget
                0x08006e4c       0x28 ./Third party/SEGGER/SEGGER/SEGGER_SYSVIEW.o
                0x08006e4c                SEGGER_SYSVIEW_PrintfTarget
 .text.SEGGER_SYSVIEW_Warn
                0x08006e74       0xb8 ./Third party/SEGGER/SEGGER/SEGGER_SYSVIEW.o
                0x08006e74                SEGGER_SYSVIEW_Warn
 .text.SEGGER_SYSVIEW_IsStarted
                0x08006f2c       0x5c ./Third party/SEGGER/SEGGER/SEGGER_SYSVIEW.o
                0x08006f2c                SEGGER_SYSVIEW_IsStarted
 .text.__NVIC_EnableIRQ
                0x08006f88       0x3c ./Third party/SEGGER/rec/segger_uart.o
 .text.__NVIC_SetPriority
                0x08006fc4       0x54 ./Third party/SEGGER/rec/segger_uart.o
 .text._StartSysView
                0x08007018       0x1e ./Third party/SEGGER/rec/segger_uart.o
 *fill*         0x08007036        0x2 
 .text._cbOnUARTRx
                0x08007038       0x40 ./Third party/SEGGER/rec/segger_uart.o
 .text._cbOnUARTTx
                0x08007078       0x64 ./Third party/SEGGER/rec/segger_uart.o
 .text.SEGGER_UART_init
                0x080070dc       0x24 ./Third party/SEGGER/rec/segger_uart.o
                0x080070dc                SEGGER_UART_init
 .text.USART3_IRQHandler
                0x08007100       0x98 ./Third party/SEGGER/rec/segger_uart.o
                0x08007100                USART3_IRQHandler
 .text.HIF_UART_EnableTXEInterrupt
                0x08007198       0x20 ./Third party/SEGGER/rec/segger_uart.o
                0x08007198                HIF_UART_EnableTXEInterrupt
 .text.HIF_UART_Init
                0x080071b8       0xf0 ./Third party/SEGGER/rec/segger_uart.o
                0x080071b8                HIF_UART_Init
 .text.snprintf
                0x080072a8       0x68 C:/ST/STM32CubeIDE_1.15.1/STM32CubeIDE/plugins/com.st.stm32cube.ide.mcu.externaltools.gnu-tools-for-stm32.12.3.rel1.win32_1.0.100.202403111256/tools/bin/../lib/gcc/arm-none-eabi/12.3.1/../../../../arm-none-eabi/lib/thumb/v7e-m+dp/hard\libc_nano.a(libc_a-snprintf.o)
                0x080072a8                sniprintf
                0x080072a8                snprintf
 .text.memcmp   0x08007310       0x20 C:/ST/STM32CubeIDE_1.15.1/STM32CubeIDE/plugins/com.st.stm32cube.ide.mcu.externaltools.gnu-tools-for-stm32.12.3.rel1.win32_1.0.100.202403111256/tools/bin/../lib/gcc/arm-none-eabi/12.3.1/../../../../arm-none-eabi/lib/thumb/v7e-m+dp/hard\libc_nano.a(libc_a-memcmp.o)
                0x08007310                memcmp
 .text.memset   0x08007330       0x10 C:/ST/STM32CubeIDE_1.15.1/STM32CubeIDE/plugins/com.st.stm32cube.ide.mcu.externaltools.gnu-tools-for-stm32.12.3.rel1.win32_1.0.100.202403111256/tools/bin/../lib/gcc/arm-none-eabi/12.3.1/../../../../arm-none-eabi/lib/thumb/v7e-m+dp/hard\libc_nano.a(libc_a-memset.o)
                0x08007330                memset
 .text.__libc_init_array
                0x08007340       0x48 C:/ST/STM32CubeIDE_1.15.1/STM32CubeIDE/plugins/com.st.stm32cube.ide.mcu.externaltools.gnu-tools-for-stm32.12.3.rel1.win32_1.0.100.202403111256/tools/bin/../lib/gcc/arm-none-eabi/12.3.1/../../../../arm-none-eabi/lib/thumb/v7e-m+dp/hard\libc_nano.a(libc_a-init.o)
                0x08007340                __libc_init_array
 .text.__retarget_lock_acquire_recursive
                0x08007388        0x2 C:/ST/STM32CubeIDE_1.15.1/STM32CubeIDE/plugins/com.st.stm32cube.ide.mcu.externaltools.gnu-tools-for-stm32.12.3.rel1.win32_1.0.100.202403111256/tools/bin/../lib/gcc/arm-none-eabi/12.3.1/../../../../arm-none-eabi/lib/thumb/v7e-m+dp/hard\libc_nano.a(libc_a-lock.o)
                0x08007388                __retarget_lock_acquire_recursive
 .text.__retarget_lock_release_recursive
                0x0800738a        0x2 C:/ST/STM32CubeIDE_1.15.1/STM32CubeIDE/plugins/com.st.stm32cube.ide.mcu.externaltools.gnu-tools-for-stm32.12.3.rel1.win32_1.0.100.202403111256/tools/bin/../lib/gcc/arm-none-eabi/12.3.1/../../../../arm-none-eabi/lib/thumb/v7e-m+dp/hard\libc_nano.a(libc_a-lock.o)
                0x0800738a                __retarget_lock_release_recursive
 .text.memcpy   0x0800738c       0x1c C:/ST/STM32CubeIDE_1.15.1/STM32CubeIDE/plugins/com.st.stm32cube.ide.mcu.externaltools.gnu-tools-for-stm32.12.3.rel1.win32_1.0.100.202403111256/tools/bin/../lib/gcc/arm-none-eabi/12.3.1/../../../../arm-none-eabi/lib/thumb/v7e-m+dp/hard\libc_nano.a(libc_a-memcpy-stub.o)
                0x0800738c                memcpy
 .text._free_r  0x080073a8       0x94 C:/ST/STM32CubeIDE_1.15.1/STM32CubeIDE/plugins/com.st.stm32cube.ide.mcu.externaltools.gnu-tools-for-stm32.12.3.rel1.win32_1.0.100.202403111256/tools/bin/../lib/gcc/arm-none-eabi/12.3.1/../../../../arm-none-eabi/lib/thumb/v7e-m+dp/hard\libc_nano.a(libc_a-freer.o)
                0x080073a8                _free_r
 .text.sbrk_aligned
                0x0800743c       0x44 C:/ST/STM32CubeIDE_1.15.1/STM32CubeIDE/plugins/com.st.stm32cube.ide.mcu.externaltools.gnu-tools-for-stm32.12.3.rel1.win32_1.0.100.202403111256/tools/bin/../lib/gcc/arm-none-eabi/12.3.1/../../../../arm-none-eabi/lib/thumb/v7e-m+dp/hard\libc_nano.a(libc_a-mallocr.o)
 .text._malloc_r
                0x08007480      0x100 C:/ST/STM32CubeIDE_1.15.1/STM32CubeIDE/plugins/com.st.stm32cube.ide.mcu.externaltools.gnu-tools-for-stm32.12.3.rel1.win32_1.0.100.202403111256/tools/bin/../lib/gcc/arm-none-eabi/12.3.1/../../../../arm-none-eabi/lib/thumb/v7e-m+dp/hard\libc_nano.a(libc_a-mallocr.o)
                0x08007480                _malloc_r
 .text.__malloc_lock
                0x08007580        0xc C:/ST/STM32CubeIDE_1.15.1/STM32CubeIDE/plugins/com.st.stm32cube.ide.mcu.externaltools.gnu-tools-for-stm32.12.3.rel1.win32_1.0.100.202403111256/tools/bin/../lib/gcc/arm-none-eabi/12.3.1/../../../../arm-none-eabi/lib/thumb/v7e-m+dp/hard\libc_nano.a(libc_a-mlock.o)
                0x08007580                __malloc_lock
 .text.__malloc_unlock
                0x0800758c        0xc C:/ST/STM32CubeIDE_1.15.1/STM32CubeIDE/plugins/com.st.stm32cube.ide.mcu.externaltools.gnu-tools-for-stm32.12.3.rel1.win32_1.0.100.202403111256/tools/bin/../lib/gcc/arm-none-eabi/12.3.1/../../../../arm-none-eabi/lib/thumb/v7e-m+dp/hard\libc_nano.a(libc_a-mlock.o)
                0x0800758c                __malloc_unlock
 .text.__ssputs_r
                0x08007598       0xb6 C:/ST/STM32CubeIDE_1.15.1/STM32CubeIDE/plugins/com.st.stm32cube.ide.mcu.externaltools.gnu-tools-for-stm32.12.3.rel1.win32_1.0.100.202403111256/tools/bin/../lib/gcc/arm-none-eabi/12.3.1/../../../../arm-none-eabi/lib/thumb/v7e-m+dp/hard\libc_nano.a(libc_a-nano-svfprintf.o)
                0x08007598                __ssputs_r
 *fill*         0x0800764e        0x2 
 .text._svfprintf_r
                0x08007650      0x1f8 C:/ST/STM32CubeIDE_1.15.1/STM32CubeIDE/plugins/com.st.stm32cube.ide.mcu.externaltools.gnu-tools-for-stm32.12.3.rel1.win32_1.0.100.202403111256/tools/bin/../lib/gcc/arm-none-eabi/12.3.1/../../../../arm-none-eabi/lib/thumb/v7e-m+dp/hard\libc_nano.a(libc_a-nano-svfprintf.o)
                0x08007650                _svfiprintf_r
                0x08007650                _svfprintf_r
 .text._printf_common
                0x08007848       0xda C:/ST/STM32CubeIDE_1.15.1/STM32CubeIDE/plugins/com.st.stm32cube.ide.mcu.externaltools.gnu-tools-for-stm32.12.3.rel1.win32_1.0.100.202403111256/tools/bin/../lib/gcc/arm-none-eabi/12.3.1/../../../../arm-none-eabi/lib/thumb/v7e-m+dp/hard\libc_nano.a(libc_a-nano-vfprintf_i.o)
                0x08007848                _printf_common
 *fill*         0x08007922        0x2 
 .text._printf_i
                0x08007924      0x240 C:/ST/STM32CubeIDE_1.15.1/STM32CubeIDE/plugins/com.st.stm32cube.ide.mcu.externaltools.gnu-tools-for-stm32.12.3.rel1.win32_1.0.100.202403111256/tools/bin/../lib/gcc/arm-none-eabi/12.3.1/../../../../arm-none-eabi/lib/thumb/v7e-m+dp/hard\libc_nano.a(libc_a-nano-vfprintf_i.o)
                0x08007924                _printf_i
 .text.memmove  0x08007b64       0x34 C:/ST/STM32CubeIDE_1.15.1/STM32CubeIDE/plugins/com.st.stm32cube.ide.mcu.externaltools.gnu-tools-for-stm32.12.3.rel1.win32_1.0.100.202403111256/tools/bin/../lib/gcc/arm-none-eabi/12.3.1/../../../../arm-none-eabi/lib/thumb/v7e-m+dp/hard\libc_nano.a(libc_a-memmove.o)
                0x08007b64                memmove
 .text._sbrk_r  0x08007b98       0x20 C:/ST/STM32CubeIDE_1.15.1/STM32CubeIDE/plugins/com.st.stm32cube.ide.mcu.externaltools.gnu-tools-for-stm32.12.3.rel1.win32_1.0.100.202403111256/tools/bin/../lib/gcc/arm-none-eabi/12.3.1/../../../../arm-none-eabi/lib/thumb/v7e-m+dp/hard\libc_nano.a(libc_a-sbrkr.o)
                0x08007b98                _sbrk_r
 .text._realloc_r
                0x08007bb8       0x5c C:/ST/STM32CubeIDE_1.15.1/STM32CubeIDE/plugins/com.st.stm32cube.ide.mcu.externaltools.gnu-tools-for-stm32.12.3.rel1.win32_1.0.100.202403111256/tools/bin/../lib/gcc/arm-none-eabi/12.3.1/../../../../arm-none-eabi/lib/thumb/v7e-m+dp/hard\libc_nano.a(libc_a-reallocr.o)
                0x08007bb8                _realloc_r
 .text._malloc_usable_size_r
                0x08007c14       0x10 C:/ST/STM32CubeIDE_1.15.1/STM32CubeIDE/plugins/com.st.stm32cube.ide.mcu.externaltools.gnu-tools-for-stm32.12.3.rel1.win32_1.0.100.202403111256/tools/bin/../lib/gcc/arm-none-eabi/12.3.1/../../../../arm-none-eabi/lib/thumb/v7e-m+dp/hard\libc_nano.a(libc_a-msizer.o)
                0x08007c14                _malloc_usable_size_r
 .text._sbrk    0x08007c24       0x1c C:/ST/STM32CubeIDE_1.15.1/STM32CubeIDE/plugins/com.st.stm32cube.ide.mcu.externaltools.gnu-tools-for-stm32.12.3.rel1.win32_1.0.100.202403111256/tools/bin/../lib/gcc/arm-none-eabi/12.3.1/../../../../arm-none-eabi/lib/thumb/v7e-m+dp/hard\libnosys.a(sbrk.o)
                0x08007c24                _sbrk
 *(.glue_7)
 .glue_7        0x08007c40        0x0 linker stubs
 *(.glue_7t)
 .glue_7t       0x08007c40        0x0 linker stubs
 *(.eh_frame)
 .eh_frame      0x08007c40        0x0 C:/ST/STM32CubeIDE_1.15.1/STM32CubeIDE/plugins/com.st.stm32cube.ide.mcu.externaltools.gnu-tools-for-stm32.12.3.rel1.win32_1.0.100.202403111256/tools/bin/../lib/gcc/arm-none-eabi/12.3.1/thumb/v7e-m+dp/hard/crtbegin.o
 *(.init)
 .init          0x08007c40        0x4 C:/ST/STM32CubeIDE_1.15.1/STM32CubeIDE/plugins/com.st.stm32cube.ide.mcu.externaltools.gnu-tools-for-stm32.12.3.rel1.win32_1.0.100.202403111256/tools/bin/../lib/gcc/arm-none-eabi/12.3.1/thumb/v7e-m+dp/hard/crti.o
                0x08007c40                _init
 .init          0x08007c44        0x8 C:/ST/STM32CubeIDE_1.15.1/STM32CubeIDE/plugins/com.st.stm32cube.ide.mcu.externaltools.gnu-tools-for-stm32.12.3.rel1.win32_1.0.100.202403111256/tools/bin/../lib/gcc/arm-none-eabi/12.3.1/thumb/v7e-m+dp/hard/crtn.o
 *(.fini)
 .fini          0x08007c4c        0x4 C:/ST/STM32CubeIDE_1.15.1/STM32CubeIDE/plugins/com.st.stm32cube.ide.mcu.externaltools.gnu-tools-for-stm32.12.3.rel1.win32_1.0.100.202403111256/tools/bin/../lib/gcc/arm-none-eabi/12.3.1/thumb/v7e-m+dp/hard/crti.o
                0x08007c4c                _fini
 .fini          0x08007c50        0x8 C:/ST/STM32CubeIDE_1.15.1/STM32CubeIDE/plugins/com.st.stm32cube.ide.mcu.externaltools.gnu-tools-for-stm32.12.3.rel1.win32_1.0.100.202403111256/tools/bin/../lib/gcc/arm-none-eabi/12.3.1/thumb/v7e-m+dp/hard/crtn.o
                0x08007c58                        . = ALIGN (0x4)
                0x08007c58                        _etext = .

.vfp11_veneer   0x08007c58        0x0
 .vfp11_veneer  0x08007c58        0x0 linker stubs

.v4_bx          0x08007c58        0x0
 .v4_bx         0x08007c58        0x0 linker stubs

.iplt           0x08007c58        0x0
 .iplt          0x08007c58        0x0 C:/ST/STM32CubeIDE_1.15.1/STM32CubeIDE/plugins/com.st.stm32cube.ide.mcu.externaltools.gnu-tools-for-stm32.12.3.rel1.win32_1.0.100.202403111256/tools/bin/../lib/gcc/arm-none-eabi/12.3.1/thumb/v7e-m+dp/hard/crtbegin.o

.rodata         0x08007c58      0x2a4
                0x08007c58                        . = ALIGN (0x4)
 *(.rodata)
 .rodata        0x08007c58       0x58 ./Core/Src/main.o
 .rodata        0x08007cb0       0x20 ./Third party/FreeRTOS/queue.o
 .rodata        0x08007cd0       0x37 ./Third party/FreeRTOS/tasks.o
 *fill*         0x08007d07        0x1 
 .rodata        0x08007d08       0x31 ./Third party/FreeRTOS/timers.o
 *fill*         0x08007d39        0x3 
 .rodata        0x08007d3c       0x35 ./Third party/FreeRTOS/portable/GCC/ARM_CM4F/port.o
 *fill*         0x08007d71        0x3 
 .rodata        0x08007d74       0x32 ./Third party/FreeRTOS/portable/MemMang/heap_4.o
 *fill*         0x08007da6        0x2 
 .rodata        0x08007da8       0x55 ./Third party/SEGGER/Config/SEGGER_SYSVIEW_Config_FreeRTOS.o
 *fill*         0x08007dfd        0x3 
 .rodata        0x08007e00       0x58 ./Third party/SEGGER/OS/SEGGER_SYSVIEW_FreeRTOS.o
 .rodata        0x08007e58        0x9 ./Third party/SEGGER/SEGGER/SEGGER_RTT.o
 *fill*         0x08007e61        0x3 
 .rodata        0x08007e64       0x10 ./Third party/SEGGER/SEGGER/SEGGER_SYSVIEW.o
 *(.rodata*)
 .rodata.AHBPrescTable
                0x08007e74       0x10 ./Core/Src/system_stm32f7xx.o
                0x08007e74                AHBPrescTable
 .rodata.APBPrescTable
                0x08007e84        0x8 ./Core/Src/system_stm32f7xx.o
                0x08007e84                APBPrescTable
 .rodata.SYSVIEW_X_OS_TraceAPI
                0x08007e8c        0x8 ./Third party/SEGGER/OS/SEGGER_SYSVIEW_FreeRTOS.o
                0x08007e8c                SYSVIEW_X_OS_TraceAPI
 .rodata._aInitStr.0
                0x08007e94       0x11 ./Third party/SEGGER/SEGGER/SEGGER_RTT.o
 *fill*         0x08007ea5        0x3 
 .rodata._abSync
                0x08007ea8        0xa ./Third party/SEGGER/SEGGER/SEGGER_SYSVIEW.o
 *fill*         0x08007eb2        0x2 
 .rodata._aV2C.0
                0x08007eb4       0x10 ./Third party/SEGGER/SEGGER/SEGGER_SYSVIEW.o
 .rodata._abHelloMsg
                0x08007ec4        0x4 ./Third party/SEGGER/rec/segger_uart.o
 .rodata._svfprintf_r.str1.1
                0x08007ec8       0x11 C:/ST/STM32CubeIDE_1.15.1/STM32CubeIDE/plugins/com.st.stm32cube.ide.mcu.externaltools.gnu-tools-for-stm32.12.3.rel1.win32_1.0.100.202403111256/tools/bin/../lib/gcc/arm-none-eabi/12.3.1/../../../../arm-none-eabi/lib/thumb/v7e-m+dp/hard\libc_nano.a(libc_a-nano-svfprintf.o)
 .rodata._printf_i.str1.1
                0x08007ed9       0x22 C:/ST/STM32CubeIDE_1.15.1/STM32CubeIDE/plugins/com.st.stm32cube.ide.mcu.externaltools.gnu-tools-for-stm32.12.3.rel1.win32_1.0.100.202403111256/tools/bin/../lib/gcc/arm-none-eabi/12.3.1/../../../../arm-none-eabi/lib/thumb/v7e-m+dp/hard\libc_nano.a(libc_a-nano-vfprintf_i.o)
                0x08007efc                        . = ALIGN (0x4)
 *fill*         0x08007efb        0x1 

.ARM.extab      0x08007efc        0x0
                0x08007efc                        . = ALIGN (0x4)
 *(.ARM.extab* .gnu.linkonce.armextab.*)
                0x08007efc                        . = ALIGN (0x4)

.ARM            0x08007efc        0x8
                0x08007efc                        . = ALIGN (0x4)
                0x08007efc                        __exidx_start = .
 *(.ARM.exidx*)
 .ARM.exidx     0x08007efc        0x8 C:/ST/STM32CubeIDE_1.15.1/STM32CubeIDE/plugins/com.st.stm32cube.ide.mcu.externaltools.gnu-tools-for-stm32.12.3.rel1.win32_1.0.100.202403111256/tools/bin/../lib/gcc/arm-none-eabi/12.3.1/../../../../arm-none-eabi/lib/thumb/v7e-m+dp/hard\libc_nano.a(libc_a-memchr.o)
 .ARM.exidx     0x08007f04        0x0 C:/ST/STM32CubeIDE_1.15.1/STM32CubeIDE/plugins/com.st.stm32cube.ide.mcu.externaltools.gnu-tools-for-stm32.12.3.rel1.win32_1.0.100.202403111256/tools/bin/../lib/gcc/arm-none-eabi/12.3.1/thumb/v7e-m+dp/hard\libgcc.a(_udivmoddi4.o)
                                  0x8 (size before relaxing)
                0x08007f04                        __exidx_end = .
                0x08007f04                        . = ALIGN (0x4)

.preinit_array  0x08007f04        0x0
                0x08007f04                        . = ALIGN (0x4)
                0x08007f04                        PROVIDE (__preinit_array_start = .)
 *(.preinit_array*)
                0x08007f04                        PROVIDE (__preinit_array_end = .)
                0x08007f04                        . = ALIGN (0x4)

.init_array     0x08007f04        0x4
                0x08007f04                        . = ALIGN (0x4)
                0x08007f04                        PROVIDE (__init_array_start = .)
 *(SORT_BY_NAME(.init_array.*))
 *(.init_array*)
 .init_array    0x08007f04        0x4 C:/ST/STM32CubeIDE_1.15.1/STM32CubeIDE/plugins/com.st.stm32cube.ide.mcu.externaltools.gnu-tools-for-stm32.12.3.rel1.win32_1.0.100.202403111256/tools/bin/../lib/gcc/arm-none-eabi/12.3.1/thumb/v7e-m+dp/hard/crtbegin.o
                0x08007f08                        PROVIDE (__init_array_end = .)
                0x08007f08                        . = ALIGN (0x4)

.fini_array     0x08007f08        0x4
                0x08007f08                        . = ALIGN (0x4)
                [!provide]                        PROVIDE (__fini_array_start = .)
 *(SORT_BY_NAME(.fini_array.*))
 *(.fini_array*)
 .fini_array    0x08007f08        0x4 C:/ST/STM32CubeIDE_1.15.1/STM32CubeIDE/plugins/com.st.stm32cube.ide.mcu.externaltools.gnu-tools-for-stm32.12.3.rel1.win32_1.0.100.202403111256/tools/bin/../lib/gcc/arm-none-eabi/12.3.1/thumb/v7e-m+dp/hard/crtbegin.o
                [!provide]                        PROVIDE (__fini_array_end = .)
                0x08007f0c                        . = ALIGN (0x4)
                0x08007f0c                        _sidata = LOADADDR (.data)

.rel.dyn        0x08007f0c        0x0
 .rel.iplt      0x08007f0c        0x0 C:/ST/STM32CubeIDE_1.15.1/STM32CubeIDE/plugins/com.st.stm32cube.ide.mcu.externaltools.gnu-tools-for-stm32.12.3.rel1.win32_1.0.100.202403111256/tools/bin/../lib/gcc/arm-none-eabi/12.3.1/thumb/v7e-m+dp/hard/crtbegin.o

.data           0x20000000       0x6c load address 0x08007f0c
                0x20000000                        . = ALIGN (0x4)
                0x20000000                        _sdata = .
 *(.data)
 *(.data*)
 .data.SystemCoreClock
                0x20000000        0x4 ./Core/Src/system_stm32f7xx.o
                0x20000000                SystemCoreClock
 .data.uwTickPrio
                0x20000004        0x4 ./Drivers/STM32F7xx_HAL_Driver/Src/stm32f7xx_hal.o
                0x20000004                uwTickPrio
 .data.uwTickFreq
                0x20000008        0x1 ./Drivers/STM32F7xx_HAL_Driver/Src/stm32f7xx_hal.o
                0x20000008                uwTickFreq
 *fill*         0x20000009        0x3 
 .data.uxTopUsedPriority
                0x2000000c        0x4 ./Third party/FreeRTOS/tasks.o
                0x2000000c                uxTopUsedPriority
 .data.uxCriticalNesting
                0x20000010        0x4 ./Third party/FreeRTOS/portable/GCC/ARM_CM4F/port.o
 .data._SVInfo  0x20000014        0x8 ./Third party/SEGGER/rec/segger_uart.o
 .data._impure_ptr
                0x2000001c        0x4 C:/ST/STM32CubeIDE_1.15.1/STM32CubeIDE/plugins/com.st.stm32cube.ide.mcu.externaltools.gnu-tools-for-stm32.12.3.rel1.win32_1.0.100.202403111256/tools/bin/../lib/gcc/arm-none-eabi/12.3.1/../../../../arm-none-eabi/lib/thumb/v7e-m+dp/hard\libc_nano.a(libc_a-impure.o)
                0x2000001c                _impure_ptr
 .data._impure_data
                0x20000020       0x4c C:/ST/STM32CubeIDE_1.15.1/STM32CubeIDE/plugins/com.st.stm32cube.ide.mcu.externaltools.gnu-tools-for-stm32.12.3.rel1.win32_1.0.100.202403111256/tools/bin/../lib/gcc/arm-none-eabi/12.3.1/../../../../arm-none-eabi/lib/thumb/v7e-m+dp/hard\libc_nano.a(libc_a-impure.o)
                0x20000020                _impure_data
 *(.RamFunc)
 *(.RamFunc*)
                0x2000006c                        . = ALIGN (0x4)
                0x2000006c                        _edata = .

.igot.plt       0x2000006c        0x0 load address 0x08007f78
 .igot.plt      0x2000006c        0x0 C:/ST/STM32CubeIDE_1.15.1/STM32CubeIDE/plugins/com.st.stm32cube.ide.mcu.externaltools.gnu-tools-for-stm32.12.3.rel1.win32_1.0.100.202403111256/tools/bin/../lib/gcc/arm-none-eabi/12.3.1/thumb/v7e-m+dp/hard/crtbegin.o
                0x2000006c                        . = ALIGN (0x4)

.bss            0x2000006c     0xd1e0 load address 0x08007f78
                0x2000006c                        _sbss = .
                0x2000006c                        __bss_start__ = _sbss
 *(.bss)
 .bss           0x2000006c       0x1c C:/ST/STM32CubeIDE_1.15.1/STM32CubeIDE/plugins/com.st.stm32cube.ide.mcu.externaltools.gnu-tools-for-stm32.12.3.rel1.win32_1.0.100.202403111256/tools/bin/../lib/gcc/arm-none-eabi/12.3.1/thumb/v7e-m+dp/hard/crtbegin.o
 *(.bss*)
 .bss.htim6     0x20000088       0x4c ./Core/Src/stm32f7xx_hal_timebase_tim.o
                0x20000088                htim6
 .bss.uwTick    0x200000d4        0x4 ./Drivers/STM32F7xx_HAL_Driver/Src/stm32f7xx_hal.o
                0x200000d4                uwTick
 .bss.xQueueRegistry
                0x200000d8       0x40 ./Third party/FreeRTOS/queue.o
                0x200000d8                xQueueRegistry
 .bss.pxCurrentTCB
                0x20000118        0x4 ./Third party/FreeRTOS/tasks.o
                0x20000118                pxCurrentTCB
 .bss.pxReadyTasksLists
                0x2000011c       0x64 ./Third party/FreeRTOS/tasks.o
 .bss.xDelayedTaskList1
                0x20000180       0x14 ./Third party/FreeRTOS/tasks.o
 .bss.xDelayedTaskList2
                0x20000194       0x14 ./Third party/FreeRTOS/tasks.o
 .bss.pxDelayedTaskList
                0x200001a8        0x4 ./Third party/FreeRTOS/tasks.o
 .bss.pxOverflowDelayedTaskList
                0x200001ac        0x4 ./Third party/FreeRTOS/tasks.o
 .bss.xPendingReadyList
                0x200001b0       0x14 ./Third party/FreeRTOS/tasks.o
 .bss.xTasksWaitingTermination
                0x200001c4       0x14 ./Third party/FreeRTOS/tasks.o
 .bss.uxDeletedTasksWaitingCleanUp
                0x200001d8        0x4 ./Third party/FreeRTOS/tasks.o
 .bss.xSuspendedTaskList
                0x200001dc       0x14 ./Third party/FreeRTOS/tasks.o
 .bss.uxCurrentNumberOfTasks
                0x200001f0        0x4 ./Third party/FreeRTOS/tasks.o
 .bss.xTickCount
                0x200001f4        0x4 ./Third party/FreeRTOS/tasks.o
 .bss.uxTopReadyPriority
                0x200001f8        0x4 ./Third party/FreeRTOS/tasks.o
 .bss.xSchedulerRunning
                0x200001fc        0x4 ./Third party/FreeRTOS/tasks.o
 .bss.xPendedTicks
                0x20000200        0x4 ./Third party/FreeRTOS/tasks.o
 .bss.xYieldPending
                0x20000204        0x4 ./Third party/FreeRTOS/tasks.o
 .bss.xNumOfOverflows
                0x20000208        0x4 ./Third party/FreeRTOS/tasks.o
 .bss.uxTaskNumber
                0x2000020c        0x4 ./Third party/FreeRTOS/tasks.o
 .bss.xNextTaskUnblockTime
                0x20000210        0x4 ./Third party/FreeRTOS/tasks.o
 .bss.xIdleTaskHandle
                0x20000214        0x4 ./Third party/FreeRTOS/tasks.o
 .bss.uxSchedulerSuspended
                0x20000218        0x4 ./Third party/FreeRTOS/tasks.o
 .bss.xActiveTimerList1
                0x2000021c       0x14 ./Third party/FreeRTOS/timers.o
 .bss.xActiveTimerList2
                0x20000230       0x14 ./Third party/FreeRTOS/timers.o
 .bss.pxCurrentTimerList
                0x20000244        0x4 ./Third party/FreeRTOS/timers.o
 .bss.pxOverflowTimerList
                0x20000248        0x4 ./Third party/FreeRTOS/timers.o
 .bss.xTimerQueue
                0x2000024c        0x4 ./Third party/FreeRTOS/timers.o
 .bss.xTimerTaskHandle
                0x20000250        0x4 ./Third party/FreeRTOS/timers.o
 .bss.xLastTime.0
                0x20000254        0x4 ./Third party/FreeRTOS/timers.o
 .bss.ucMaxSysCallPriority
                0x20000258        0x1 ./Third party/FreeRTOS/portable/GCC/ARM_CM4F/port.o
 *fill*         0x20000259        0x3 
 .bss.ulMaxPRIGROUPValue
                0x2000025c        0x4 ./Third party/FreeRTOS/portable/GCC/ARM_CM4F/port.o
 .bss.ucHeap    0x20000260     0xb800 ./Third party/FreeRTOS/portable/MemMang/heap_4.o
 .bss.xStart    0x2000ba60        0x8 ./Third party/FreeRTOS/portable/MemMang/heap_4.o
 .bss.pxEnd     0x2000ba68        0x4 ./Third party/FreeRTOS/portable/MemMang/heap_4.o
 .bss.xFreeBytesRemaining
                0x2000ba6c        0x4 ./Third party/FreeRTOS/portable/MemMang/heap_4.o
 .bss.xMinimumEverFreeBytesRemaining
                0x2000ba70        0x4 ./Third party/FreeRTOS/portable/MemMang/heap_4.o
 .bss.xNumberOfSuccessfulAllocations
                0x2000ba74        0x4 ./Third party/FreeRTOS/portable/MemMang/heap_4.o
 .bss.xNumberOfSuccessfulFrees
                0x2000ba78        0x4 ./Third party/FreeRTOS/portable/MemMang/heap_4.o
 .bss.xBlockAllocatedBit
                0x2000ba7c        0x4 ./Third party/FreeRTOS/portable/MemMang/heap_4.o
 .bss._aTasks   0x2000ba80       0xa0 ./Third party/SEGGER/OS/SEGGER_SYSVIEW_FreeRTOS.o
 .bss._NumTasks
                0x2000bb20        0x4 ./Third party/SEGGER/OS/SEGGER_SYSVIEW_FreeRTOS.o
 .bss._SEGGER_RTT
                0x2000bb24       0xa8 ./Third party/SEGGER/SEGGER/SEGGER_RTT.o
                0x2000bb24                _SEGGER_RTT
 .bss._acUpBuffer
                0x2000bbcc      0x400 ./Third party/SEGGER/SEGGER/SEGGER_RTT.o
 .bss._acDownBuffer
                0x2000bfcc       0x10 ./Third party/SEGGER/SEGGER/SEGGER_RTT.o
 .bss._UpBuffer
                0x2000bfdc     0x1000 ./Third party/SEGGER/SEGGER/SEGGER_SYSVIEW.o
 .bss._DownBuffer
                0x2000cfdc        0x8 ./Third party/SEGGER/SEGGER/SEGGER_SYSVIEW.o
 .bss._SYSVIEW_Globals
                0x2000cfe4       0x28 ./Third party/SEGGER/SEGGER/SEGGER_SYSVIEW.o
 .bss._pFirstModule
                0x2000d00c        0x4 ./Third party/SEGGER/SEGGER/SEGGER_SYSVIEW.o
 .bss._NumModules
                0x2000d010        0x1 ./Third party/SEGGER/SEGGER/SEGGER_SYSVIEW.o
 *fill*         0x2000d011        0x3 
 .bss._aPacket  0x2000d014       0xe3 ./Third party/SEGGER/SEGGER/SEGGER_SYSVIEW.o
 *fill*         0x2000d0f7        0x1 
 .bss._cbOnRx   0x2000d0f8        0x4 ./Third party/SEGGER/rec/segger_uart.o
 .bss._cbOnTx   0x2000d0fc        0x4 ./Third party/SEGGER/rec/segger_uart.o
 .bss.__sf      0x2000d100      0x138 C:/ST/STM32CubeIDE_1.15.1/STM32CubeIDE/plugins/com.st.stm32cube.ide.mcu.externaltools.gnu-tools-for-stm32.12.3.rel1.win32_1.0.100.202403111256/tools/bin/../lib/gcc/arm-none-eabi/12.3.1/../../../../arm-none-eabi/lib/thumb/v7e-m+dp/hard\libc_nano.a(libc_a-findfp.o)
                0x2000d100                __sf
 .bss.errno     0x2000d238        0x4 C:/ST/STM32CubeIDE_1.15.1/STM32CubeIDE/plugins/com.st.stm32cube.ide.mcu.externaltools.gnu-tools-for-stm32.12.3.rel1.win32_1.0.100.202403111256/tools/bin/../lib/gcc/arm-none-eabi/12.3.1/../../../../arm-none-eabi/lib/thumb/v7e-m+dp/hard\libc_nano.a(libc_a-reent.o)
                0x2000d238                errno
 .bss.__lock___malloc_recursive_mutex
                0x2000d23c        0x1 C:/ST/STM32CubeIDE_1.15.1/STM32CubeIDE/plugins/com.st.stm32cube.ide.mcu.externaltools.gnu-tools-for-stm32.12.3.rel1.win32_1.0.100.202403111256/tools/bin/../lib/gcc/arm-none-eabi/12.3.1/../../../../arm-none-eabi/lib/thumb/v7e-m+dp/hard\libc_nano.a(libc_a-lock.o)
                0x2000d23c                __lock___malloc_recursive_mutex
 *fill*         0x2000d23d        0x3 
 .bss.__malloc_sbrk_start
                0x2000d240        0x4 C:/ST/STM32CubeIDE_1.15.1/STM32CubeIDE/plugins/com.st.stm32cube.ide.mcu.externaltools.gnu-tools-for-stm32.12.3.rel1.win32_1.0.100.202403111256/tools/bin/../lib/gcc/arm-none-eabi/12.3.1/../../../../arm-none-eabi/lib/thumb/v7e-m+dp/hard\libc_nano.a(libc_a-mallocr.o)
                0x2000d240                __malloc_sbrk_start
 .bss.__malloc_free_list
                0x2000d244        0x4 C:/ST/STM32CubeIDE_1.15.1/STM32CubeIDE/plugins/com.st.stm32cube.ide.mcu.externaltools.gnu-tools-for-stm32.12.3.rel1.win32_1.0.100.202403111256/tools/bin/../lib/gcc/arm-none-eabi/12.3.1/../../../../arm-none-eabi/lib/thumb/v7e-m+dp/hard\libc_nano.a(libc_a-mallocr.o)
                0x2000d244                __malloc_free_list
 .bss.heap_end.0
                0x2000d248        0x4 C:/ST/STM32CubeIDE_1.15.1/STM32CubeIDE/plugins/com.st.stm32cube.ide.mcu.externaltools.gnu-tools-for-stm32.12.3.rel1.win32_1.0.100.202403111256/tools/bin/../lib/gcc/arm-none-eabi/12.3.1/../../../../arm-none-eabi/lib/thumb/v7e-m+dp/hard\libnosys.a(sbrk.o)
 *(COMMON)
                0x2000d24c                        . = ALIGN (0x4)
                0x2000d24c                        _ebss = .
                0x2000d24c                        __bss_end__ = _ebss

._user_heap_stack
                0x2000d24c      0x604 load address 0x08007f78
                0x2000d250                        . = ALIGN (0x8)
 *fill*         0x2000d24c        0x4 
                0x2000d250                        PROVIDE (end = .)
                [!provide]                        PROVIDE (_end = .)
                0x2000d450                        . = (. + _Min_Heap_Size)
 *fill*         0x2000d250      0x200 
                0x2000d850                        . = (. + _Min_Stack_Size)
 *fill*         0x2000d450      0x400 
                0x2000d850                        . = ALIGN (0x8)

/DISCARD/
 libc.a(*)
 libm.a(*)
 libgcc.a(*)

.ARM.attributes
                0x00000000       0x2e
 *(.ARM.attributes)
 .ARM.attributes
                0x00000000       0x20 C:/ST/STM32CubeIDE_1.15.1/STM32CubeIDE/plugins/com.st.stm32cube.ide.mcu.externaltools.gnu-tools-for-stm32.12.3.rel1.win32_1.0.100.202403111256/tools/bin/../lib/gcc/arm-none-eabi/12.3.1/thumb/v7e-m+dp/hard/crti.o
 .ARM.attributes
                0x00000020       0x32 C:/ST/STM32CubeIDE_1.15.1/STM32CubeIDE/plugins/com.st.stm32cube.ide.mcu.externaltools.gnu-tools-for-stm32.12.3.rel1.win32_1.0.100.202403111256/tools/bin/../lib/gcc/arm-none-eabi/12.3.1/thumb/v7e-m+dp/hard/crtbegin.o
 .ARM.attributes
                0x00000052       0x32 ./Core/Src/main.o
 .ARM.attributes
                0x00000084       0x32 ./Core/Src/stm32f7xx_hal_msp.o
 .ARM.attributes
                0x000000b6       0x32 ./Core/Src/stm32f7xx_hal_timebase_tim.o
 .ARM.attributes
                0x000000e8       0x32 ./Core/Src/stm32f7xx_it.o
 .ARM.attributes
                0x0000011a       0x32 ./Core/Src/system_stm32f7xx.o
 .ARM.attributes
                0x0000014c       0x21 ./Core/Startup/startup_stm32f767zitx.o
 .ARM.attributes
                0x0000016d       0x32 ./Drivers/STM32F7xx_HAL_Driver/Src/stm32f7xx_hal.o
 .ARM.attributes
                0x0000019f       0x32 ./Drivers/STM32F7xx_HAL_Driver/Src/stm32f7xx_hal_cortex.o
 .ARM.attributes
                0x000001d1       0x32 ./Drivers/STM32F7xx_HAL_Driver/Src/stm32f7xx_hal_gpio.o
 .ARM.attributes
                0x00000203       0x32 ./Drivers/STM32F7xx_HAL_Driver/Src/stm32f7xx_hal_rcc.o
 .ARM.attributes
                0x00000235       0x32 ./Drivers/STM32F7xx_HAL_Driver/Src/stm32f7xx_hal_tim.o
 .ARM.attributes
                0x00000267       0x32 ./Drivers/STM32F7xx_HAL_Driver/Src/stm32f7xx_hal_tim_ex.o
 .ARM.attributes
                0x00000299       0x32 ./Third party/FreeRTOS/list.o
 .ARM.attributes
                0x000002cb       0x32 ./Third party/FreeRTOS/queue.o
 .ARM.attributes
                0x000002fd       0x32 ./Third party/FreeRTOS/tasks.o
 .ARM.attributes
                0x0000032f       0x32 ./Third party/FreeRTOS/timers.o
 .ARM.attributes
                0x00000361       0x32 ./Third party/FreeRTOS/portable/GCC/ARM_CM4F/port.o
 .ARM.attributes
                0x00000393       0x32 ./Third party/FreeRTOS/portable/MemMang/heap_4.o
 .ARM.attributes
                0x000003c5       0x32 ./Third party/SEGGER/Config/SEGGER_SYSVIEW_Config_FreeRTOS.o
 .ARM.attributes
                0x000003f7       0x32 ./Third party/SEGGER/OS/SEGGER_SYSVIEW_FreeRTOS.o
 .ARM.attributes
                0x00000429       0x32 ./Third party/SEGGER/SEGGER/SEGGER_RTT.o
 .ARM.attributes
                0x0000045b       0x1e ./Third party/SEGGER/SEGGER/SEGGER_RTT_ASM_ARMv7M.o
 .ARM.attributes
                0x00000479       0x32 ./Third party/SEGGER/SEGGER/SEGGER_SYSVIEW.o
 .ARM.attributes
                0x000004ab       0x32 ./Third party/SEGGER/rec/segger_uart.o
 .ARM.attributes
                0x000004dd       0x32 C:/ST/STM32CubeIDE_1.15.1/STM32CubeIDE/plugins/com.st.stm32cube.ide.mcu.externaltools.gnu-tools-for-stm32.12.3.rel1.win32_1.0.100.202403111256/tools/bin/../lib/gcc/arm-none-eabi/12.3.1/../../../../arm-none-eabi/lib/thumb/v7e-m+dp/hard\libc_nano.a(libc_a-findfp.o)
 .ARM.attributes
                0x0000050f       0x32 C:/ST/STM32CubeIDE_1.15.1/STM32CubeIDE/plugins/com.st.stm32cube.ide.mcu.externaltools.gnu-tools-for-stm32.12.3.rel1.win32_1.0.100.202403111256/tools/bin/../lib/gcc/arm-none-eabi/12.3.1/../../../../arm-none-eabi/lib/thumb/v7e-m+dp/hard\libc_nano.a(libc_a-snprintf.o)
 .ARM.attributes
                0x00000541       0x32 C:/ST/STM32CubeIDE_1.15.1/STM32CubeIDE/plugins/com.st.stm32cube.ide.mcu.externaltools.gnu-tools-for-stm32.12.3.rel1.win32_1.0.100.202403111256/tools/bin/../lib/gcc/arm-none-eabi/12.3.1/../../../../arm-none-eabi/lib/thumb/v7e-m+dp/hard\libc_nano.a(libc_a-memcmp.o)
 .ARM.attributes
                0x00000573       0x32 C:/ST/STM32CubeIDE_1.15.1/STM32CubeIDE/plugins/com.st.stm32cube.ide.mcu.externaltools.gnu-tools-for-stm32.12.3.rel1.win32_1.0.100.202403111256/tools/bin/../lib/gcc/arm-none-eabi/12.3.1/../../../../arm-none-eabi/lib/thumb/v7e-m+dp/hard\libc_nano.a(libc_a-memset.o)
 .ARM.attributes
                0x000005a5       0x32 C:/ST/STM32CubeIDE_1.15.1/STM32CubeIDE/plugins/com.st.stm32cube.ide.mcu.externaltools.gnu-tools-for-stm32.12.3.rel1.win32_1.0.100.202403111256/tools/bin/../lib/gcc/arm-none-eabi/12.3.1/../../../../arm-none-eabi/lib/thumb/v7e-m+dp/hard\libc_nano.a(libc_a-reent.o)
 .ARM.attributes
                0x000005d7       0x32 C:/ST/STM32CubeIDE_1.15.1/STM32CubeIDE/plugins/com.st.stm32cube.ide.mcu.externaltools.gnu-tools-for-stm32.12.3.rel1.win32_1.0.100.202403111256/tools/bin/../lib/gcc/arm-none-eabi/12.3.1/../../../../arm-none-eabi/lib/thumb/v7e-m+dp/hard\libc_nano.a(libc_a-impure.o)
 .ARM.attributes
                0x00000609       0x32 C:/ST/STM32CubeIDE_1.15.1/STM32CubeIDE/plugins/com.st.stm32cube.ide.mcu.externaltools.gnu-tools-for-stm32.12.3.rel1.win32_1.0.100.202403111256/tools/bin/../lib/gcc/arm-none-eabi/12.3.1/../../../../arm-none-eabi/lib/thumb/v7e-m+dp/hard\libc_nano.a(libc_a-init.o)
 .ARM.attributes
                0x0000063b       0x32 C:/ST/STM32CubeIDE_1.15.1/STM32CubeIDE/plugins/com.st.stm32cube.ide.mcu.externaltools.gnu-tools-for-stm32.12.3.rel1.win32_1.0.100.202403111256/tools/bin/../lib/gcc/arm-none-eabi/12.3.1/../../../../arm-none-eabi/lib/thumb/v7e-m+dp/hard\libc_nano.a(libc_a-lock.o)
 .ARM.attributes
                0x0000066d       0x32 C:/ST/STM32CubeIDE_1.15.1/STM32CubeIDE/plugins/com.st.stm32cube.ide.mcu.externaltools.gnu-tools-for-stm32.12.3.rel1.win32_1.0.100.202403111256/tools/bin/../lib/gcc/arm-none-eabi/12.3.1/../../../../arm-none-eabi/lib/thumb/v7e-m+dp/hard\libc_nano.a(libc_a-memcpy-stub.o)
 .ARM.attributes
                0x0000069f       0x32 C:/ST/STM32CubeIDE_1.15.1/STM32CubeIDE/plugins/com.st.stm32cube.ide.mcu.externaltools.gnu-tools-for-stm32.12.3.rel1.win32_1.0.100.202403111256/tools/bin/../lib/gcc/arm-none-eabi/12.3.1/../../../../arm-none-eabi/lib/thumb/v7e-m+dp/hard\libc_nano.a(libc_a-freer.o)
 .ARM.attributes
                0x000006d1       0x32 C:/ST/STM32CubeIDE_1.15.1/STM32CubeIDE/plugins/com.st.stm32cube.ide.mcu.externaltools.gnu-tools-for-stm32.12.3.rel1.win32_1.0.100.202403111256/tools/bin/../lib/gcc/arm-none-eabi/12.3.1/../../../../arm-none-eabi/lib/thumb/v7e-m+dp/hard\libc_nano.a(libc_a-mallocr.o)
 .ARM.attributes
                0x00000703       0x32 C:/ST/STM32CubeIDE_1.15.1/STM32CubeIDE/plugins/com.st.stm32cube.ide.mcu.externaltools.gnu-tools-for-stm32.12.3.rel1.win32_1.0.100.202403111256/tools/bin/../lib/gcc/arm-none-eabi/12.3.1/../../../../arm-none-eabi/lib/thumb/v7e-m+dp/hard\libc_nano.a(libc_a-mlock.o)
 .ARM.attributes
                0x00000735       0x32 C:/ST/STM32CubeIDE_1.15.1/STM32CubeIDE/plugins/com.st.stm32cube.ide.mcu.externaltools.gnu-tools-for-stm32.12.3.rel1.win32_1.0.100.202403111256/tools/bin/../lib/gcc/arm-none-eabi/12.3.1/../../../../arm-none-eabi/lib/thumb/v7e-m+dp/hard\libc_nano.a(libc_a-nano-svfprintf.o)
 .ARM.attributes
                0x00000767       0x32 C:/ST/STM32CubeIDE_1.15.1/STM32CubeIDE/plugins/com.st.stm32cube.ide.mcu.externaltools.gnu-tools-for-stm32.12.3.rel1.win32_1.0.100.202403111256/tools/bin/../lib/gcc/arm-none-eabi/12.3.1/../../../../arm-none-eabi/lib/thumb/v7e-m+dp/hard\libc_nano.a(libc_a-nano-vfprintf_i.o)
 .ARM.attributes
                0x00000799       0x32 C:/ST/STM32CubeIDE_1.15.1/STM32CubeIDE/plugins/com.st.stm32cube.ide.mcu.externaltools.gnu-tools-for-stm32.12.3.rel1.win32_1.0.100.202403111256/tools/bin/../lib/gcc/arm-none-eabi/12.3.1/../../../../arm-none-eabi/lib/thumb/v7e-m+dp/hard\libc_nano.a(libc_a-memmove.o)
 .ARM.attributes
                0x000007cb       0x32 C:/ST/STM32CubeIDE_1.15.1/STM32CubeIDE/plugins/com.st.stm32cube.ide.mcu.externaltools.gnu-tools-for-stm32.12.3.rel1.win32_1.0.100.202403111256/tools/bin/../lib/gcc/arm-none-eabi/12.3.1/../../../../arm-none-eabi/lib/thumb/v7e-m+dp/hard\libc_nano.a(libc_a-sbrkr.o)
 .ARM.attributes
                0x000007fd       0x1c C:/ST/STM32CubeIDE_1.15.1/STM32CubeIDE/plugins/com.st.stm32cube.ide.mcu.externaltools.gnu-tools-for-stm32.12.3.rel1.win32_1.0.100.202403111256/tools/bin/../lib/gcc/arm-none-eabi/12.3.1/../../../../arm-none-eabi/lib/thumb/v7e-m+dp/hard\libc_nano.a(libc_a-memchr.o)
 .ARM.attributes
                0x00000819       0x32 C:/ST/STM32CubeIDE_1.15.1/STM32CubeIDE/plugins/com.st.stm32cube.ide.mcu.externaltools.gnu-tools-for-stm32.12.3.rel1.win32_1.0.100.202403111256/tools/bin/../lib/gcc/arm-none-eabi/12.3.1/../../../../arm-none-eabi/lib/thumb/v7e-m+dp/hard\libc_nano.a(libc_a-reallocr.o)
 .ARM.attributes
                0x0000084b       0x32 C:/ST/STM32CubeIDE_1.15.1/STM32CubeIDE/plugins/com.st.stm32cube.ide.mcu.externaltools.gnu-tools-for-stm32.12.3.rel1.win32_1.0.100.202403111256/tools/bin/../lib/gcc/arm-none-eabi/12.3.1/../../../../arm-none-eabi/lib/thumb/v7e-m+dp/hard\libc_nano.a(libc_a-msizer.o)
 .ARM.attributes
                0x0000087d       0x20 C:/ST/STM32CubeIDE_1.15.1/STM32CubeIDE/plugins/com.st.stm32cube.ide.mcu.externaltools.gnu-tools-for-stm32.12.3.rel1.win32_1.0.100.202403111256/tools/bin/../lib/gcc/arm-none-eabi/12.3.1/thumb/v7e-m+dp/hard\libgcc.a(_aeabi_uldivmod.o)
 .ARM.attributes
                0x0000089d       0x32 C:/ST/STM32CubeIDE_1.15.1/STM32CubeIDE/plugins/com.st.stm32cube.ide.mcu.externaltools.gnu-tools-for-stm32.12.3.rel1.win32_1.0.100.202403111256/tools/bin/../lib/gcc/arm-none-eabi/12.3.1/thumb/v7e-m+dp/hard\libgcc.a(_udivmoddi4.o)
 .ARM.attributes
                0x000008cf       0x20 C:/ST/STM32CubeIDE_1.15.1/STM32CubeIDE/plugins/com.st.stm32cube.ide.mcu.externaltools.gnu-tools-for-stm32.12.3.rel1.win32_1.0.100.202403111256/tools/bin/../lib/gcc/arm-none-eabi/12.3.1/thumb/v7e-m+dp/hard\libgcc.a(_dvmd_tls.o)
 .ARM.attributes
                0x000008ef       0x32 C:/ST/STM32CubeIDE_1.15.1/STM32CubeIDE/plugins/com.st.stm32cube.ide.mcu.externaltools.gnu-tools-for-stm32.12.3.rel1.win32_1.0.100.202403111256/tools/bin/../lib/gcc/arm-none-eabi/12.3.1/../../../../arm-none-eabi/lib/thumb/v7e-m+dp/hard\libnosys.a(sbrk.o)
 .ARM.attributes
                0x00000921       0x20 C:/ST/STM32CubeIDE_1.15.1/STM32CubeIDE/plugins/com.st.stm32cube.ide.mcu.externaltools.gnu-tools-for-stm32.12.3.rel1.win32_1.0.100.202403111256/tools/bin/../lib/gcc/arm-none-eabi/12.3.1/thumb/v7e-m+dp/hard/crtn.o
OUTPUT(001Tasks.elf elf32-littlearm)
LOAD linker stubs
LOAD C:/ST/STM32CubeIDE_1.15.1/STM32CubeIDE/plugins/com.st.stm32cube.ide.mcu.externaltools.gnu-tools-for-stm32.12.3.rel1.win32_1.0.100.202403111256/tools/bin/../lib/gcc/arm-none-eabi/12.3.1/../../../../arm-none-eabi/lib/thumb/v7e-m+dp/hard\libc.a
LOAD C:/ST/STM32CubeIDE_1.15.1/STM32CubeIDE/plugins/com.st.stm32cube.ide.mcu.externaltools.gnu-tools-for-stm32.12.3.rel1.win32_1.0.100.202403111256/tools/bin/../lib/gcc/arm-none-eabi/12.3.1/../../../../arm-none-eabi/lib/thumb/v7e-m+dp/hard\libm.a
LOAD C:/ST/STM32CubeIDE_1.15.1/STM32CubeIDE/plugins/com.st.stm32cube.ide.mcu.externaltools.gnu-tools-for-stm32.12.3.rel1.win32_1.0.100.202403111256/tools/bin/../lib/gcc/arm-none-eabi/12.3.1/thumb/v7e-m+dp/hard\libgcc.a

.debug_info     0x00000000    0x14937
 .debug_info    0x00000000     0x1193 ./Core/Src/main.o
 .debug_info    0x00001193      0x295 ./Core/Src/stm32f7xx_hal_msp.o
 .debug_info    0x00001428      0xd16 ./Core/Src/stm32f7xx_hal_timebase_tim.o
 .debug_info    0x0000213e      0x707 ./Core/Src/stm32f7xx_it.o
 .debug_info    0x00002845      0x6e6 ./Core/Src/system_stm32f7xx.o
 .debug_info    0x00002f2b       0x30 ./Core/Startup/startup_stm32f767zitx.o
 .debug_info    0x00002f5b      0xa45 ./Drivers/STM32F7xx_HAL_Driver/Src/stm32f7xx_hal.o
 .debug_info    0x000039a0      0xfb9 ./Drivers/STM32F7xx_HAL_Driver/Src/stm32f7xx_hal_cortex.o
 .debug_info    0x00004959      0x6ec ./Drivers/STM32F7xx_HAL_Driver/Src/stm32f7xx_hal_gpio.o
 .debug_info    0x00005045      0x930 ./Drivers/STM32F7xx_HAL_Driver/Src/stm32f7xx_hal_rcc.o
 .debug_info    0x00005975     0x2ace ./Drivers/STM32F7xx_HAL_Driver/Src/stm32f7xx_hal_tim.o
 .debug_info    0x00008443     0x16b4 ./Drivers/STM32F7xx_HAL_Driver/Src/stm32f7xx_hal_tim_ex.o
 .debug_info    0x00009af7      0x2a8 ./Third party/FreeRTOS/list.o
 .debug_info    0x00009d9f     0x13dd ./Third party/FreeRTOS/queue.o
 .debug_info    0x0000b17c     0x1e51 ./Third party/FreeRTOS/tasks.o
 .debug_info    0x0000cfcd      0xe29 ./Third party/FreeRTOS/timers.o
 .debug_info    0x0000ddf6      0x456 ./Third party/FreeRTOS/portable/GCC/ARM_CM4F/port.o
 .debug_info    0x0000e24c      0x44d ./Third party/FreeRTOS/portable/MemMang/heap_4.o
 .debug_info    0x0000e699      0x16d ./Third party/SEGGER/Config/SEGGER_SYSVIEW_Config_FreeRTOS.o
 .debug_info    0x0000e806      0x414 ./Third party/SEGGER/OS/SEGGER_SYSVIEW_FreeRTOS.o
 .debug_info    0x0000ec1a     0x14ce ./Third party/SEGGER/SEGGER/SEGGER_RTT.o
 .debug_info    0x000100e8       0x25 ./Third party/SEGGER/SEGGER/SEGGER_RTT_ASM_ARMv7M.o
 .debug_info    0x0001010d     0x3d48 ./Third party/SEGGER/SEGGER/SEGGER_SYSVIEW.o
 .debug_info    0x00013e55      0xae2 ./Third party/SEGGER/rec/segger_uart.o

.debug_abbrev   0x00000000     0x30b2
 .debug_abbrev  0x00000000      0x2ff ./Core/Src/main.o
 .debug_abbrev  0x000002ff       0xeb ./Core/Src/stm32f7xx_hal_msp.o
 .debug_abbrev  0x000003ea      0x1f4 ./Core/Src/stm32f7xx_hal_timebase_tim.o
 .debug_abbrev  0x000005de      0x17d ./Core/Src/stm32f7xx_it.o
 .debug_abbrev  0x0000075b      0x13b ./Core/Src/system_stm32f7xx.o
 .debug_abbrev  0x00000896       0x24 ./Core/Startup/startup_stm32f767zitx.o
 .debug_abbrev  0x000008ba      0x213 ./Drivers/STM32F7xx_HAL_Driver/Src/stm32f7xx_hal.o
 .debug_abbrev  0x00000acd      0x31e ./Drivers/STM32F7xx_HAL_Driver/Src/stm32f7xx_hal_cortex.o
 .debug_abbrev  0x00000deb      0x1d4 ./Drivers/STM32F7xx_HAL_Driver/Src/stm32f7xx_hal_gpio.o
 .debug_abbrev  0x00000fbf      0x2de ./Drivers/STM32F7xx_HAL_Driver/Src/stm32f7xx_hal_rcc.o
 .debug_abbrev  0x0000129d      0x278 ./Drivers/STM32F7xx_HAL_Driver/Src/stm32f7xx_hal_tim.o
 .debug_abbrev  0x00001515      0x283 ./Drivers/STM32F7xx_HAL_Driver/Src/stm32f7xx_hal_tim_ex.o
 .debug_abbrev  0x00001798       0xf5 ./Third party/FreeRTOS/list.o
 .debug_abbrev  0x0000188d      0x310 ./Third party/FreeRTOS/queue.o
 .debug_abbrev  0x00001b9d      0x3d0 ./Third party/FreeRTOS/tasks.o
 .debug_abbrev  0x00001f6d      0x2b2 ./Third party/FreeRTOS/timers.o
 .debug_abbrev  0x0000221f      0x257 ./Third party/FreeRTOS/portable/GCC/ARM_CM4F/port.o
 .debug_abbrev  0x00002476      0x1d5 ./Third party/FreeRTOS/portable/MemMang/heap_4.o
 .debug_abbrev  0x0000264b       0xe0 ./Third party/SEGGER/Config/SEGGER_SYSVIEW_Config_FreeRTOS.o
 .debug_abbrev  0x0000272b      0x191 ./Third party/SEGGER/OS/SEGGER_SYSVIEW_FreeRTOS.o
 .debug_abbrev  0x000028bc      0x230 ./Third party/SEGGER/SEGGER/SEGGER_RTT.o
 .debug_abbrev  0x00002aec       0x14 ./Third party/SEGGER/SEGGER/SEGGER_RTT_ASM_ARMv7M.o
 .debug_abbrev  0x00002b00      0x333 ./Third party/SEGGER/SEGGER/SEGGER_SYSVIEW.o
 .debug_abbrev  0x00002e33      0x27f ./Third party/SEGGER/rec/segger_uart.o

.debug_aranges  0x00000000     0x1428
 .debug_aranges
                0x00000000       0x58 ./Core/Src/main.o
 .debug_aranges
                0x00000058       0x20 ./Core/Src/stm32f7xx_hal_msp.o
 .debug_aranges
                0x00000078       0x30 ./Core/Src/stm32f7xx_hal_timebase_tim.o
 .debug_aranges
                0x000000a8       0x50 ./Core/Src/stm32f7xx_it.o
 .debug_aranges
                0x000000f8       0x28 ./Core/Src/system_stm32f7xx.o
 .debug_aranges
                0x00000120       0x28 ./Core/Startup/startup_stm32f767zitx.o
 .debug_aranges
                0x00000148      0x110 ./Drivers/STM32F7xx_HAL_Driver/Src/stm32f7xx_hal.o
 .debug_aranges
                0x00000258      0x128 ./Drivers/STM32F7xx_HAL_Driver/Src/stm32f7xx_hal_cortex.o
 .debug_aranges
                0x00000380       0x58 ./Drivers/STM32F7xx_HAL_Driver/Src/stm32f7xx_hal_gpio.o
 .debug_aranges
                0x000003d8       0x88 ./Drivers/STM32F7xx_HAL_Driver/Src/stm32f7xx_hal_rcc.o
 .debug_aranges
                0x00000460      0x3e0 ./Drivers/STM32F7xx_HAL_Driver/Src/stm32f7xx_hal_tim.o
 .debug_aranges
                0x00000840      0x180 ./Drivers/STM32F7xx_HAL_Driver/Src/stm32f7xx_hal_tim_ex.o
 .debug_aranges
                0x000009c0       0x40 ./Third party/FreeRTOS/list.o
 .debug_aranges
                0x00000a00      0x130 ./Third party/FreeRTOS/queue.o
 .debug_aranges
                0x00000b30      0x218 ./Third party/FreeRTOS/tasks.o
 .debug_aranges
                0x00000d48       0xe8 ./Third party/FreeRTOS/timers.o
 .debug_aranges
                0x00000e30       0x88 ./Third party/FreeRTOS/portable/GCC/ARM_CM4F/port.o
 .debug_aranges
                0x00000eb8       0x58 ./Third party/FreeRTOS/portable/MemMang/heap_4.o
 .debug_aranges
                0x00000f10       0x28 ./Third party/SEGGER/Config/SEGGER_SYSVIEW_Config_FreeRTOS.o
 .debug_aranges
                0x00000f38       0x48 ./Third party/SEGGER/OS/SEGGER_SYSVIEW_FreeRTOS.o
 .debug_aranges
                0x00000f80      0x138 ./Third party/SEGGER/SEGGER/SEGGER_RTT.o
 .debug_aranges
                0x000010b8       0x20 ./Third party/SEGGER/SEGGER/SEGGER_RTT_ASM_ARMv7M.o
 .debug_aranges
                0x000010d8      0x2e8 ./Third party/SEGGER/SEGGER/SEGGER_SYSVIEW.o
 .debug_aranges
                0x000013c0       0x68 ./Third party/SEGGER/rec/segger_uart.o

.debug_rnglists
                0x00000000      0xf7d
 .debug_rnglists
                0x00000000       0x40 ./Core/Src/main.o
 .debug_rnglists
                0x00000040       0x13 ./Core/Src/stm32f7xx_hal_msp.o
 .debug_rnglists
                0x00000053       0x20 ./Core/Src/stm32f7xx_hal_timebase_tim.o
 .debug_rnglists
                0x00000073       0x37 ./Core/Src/stm32f7xx_it.o
 .debug_rnglists
                0x000000aa       0x1a ./Core/Src/system_stm32f7xx.o
 .debug_rnglists
                0x000000c4       0x19 ./Core/Startup/startup_stm32f767zitx.o
 .debug_rnglists
                0x000000dd       0xc7 ./Drivers/STM32F7xx_HAL_Driver/Src/stm32f7xx_hal.o
 .debug_rnglists
                0x000001a4       0xda ./Drivers/STM32F7xx_HAL_Driver/Src/stm32f7xx_hal_cortex.o
 .debug_rnglists
                0x0000027e       0x3f ./Drivers/STM32F7xx_HAL_Driver/Src/stm32f7xx_hal_gpio.o
 .debug_rnglists
                0x000002bd       0x67 ./Drivers/STM32F7xx_HAL_Driver/Src/stm32f7xx_hal_rcc.o
 .debug_rnglists
                0x00000324      0x328 ./Drivers/STM32F7xx_HAL_Driver/Src/stm32f7xx_hal_tim.o
 .debug_rnglists
                0x0000064c      0x138 ./Drivers/STM32F7xx_HAL_Driver/Src/stm32f7xx_hal_tim_ex.o
 .debug_rnglists
                0x00000784       0x2b ./Third party/FreeRTOS/list.o
 .debug_rnglists
                0x000007af       0xeb ./Third party/FreeRTOS/queue.o
 .debug_rnglists
                0x0000089a      0x1ac ./Third party/FreeRTOS/tasks.o
 .debug_rnglists
                0x00000a46       0xaf ./Third party/FreeRTOS/timers.o
 .debug_rnglists
                0x00000af5       0x63 ./Third party/FreeRTOS/portable/GCC/ARM_CM4F/port.o
 .debug_rnglists
                0x00000b58       0x42 ./Third party/FreeRTOS/portable/MemMang/heap_4.o
 .debug_rnglists
                0x00000b9a       0x19 ./Third party/SEGGER/Config/SEGGER_SYSVIEW_Config_FreeRTOS.o
 .debug_rnglists
                0x00000bb3       0x36 ./Third party/SEGGER/OS/SEGGER_SYSVIEW_FreeRTOS.o
 .debug_rnglists
                0x00000be9       0xf5 ./Third party/SEGGER/SEGGER/SEGGER_RTT.o
 .debug_rnglists
                0x00000cde      0x254 ./Third party/SEGGER/SEGGER/SEGGER_SYSVIEW.o
 .debug_rnglists
                0x00000f32       0x4b ./Third party/SEGGER/rec/segger_uart.o

.debug_macro    0x00000000    0x2af75
 .debug_macro   0x00000000      0x37b ./Core/Src/main.o
 .debug_macro   0x0000037b      0xacc ./Core/Src/main.o
 .debug_macro   0x00000e47       0x49 ./Core/Src/main.o
 .debug_macro   0x00000e90      0x28d ./Core/Src/main.o
 .debug_macro   0x0000111d       0x2e ./Core/Src/main.o
 .debug_macro   0x0000114b       0x3b ./Core/Src/main.o
 .debug_macro   0x00001186       0x22 ./Core/Src/main.o
 .debug_macro   0x000011a8       0x8e ./Core/Src/main.o
 .debug_macro   0x00001236       0x51 ./Core/Src/main.o
 .debug_macro   0x00001287      0x103 ./Core/Src/main.o
 .debug_macro   0x0000138a       0x6a ./Core/Src/main.o
 .debug_macro   0x000013f4      0x1df ./Core/Src/main.o
 .debug_macro   0x000015d3       0x1c ./Core/Src/main.o
 .debug_macro   0x000015ef       0x22 ./Core/Src/main.o
 .debug_macro   0x00001611       0xd9 ./Core/Src/main.o
 .debug_macro   0x000016ea     0x12cd ./Core/Src/main.o
 .debug_macro   0x000029b7      0x11f ./Core/Src/main.o
 .debug_macro   0x00002ad6       0x19 ./Core/Src/main.o
 .debug_macro   0x00002aef    0x1aa23 ./Core/Src/main.o
 .debug_macro   0x0001d512       0x6d ./Core/Src/main.o
 .debug_macro   0x0001d57f     0x3765 ./Core/Src/main.o
 .debug_macro   0x00020ce4      0x182 ./Core/Src/main.o
 .debug_macro   0x00020e66       0x63 ./Core/Src/main.o
 .debug_macro   0x00020ec9     0x1add ./Core/Src/main.o
 .debug_macro   0x000229a6      0x6c4 ./Core/Src/main.o
 .debug_macro   0x0002306a      0x18b ./Core/Src/main.o
 .debug_macro   0x000231f5      0x115 ./Core/Src/main.o
 .debug_macro   0x0002330a      0x26e ./Core/Src/main.o
 .debug_macro   0x00023578       0xa5 ./Core/Src/main.o
 .debug_macro   0x0002361d      0x24f ./Core/Src/main.o
 .debug_macro   0x0002386c       0x71 ./Core/Src/main.o
 .debug_macro   0x000238dd       0x58 ./Core/Src/main.o
 .debug_macro   0x00023935      0x236 ./Core/Src/main.o
 .debug_macro   0x00023b6b      0x14e ./Core/Src/main.o
 .debug_macro   0x00023cb9      0x3db ./Core/Src/main.o
 .debug_macro   0x00024094       0x12 ./Core/Src/main.o
 .debug_macro   0x000240a6      0x22c ./Core/Src/main.o
 .debug_macro   0x000242d2       0x61 ./Core/Src/main.o
 .debug_macro   0x00024333       0xa5 ./Core/Src/main.o
 .debug_macro   0x000243d8      0x12e ./Core/Src/main.o
 .debug_macro   0x00024506      0x108 ./Core/Src/main.o
 .debug_macro   0x0002460e       0x35 ./Core/Src/main.o
 .debug_macro   0x00024643      0xa91 ./Core/Src/main.o
 .debug_macro   0x000250d4       0xa9 ./Core/Src/main.o
 .debug_macro   0x0002517d      0x15b ./Core/Src/main.o
 .debug_macro   0x000252d8      0x13c ./Core/Src/main.o
 .debug_macro   0x00025414      0x133 ./Core/Src/main.o
 .debug_macro   0x00025547       0x58 ./Core/Src/main.o
 .debug_macro   0x0002559f       0x46 ./Core/Src/main.o
 .debug_macro   0x000255e5       0x64 ./Core/Src/main.o
 .debug_macro   0x00025649       0x16 ./Core/Src/main.o
 .debug_macro   0x0002565f       0xca ./Core/Src/main.o
 .debug_macro   0x00025729      0x220 ./Core/Src/main.o
 .debug_macro   0x00025949      0x458 ./Core/Src/main.o
 .debug_macro   0x00025da1      0x15a ./Core/Src/main.o
 .debug_macro   0x00025efb       0xe4 ./Core/Src/main.o
 .debug_macro   0x00025fdf       0x1c ./Core/Src/main.o
 .debug_macro   0x00025ffb       0x26 ./Core/Src/main.o
 .debug_macro   0x00026021      0x3a6 ./Core/Src/main.o
 .debug_macro   0x000263c7       0xb5 ./Core/Src/main.o
 .debug_macro   0x0002647c      0x120 ./Core/Src/main.o
 .debug_macro   0x0002659c       0x61 ./Core/Src/main.o
 .debug_macro   0x000265fd       0x29 ./Core/Src/main.o
 .debug_macro   0x00026626       0x43 ./Core/Src/main.o
 .debug_macro   0x00026669       0x34 ./Core/Src/main.o
 .debug_macro   0x0002669d       0x16 ./Core/Src/main.o
 .debug_macro   0x000266b3       0x35 ./Core/Src/main.o
 .debug_macro   0x000266e8      0x385 ./Core/Src/main.o
 .debug_macro   0x00026a6d       0x16 ./Core/Src/main.o
 .debug_macro   0x00026a83       0x43 ./Core/Src/main.o
 .debug_macro   0x00026ac6       0x34 ./Core/Src/main.o
 .debug_macro   0x00026afa       0x10 ./Core/Src/main.o
 .debug_macro   0x00026b0a       0x58 ./Core/Src/main.o
 .debug_macro   0x00026b62       0x8e ./Core/Src/main.o
 .debug_macro   0x00026bf0       0x16 ./Core/Src/main.o