../Core/Src/main.c:82:5:main	24	static
../Core/Src/main.c:149:6:SystemClock_Config	88	static
../Core/Src/main.c:198:13:MX_RTC_Init	8	static
../Core/Src/main.c:233:13:MX_USART2_UART_Init	8	static
../Core/Src/main.c:268:13:MX_GPIO_Init	56	static
../Core/Src/main.c:373:6:rtc_report_callback	16	static
../Core/Src/main.c:378:6:led_effect_callback	24	static
../Core/Src/main.c:400:6:vApplicationIdleHook	8	static
../Core/Src/main.c:404:6:vAssertCalled	24	static
../Core/Src/main.c:425:6:HAL_UART_RxCpltCallback	32	static
../Core/Src/main.c:466:6:HAL_TIM_PeriodElapsedCallback	16	static
../Core/Src/main.c:483:6:Error_Handler	4	static,ignoring_inline_asm
