Archive member included to satisfy reference by file (symbol)

C:/ST/STM32CubeIDE_1.15.1/STM32CubeIDE/plugins/com.st.stm32cube.ide.mcu.externaltools.gnu-tools-for-stm32.12.3.rel1.win32_1.0.100.202403111256/tools/bin/../lib/gcc/arm-none-eabi/12.3.1/../../../../arm-none-eabi/lib/thumb/v7e-m+dp/hard\libc_nano.a(libc_a-exit.o)
                              C:/ST/STM32CubeIDE_1.15.1/STM32CubeIDE/plugins/com.st.stm32cube.ide.mcu.externaltools.gnu-tools-for-stm32.12.3.rel1.win32_1.0.100.202403111256/tools/bin/../lib/gcc/arm-none-eabi/12.3.1/../../../../arm-none-eabi/lib/thumb/v7e-m+dp/hard/crt0.o (exit)
C:/ST/STM32CubeIDE_1.15.1/STM32CubeIDE/plugins/com.st.stm32cube.ide.mcu.externaltools.gnu-tools-for-stm32.12.3.rel1.win32_1.0.100.202403111256/tools/bin/../lib/gcc/arm-none-eabi/12.3.1/../../../../arm-none-eabi/lib/thumb/v7e-m+dp/hard\libc_nano.a(libc_a-findfp.o)
                              C:/ST/STM32CubeIDE_1.15.1/STM32CubeIDE/plugins/com.st.stm32cube.ide.mcu.externaltools.gnu-tools-for-stm32.12.3.rel1.win32_1.0.100.202403111256/tools/bin/../lib/gcc/arm-none-eabi/12.3.1/../../../../arm-none-eabi/lib/thumb/v7e-m+dp/hard\libc_nano.a(libc_a-exit.o) (__stdio_exit_handler)
C:/ST/STM32CubeIDE_1.15.1/STM32CubeIDE/plugins/com.st.stm32cube.ide.mcu.externaltools.gnu-tools-for-stm32.12.3.rel1.win32_1.0.100.202403111256/tools/bin/../lib/gcc/arm-none-eabi/12.3.1/../../../../arm-none-eabi/lib/thumb/v7e-m+dp/hard\libc_nano.a(libc_a-fwalk.o)
                              C:/ST/STM32CubeIDE_1.15.1/STM32CubeIDE/plugins/com.st.stm32cube.ide.mcu.externaltools.gnu-tools-for-stm32.12.3.rel1.win32_1.0.100.202403111256/tools/bin/../lib/gcc/arm-none-eabi/12.3.1/../../../../arm-none-eabi/lib/thumb/v7e-m+dp/hard\libc_nano.a(libc_a-findfp.o) (_fwalk_sglue)
C:/ST/STM32CubeIDE_1.15.1/STM32CubeIDE/plugins/com.st.stm32cube.ide.mcu.externaltools.gnu-tools-for-stm32.12.3.rel1.win32_1.0.100.202403111256/tools/bin/../lib/gcc/arm-none-eabi/12.3.1/../../../../arm-none-eabi/lib/thumb/v7e-m+dp/hard\libc_nano.a(libc_a-sprintf.o)
                              ./Common/Third party/FreeRTOS/tasks.o (sprintf)
C:/ST/STM32CubeIDE_1.15.1/STM32CubeIDE/plugins/com.st.stm32cube.ide.mcu.externaltools.gnu-tools-for-stm32.12.3.rel1.win32_1.0.100.202403111256/tools/bin/../lib/gcc/arm-none-eabi/12.3.1/../../../../arm-none-eabi/lib/thumb/v7e-m+dp/hard\libc_nano.a(libc_a-stdio.o)
                              C:/ST/STM32CubeIDE_1.15.1/STM32CubeIDE/plugins/com.st.stm32cube.ide.mcu.externaltools.gnu-tools-for-stm32.12.3.rel1.win32_1.0.100.202403111256/tools/bin/../lib/gcc/arm-none-eabi/12.3.1/../../../../arm-none-eabi/lib/thumb/v7e-m+dp/hard\libc_nano.a(libc_a-findfp.o) (__sread)
C:/ST/STM32CubeIDE_1.15.1/STM32CubeIDE/plugins/com.st.stm32cube.ide.mcu.externaltools.gnu-tools-for-stm32.12.3.rel1.win32_1.0.100.202403111256/tools/bin/../lib/gcc/arm-none-eabi/12.3.1/../../../../arm-none-eabi/lib/thumb/v7e-m+dp/hard\libc_nano.a(libc_a-memcmp.o)
                              ./Common/Third party/SEGGER/OS/SEGGER_SYSVIEW_FreeRTOS.o (memcmp)
C:/ST/STM32CubeIDE_1.15.1/STM32CubeIDE/plugins/com.st.stm32cube.ide.mcu.externaltools.gnu-tools-for-stm32.12.3.rel1.win32_1.0.100.202403111256/tools/bin/../lib/gcc/arm-none-eabi/12.3.1/../../../../arm-none-eabi/lib/thumb/v7e-m+dp/hard\libc_nano.a(libc_a-memset.o)
                              C:/ST/STM32CubeIDE_1.15.1/STM32CubeIDE/plugins/com.st.stm32cube.ide.mcu.externaltools.gnu-tools-for-stm32.12.3.rel1.win32_1.0.100.202403111256/tools/bin/../lib/gcc/arm-none-eabi/12.3.1/../../../../arm-none-eabi/lib/thumb/v7e-m+dp/hard/crt0.o (memset)
C:/ST/STM32CubeIDE_1.15.1/STM32CubeIDE/plugins/com.st.stm32cube.ide.mcu.externaltools.gnu-tools-for-stm32.12.3.rel1.win32_1.0.100.202403111256/tools/bin/../lib/gcc/arm-none-eabi/12.3.1/../../../../arm-none-eabi/lib/thumb/v7e-m+dp/hard\libc_nano.a(libc_a-closer.o)
                              C:/ST/STM32CubeIDE_1.15.1/STM32CubeIDE/plugins/com.st.stm32cube.ide.mcu.externaltools.gnu-tools-for-stm32.12.3.rel1.win32_1.0.100.202403111256/tools/bin/../lib/gcc/arm-none-eabi/12.3.1/../../../../arm-none-eabi/lib/thumb/v7e-m+dp/hard\libc_nano.a(libc_a-stdio.o) (_close_r)
C:/ST/STM32CubeIDE_1.15.1/STM32CubeIDE/plugins/com.st.stm32cube.ide.mcu.externaltools.gnu-tools-for-stm32.12.3.rel1.win32_1.0.100.202403111256/tools/bin/../lib/gcc/arm-none-eabi/12.3.1/../../../../arm-none-eabi/lib/thumb/v7e-m+dp/hard\libc_nano.a(libc_a-reent.o)
                              C:/ST/STM32CubeIDE_1.15.1/STM32CubeIDE/plugins/com.st.stm32cube.ide.mcu.externaltools.gnu-tools-for-stm32.12.3.rel1.win32_1.0.100.202403111256/tools/bin/../lib/gcc/arm-none-eabi/12.3.1/../../../../arm-none-eabi/lib/thumb/v7e-m+dp/hard\libc_nano.a(libc_a-closer.o) (errno)
C:/ST/STM32CubeIDE_1.15.1/STM32CubeIDE/plugins/com.st.stm32cube.ide.mcu.externaltools.gnu-tools-for-stm32.12.3.rel1.win32_1.0.100.202403111256/tools/bin/../lib/gcc/arm-none-eabi/12.3.1/../../../../arm-none-eabi/lib/thumb/v7e-m+dp/hard\libc_nano.a(libc_a-impure.o)
[...]
Memory Configuration

Name             Origin             Length             Attributes
RAM              0x20000000         0x00080000         xrw
FLASH            0x08000000         0x00200000         xr
*default*        0x00000000         0xffffffff

Linker script and memory map

LOAD C:/ST/STM32CubeIDE_1.15.1/STM32CubeIDE/plugins/com.st.stm32cube.ide.mcu.externaltools.gnu-tools-for-stm32.12.3.rel1.win32_1.0.100.202403111256/tools/bin/../lib/gcc/arm-none-eabi/12.3.1/thumb/v7e-m+dp/hard/crti.o
LOAD C:/ST/STM32CubeIDE_1.15.1/STM32CubeIDE/plugins/com.st.stm32cube.ide.mcu.externaltools.gnu-tools-for-stm32.12.3.rel1.win32_1.0.100.202403111256/tools/bin/../lib/gcc/arm-none-eabi/12.3.1/thumb/v7e-m+dp/hard/crtbegin.o
LOAD C:/ST/STM32CubeIDE_1.15.1/STM32CubeIDE/plugins/com.st.stm32cube.ide.mcu.externaltools.gnu-tools-for-stm32.12.3.rel1.win32_1.0.100.202403111256/tools/bin/../lib/gcc/arm-none-eabi/12.3.1/../../../../arm-none-eabi/lib/thumb/v7e-m+dp/hard/crt0.o
LOAD ./Common/Third party/FreeRTOS/croutine.o
LOAD ./Common/Third party/FreeRTOS/event_groups.o
LOAD ./Common/Third party/FreeRTOS/list.o
LOAD ./Common/Third party/FreeRTOS/queue.o
LOAD ./Common/Third party/FreeRTOS/stream_buffer.o
LOAD ./Common/Third party/FreeRTOS/tasks.o
LOAD ./Common/Third party/FreeRTOS/timers.o
LOAD ./Common/Third party/FreeRTOS/portable/GCC/ARM_CM4F/port.o
LOAD ./Common/Third party/FreeRTOS/portable/MemMang/heap_4.o
LOAD ./Common/Third party/SEGGER/Config/SEGGER_SYSVIEW_Config_FreeRTOS.o
LOAD ./Common/Third party/SEGGER/OS/SEGGER_SYSVIEW_FreeRTOS.o
LOAD ./Common/Third party/SEGGER/SEGGER/SEGGER_RTT.o
LOAD ./Common/Third party/SEGGER/SEGGER/SEGGER_RTT_ASM_ARMv7M.o
LOAD ./Common/Third party/SEGGER/SEGGER/SEGGER_RTT_printf.o
LOAD ./Common/Third party/SEGGER/SEGGER/SEGGER_SYSVIEW.o
LOAD ./Common/Third party/SEGGER/SEGGER/Syscalls/SEGGER_RTT_Syscalls_GCC.o
LOAD ./Common/Third party/SEGGER/rec/segger_uart.o
LOAD ./Core/Src/main.o
LOAD ./Core/Src/stm32f7xx_hal_msp.o
LOAD ./Core/Src/stm32f7xx_hal_timebase_tim.o
LOAD ./Core/Src/stm32f7xx_it.o
LOAD ./Core/Src/syscalls.o
LOAD ./Core/Src/sysmem.o
LOAD ./Core/Src/system_stm32f7xx.o
LOAD ./Core/Startup/startup_stm32f767zitx.o
LOAD ./Drivers/STM32F7xx_HAL_Driver/Src/stm32f7xx_hal.o
LOAD ./Drivers/STM32F7xx_HAL_Driver/Src/stm32f7xx_hal_cortex.o
LOAD ./Drivers/STM32F7xx_HAL_Driver/Src/stm32f7xx_hal_dma.o
LOAD ./Drivers/STM32F7xx_HAL_Driver/Src/stm32f7xx_hal_dma_ex.o
LOAD ./Drivers/STM32F7xx_HAL_Driver/Src/stm32f7xx_hal_exti.o
LOAD ./Drivers/STM32F7xx_HAL_Driver/Src/stm32f7xx_hal_flash.o
LOAD ./Drivers/STM32F7xx_HAL_Driver/Src/stm32f7xx_hal_flash_ex.o
LOAD ./Drivers/STM32F7xx_HAL_Driver/Src/stm32f7xx_hal_gpio.o
LOAD ./Drivers/STM32F7xx_HAL_Driver/Src/stm32f7xx_hal_i2c.o
LOAD ./Drivers/STM32F7xx_HAL_Driver/Src/stm32f7xx_hal_i2c_ex.o
LOAD ./Drivers/STM32F7xx_HAL_Driver/Src/stm32f7xx_hal_pwr.o
LOAD ./Drivers/STM32F7xx_HAL_Driver/Src/stm32f7xx_hal_pwr_ex.o
LOAD ./Drivers/STM32F7xx_HAL_Driver/Src/stm32f7xx_hal_rcc.o
LOAD ./Drivers/STM32F7xx_HAL_Driver/Src/stm32f7xx_hal_rcc_ex.o
LOAD ./Drivers/STM32F7xx_HAL_Driver/Src/stm32f7xx_hal_tim.o
LOAD ./Drivers/STM32F7xx_HAL_Driver/Src/stm32f7xx_hal_tim_ex.o
START GROUP
LOAD C:/ST/STM32CubeIDE_1.15.1/STM32CubeIDE/plugins/com.st.stm32cube.ide.mcu.externaltools.gnu-tools-for-stm32.12.3.rel1.win32_1.0.100.202403111256/tools/bin/../lib/gcc/arm-none-eabi/12.3.1/../../../../arm-none-eabi/lib/thumb/v7e-m+dp/hard\libc_nano.a
LOAD C:/ST/STM32CubeIDE_1.15.1/STM32CubeIDE/plugins/com.st.stm32cube.ide.mcu.externaltools.gnu-tools-for-stm32.12.3.rel1.win32_1.0.100.202403111256/tools/bin/../lib/gcc/arm-none-eabi/12.3.1/../../../../arm-none-eabi/lib/thumb/v7e-m+dp/hard\libm.a
END GROUP
START GROUP
LOAD C:/ST/STM32CubeIDE_1.15.1/STM32CubeIDE/plugins/com.st.stm32cube.ide.mcu.externaltools.gnu-tools-for-stm32.12.3.rel1.win32_1.0.100.202403111256/tools/bin/../lib/gcc/arm-none-eabi/12.3.1/thumb/v7e-m+dp/hard\libgcc.a
LOAD C:/ST/STM32CubeIDE_1.15.1/STM32CubeIDE/plugins/com.st.stm32cube.ide.mcu.externaltools.gnu-tools-for-stm32.12.3.rel1.win32_1.0.100.202403111256/tools/bin/../lib/gcc/arm-none-eabi/12.3.1/../../../../arm-none-eabi/lib/thumb/v7e-m+dp/hard\libc_nano.a
END GROUP
START GROUP
LOAD C:/ST/STM32CubeIDE_1.15.1/STM32CubeIDE/plugins/com.st.stm32cube.ide.mcu.externaltools.gnu-tools-for-stm32.12.3.rel1.win32_1.0.100.202403111256/tools/bin/../lib/gcc/arm-none-eabi/12.3.1/thumb/v7e-m+dp/hard\libgcc.a
LOAD C:/ST/STM32CubeIDE_1.15.1/STM32CubeIDE/plugins/com.st.stm32cube.ide.mcu.externaltools.gnu-tools-for-stm32.12.3.rel1.win32_1.0.100.202403111256/tools/bin/../lib/gcc/arm-none-eabi/12.3.1/../../../../arm-none-eabi/lib/thumb/v7e-m+dp/hard\libc_nano.a
LOAD C:/ST/STM32CubeIDE_1.15.1/STM32CubeIDE/plugins/com.st.stm32cube.ide.mcu.externaltools.gnu-tools-for-stm32.12.3.rel1.win32_1.0.100.202403111256/tools/bin/../lib/gcc/arm-none-eabi/12.3.1/../../../../arm-none-eabi/lib/thumb/v7e-m+dp/hard\libnosys.a
END GROUP
START GROUP
LOAD C:/ST/STM32CubeIDE_1.15.1/STM32CubeIDE/plugins/com.st.stm32cube.ide.mcu.externaltools.gnu-tools-for-stm32.12.3.rel1.win32_1.0.100.202403111256/tools/bin/../lib/gcc/arm-none-eabi/12.3.1/thumb/v7e-m+dp/hard\libgcc.a
LOAD C:/ST/STM32CubeIDE_1.15.1/STM32CubeIDE/plugins/com.st.stm32cube.ide.mcu.externaltools.gnu-tools-for-stm32.12.3.rel1.win32_1.0.100.202403111256/tools/bin/../lib/gcc/arm-none-eabi/12.3.1/../../../../arm-none-eabi/lib/thumb/v7e-m+dp/hard\libc_nano.a
LOAD C:/ST/STM32CubeIDE_1.15.1/STM32CubeIDE/plugins/com.st.stm32cube.ide.mcu.externaltools.gnu-tools-for-stm32.12.3.rel1.win32_1.0.100.202403111256/tools/bin/../lib/gcc/arm-none-eabi/12.3.1/../../../../arm-none-eabi/lib/thumb/v7e-m+dp/hard\libnosys.a
END GROUP
LOAD C:/ST/STM32CubeIDE_1.15.1/STM32CubeIDE/plugins/com.st.stm32cube.ide.mcu.externaltools.gnu-tools-for-stm32.12.3.rel1.win32_1.0.100.202403111256/tools/bin/../lib/gcc/arm-none-eabi/12.3.1/thumb/v7e-m+dp/hard/crtend.o
LOAD C:/ST/STM32CubeIDE_1.15.1/STM32CubeIDE/plugins/com.st.stm32cube.ide.mcu.externaltools.gnu-tools-for-stm32.12.3.rel1.win32_1.0.100.202403111256/tools/bin/../lib/gcc/arm-none-eabi/12.3.1/thumb/v7e-m+dp/hard/crtn.o
                0x20080000                        _estack = (ORIGIN (RAM) + LENGTH (RAM))
                0x00000200                        _Min_Heap_Size = 0x200
                0x00000400                        _Min_Stack_Size = 0x400

.isr_vector     0x08000000      0x1f8
                0x08000000                        . = ALIGN (0x4)
 *(.isr_vector)
 .isr_vector    0x08000000      0x1f8 ./Core/Startup/startup_stm32f767zitx.o
                0x08000000                g_pfnVectors
                0x080001f8                        . = ALIGN (0x4)

.text           0x08000200     0x72cc
                0x08000200                        . = ALIGN (0x4)
 *(.text)
 .text          0x08000200       0x40 C:/ST/STM32CubeIDE_1.15.1/STM32CubeIDE/plugins/com.st.stm32cube.ide.mcu.externaltools.gnu-tools-for-stm32.12.3.rel1.win32_1.0.100.202403111256/tools/bin/../lib/gcc/arm-none-eabi/12.3.1/thumb/v7e-m+dp/hard/crtbegin.o
 .text          0x08000240       0x94 ./Common/Third party/SEGGER/SEGGER/SEGGER_RTT_ASM_ARMv7M.o
                0x08000240                SEGGER_RTT_ASM_WriteSkipNoLock
 .text          0x080002d4       0x30 C:/ST/STM32CubeIDE_1.15.1/STM32CubeIDE/plugins/com.st.stm32cube.ide.mcu.externaltools.gnu-tools-for-stm32.12.3.rel1.win32_1.0.100.202403111256/tools/bin/../lib/gcc/arm-none-eabi/12.3.1/thumb/v7e-m+dp/hard\libgcc.a(_aeabi_uldivmod.o)
                0x080002d4                __aeabi_uldivmod
 .text          0x08000304      0x2bc C:/ST/STM32CubeIDE_1.15.1/STM32CubeIDE/plugins/com.st.stm32cube.ide.mcu.externaltools.gnu-tools-for-stm32.12.3.rel1.win32_1.0.100.202403111256/tools/bin/../lib/gcc/arm-none-eabi/12.3.1/thumb/v7e-m+dp/hard\libgcc.a(_udivmoddi4.o)
                0x08000304                __udivmoddi4
 .text          0x080005c0        0x4 C:/ST/STM32CubeIDE_1.15.1/STM32CubeIDE/plugins/com.st.stm32cube.ide.mcu.externaltools.gnu-tools-for-stm32.12.3.rel1.win32_1.0.100.202403111256/tools/bin/../lib/gcc/arm-none-eabi/12.3.1/thumb/v7e-m+dp/hard\libgcc.a(_dvmd_tls.o)
                0x080005c0                __aeabi_idiv0
                0x080005c0                __aeabi_ldiv0
 *(.text*)
 .text.vListInitialise
                0x080005c4       0x40 ./Common/Third party/FreeRTOS/list.o
                0x080005c4                vListInitialise
 .text.vListInitialiseItem
                0x08000604       0x1a ./Common/Third party/FreeRTOS/list.o
                0x08000604                vListInitialiseItem
 .text.vListInsertEnd
                0x0800061e       0x48 ./Common/Third party/FreeRTOS/list.o
                0x0800061e                vListInsertEnd
 .text.vListInsert
                0x08000666       0x72 ./Common/Third party/FreeRTOS/list.o
                0x08000666                vListInsert
 .text.uxListRemove
                0x080006d8       0x54 ./Common/Third party/FreeRTOS/list.o
                0x080006d8                uxListRemove
 .text.xQueueGenericReset
                0x0800072c       0xc8 ./Common/Third party/FreeRTOS/queue.o
                0x0800072c                xQueueGenericReset
 .text.xQueueGenericCreate
                0x080007f4       0xa0 ./Common/Third party/FreeRTOS/queue.o
                0x080007f4                xQueueGenericCreate
 .text.prvInitialiseNewQueue
                0x08000894       0x52 ./Common/Third party/FreeRTOS/queue.o
 *fill*         0x080008e6        0x2 
 .text.xQueueGenericSend
                0x080008e8      0x220 ./Common/Third party/FreeRTOS/queue.o
                0x080008e8                xQueueGenericSend
 .text.xQueueGenericSendFromISR
                0x08000b08      0x150 ./Common/Third party/FreeRTOS/queue.o
                0x08000b08                xQueueGenericSendFromISR
 .text.xQueueReceive
                0x08000c58      0x200 ./Common/Third party/FreeRTOS/queue.o
                0x08000c58                xQueueReceive
 .text.prvCopyDataToQueue
                0x08000e58       0xd4 ./Common/Third party/FreeRTOS/queue.o
 .text.prvCopyDataFromQueue
                0x08000f2c       0x4c ./Common/Third party/FreeRTOS/queue.o
 .text.prvUnlockQueue
                0x08000f78       0xa4 ./Common/Third party/FreeRTOS/queue.o
 .text.prvIsQueueEmpty
                0x0800101c       0x2c ./Common/Third party/FreeRTOS/queue.o
 .text.prvIsQueueFull
                0x08001048       0x30 ./Common/Third party/FreeRTOS/queue.o
 .text.vQueueAddToRegistry
                0x08001078       0x64 ./Common/Third party/FreeRTOS/queue.o
                0x08001078                vQueueAddToRegistry
 .text.vQueueWaitForMessageRestricted
                0x080010dc       0x68 ./Common/Third party/FreeRTOS/queue.o
                0x080010dc                vQueueWaitForMessageRestricted
 .text.xTaskCreate
                0x08001144       0x82 ./Common/Third party/FreeRTOS/tasks.o
                0x08001144                xTaskCreate
 *fill*         0x080011c6        0x2 
 .text.prvInitialiseNewTask
                0x080011c8      0x124 ./Common/Third party/FreeRTOS/tasks.o
 .text.prvAddNewTaskToReadyList
                0x080012ec      0x118 ./Common/Third party/FreeRTOS/tasks.o
 .text.xTaskDelayUntil
                0x08001404       0xe4 ./Common/Third party/FreeRTOS/tasks.o
                0x08001404                xTaskDelayUntil
 .text.vTaskStartScheduler
                0x080014e8       0xbc ./Common/Third party/FreeRTOS/tasks.o
                0x080014e8                vTaskStartScheduler
 .text.vTaskSuspendAll
                0x080015a4       0x1c ./Common/Third party/FreeRTOS/tasks.o
                0x080015a4                vTaskSuspendAll
 .text.xTaskResumeAll
                0x080015c0      0x138 ./Common/Third party/FreeRTOS/tasks.o
                0x080015c0                xTaskResumeAll
 .text.xTaskGetTickCount
                0x080016f8       0x20 ./Common/Third party/FreeRTOS/tasks.o
                0x080016f8                xTaskGetTickCount
 .text.xTaskGetTickCountFromISR
                0x08001718       0x24 ./Common/Third party/FreeRTOS/tasks.o
                0x08001718                xTaskGetTickCountFromISR
 .text.xTaskIncrementTick
                0x0800173c      0x170 ./Common/Third party/FreeRTOS/tasks.o
                0x0800173c                xTaskIncrementTick
 .text.vTaskSwitchContext
                0x080018ac       0xcc ./Common/Third party/FreeRTOS/tasks.o
                0x080018ac                vTaskSwitchContext
 .text.vTaskPlaceOnEventList
                0x08001978       0x40 ./Common/Third party/FreeRTOS/tasks.o
                0x08001978                vTaskPlaceOnEventList
 .text.vTaskPlaceOnEventListRestricted
                0x080019b8       0x54 ./Common/Third party/FreeRTOS/tasks.o
                0x080019b8                vTaskPlaceOnEventListRestricted
 .text.xTaskRemoveFromEventList
                0x08001a0c       0xc4 ./Common/Third party/FreeRTOS/tasks.o
                0x08001a0c                xTaskRemoveFromEventList
 .text.vTaskInternalSetTimeOutState
                0x08001ad0       0x2c ./Common/Third party/FreeRTOS/tasks.o
                0x08001ad0                vTaskInternalSetTimeOutState
 .text.xTaskCheckForTimeOut
                0x08001afc       0xb8 ./Common/Third party/FreeRTOS/tasks.o
                0x08001afc                xTaskCheckForTimeOut
 .text.vTaskMissedYield
                0x08001bb4       0x18 ./Common/Third party/FreeRTOS/tasks.o
                0x08001bb4                vTaskMissedYield
 .text.prvIdleTask
                0x08001bcc       0x30 ./Common/Third party/FreeRTOS/tasks.o
 .text.prvInitialiseTaskLists
                0x08001bfc       0x80 ./Common/Third party/FreeRTOS/tasks.o
 .text.prvCheckTasksWaitingTermination
                0x08001c7c       0x5c ./Common/Third party/FreeRTOS/tasks.o
 .text.prvDeleteTCB
                0x08001cd8       0x20 ./Common/Third party/FreeRTOS/tasks.o
 .text.prvResetNextTaskUnblockTime
                0x08001cf8       0x38 ./Common/Third party/FreeRTOS/tasks.o
 .text.xTaskGetSchedulerState
                0x08001d30       0x3c ./Common/Third party/FreeRTOS/tasks.o
                0x08001d30                xTaskGetSchedulerState
 .text.xTaskPriorityDisinherit
                0x08001d6c       0xec ./Common/Third party/FreeRTOS/tasks.o
                0x08001d6c                xTaskPriorityDisinherit
 .text.prvAddCurrentTaskToDelayedList
                0x08001e58       0xf0 ./Common/Third party/FreeRTOS/tasks.o
 .text.xTimerCreateTimerTask
                0x08001f48       0x5c ./Common/Third party/FreeRTOS/timers.o
                0x08001f48                xTimerCreateTimerTask
 .text.xTimerGenericCommand
                0x08001fa4       0x94 ./Common/Third party/FreeRTOS/timers.o
                0x08001fa4                xTimerGenericCommand
 .text.prvProcessExpiredTimer
                0x08002038       0x94 ./Common/Third party/FreeRTOS/timers.o
 .text.prvTimerTask
                0x080020cc       0x26 ./Common/Third party/FreeRTOS/timers.o
 *fill*         0x080020f2        0x2 
 .text.prvProcessTimerOrBlockTask
                0x080020f4       0x9c ./Common/Third party/FreeRTOS/timers.o
 .text.prvGetNextExpireTime
                0x08002190       0x48 ./Common/Third party/FreeRTOS/timers.o
 .text.prvSampleTimeNow
                0x080021d8       0x40 ./Common/Third party/FreeRTOS/timers.o
 .text.prvInsertTimerInActiveList
                0x08002218       0x84 ./Common/Third party/FreeRTOS/timers.o
 .text.prvProcessReceivedCommands
                0x0800229c      0x1ac ./Common/Third party/FreeRTOS/timers.o
 .text.prvSwitchTimerLists
                0x08002448       0xc0 ./Common/Third party/FreeRTOS/timers.o
 .text.prvCheckForValidListAndQueue
                0x08002508       0x6c ./Common/Third party/FreeRTOS/timers.o
 .text.pxPortInitialiseStack
                0x08002574       0x68 ./Common/Third party/FreeRTOS/portable/GCC/ARM_CM4F/port.o
                0x08002574                pxPortInitialiseStack
 .text.prvTaskExitError
                0x080025dc       0x4c ./Common/Third party/FreeRTOS/portable/GCC/ARM_CM4F/port.o
 *fill*         0x08002628        0x8 
 .text.SVC_Handler
                0x08002630       0x28 ./Common/Third party/FreeRTOS/portable/GCC/ARM_CM4F/port.o
                0x08002630                SVC_Handler
 .text.prvPortStartFirstTask
                0x08002658       0x2c ./Common/Third party/FreeRTOS/portable/GCC/ARM_CM4F/port.o
 .text.xPortStartScheduler
                0x08002684      0x138 ./Common/Third party/FreeRTOS/portable/GCC/ARM_CM4F/port.o
                0x08002684                xPortStartScheduler
 .text.vInitPrioGroupValue
                0x080027bc       0xec ./Common/Third party/FreeRTOS/portable/GCC/ARM_CM4F/port.o
                0x080027bc                vInitPrioGroupValue
 .text.vPortEnterCritical
                0x080028a8       0x54 ./Common/Third party/FreeRTOS/portable/GCC/ARM_CM4F/port.o
                0x080028a8                vPortEnterCritical
 .text.vPortExitCritical
                0x080028fc       0x48 ./Common/Third party/FreeRTOS/portable/GCC/ARM_CM4F/port.o
                0x080028fc                vPortExitCritical
 *fill*         0x08002944        0xc 
 .text.PendSV_Handler
                0x08002950       0x68 ./Common/Third party/FreeRTOS/portable/GCC/ARM_CM4F/port.o
                0x08002950                PendSV_Handler
 .text.SysTick_Handler
                0x080029b8       0x54 ./Common/Third party/FreeRTOS/portable/GCC/ARM_CM4F/port.o
                0x080029b8                SysTick_Handler
 .text.vPortSetupTimerInterrupt
                0x08002a0c       0x48 ./Common/Third party/FreeRTOS/portable/GCC/ARM_CM4F/port.o
                0x08002a0c                vPortSetupTimerInterrupt
 .text.vPortEnableVFP
                0x08002a54       0x18 ./Common/Third party/FreeRTOS/portable/GCC/ARM_CM4F/port.o
 .text.vPortValidateInterruptPriority
                0x08002a6c       0x68 ./Common/Third party/FreeRTOS/portable/GCC/ARM_CM4F/port.o
                0x08002a6c                vPortValidateInterruptPriority
 .text.pvPortMalloc
                0x08002ad4      0x19c ./Common/Third party/FreeRTOS/portable/MemMang/heap_4.o
                0x08002ad4                pvPortMalloc
 .text.vPortFree
                0x08002c70       0xb0 ./Common/Third party/FreeRTOS/portable/MemMang/heap_4.o
                0x08002c70                vPortFree
 .text.prvHeapInit
                0x08002d20       0xc4 ./Common/Third party/FreeRTOS/portable/MemMang/heap_4.o
 .text.prvInsertBlockIntoFreeList
                0x08002de4       0xb4 ./Common/Third party/FreeRTOS/portable/MemMang/heap_4.o
 .text._cbSendSystemDesc
                0x08002e98       0x1c ./Common/Third party/SEGGER/Config/SEGGER_SYSVIEW_Config_FreeRTOS.o
 .text.SEGGER_SYSVIEW_Conf
                0x08002eb4       0x2c ./Common/Third party/SEGGER/Config/SEGGER_SYSVIEW_Config_FreeRTOS.o
                0x08002eb4                SEGGER_SYSVIEW_Conf
 .text._cbSendTaskList
                0x08002ee0       0x90 ./Common/Third party/SEGGER/OS/SEGGER_SYSVIEW_FreeRTOS.o
 .text._cbGetTime
                0x08002f70       0x86 ./Common/Third party/SEGGER/OS/SEGGER_SYSVIEW_FreeRTOS.o
 *fill*         0x08002ff6        0x2 
 .text.SYSVIEW_AddTask
                0x08002ff8       0xd0 ./Common/Third party/SEGGER/OS/SEGGER_SYSVIEW_FreeRTOS.o
                0x08002ff8                SYSVIEW_AddTask
 .text.SYSVIEW_SendTaskInfo
                0x080030c8       0x42 ./Common/Third party/SEGGER/OS/SEGGER_SYSVIEW_FreeRTOS.o
                0x080030c8                SYSVIEW_SendTaskInfo
 *fill*         0x0800310a        0x2 
 .text._DoInit  0x0800310c       0xb4 ./Common/Third party/SEGGER/SEGGER/SEGGER_RTT.o
 .text._WriteBlocking
                0x080031c0       0xba ./Common/Third party/SEGGER/SEGGER/SEGGER_RTT.o
 .text._WriteNoCheck
                0x0800327a       0x90 ./Common/Third party/SEGGER/SEGGER/SEGGER_RTT.o
 .text._GetAvailWriteSpace
                0x0800330a       0x46 ./Common/Third party/SEGGER/SEGGER/SEGGER_RTT.o
 .text.SEGGER_RTT_ReadUpBufferNoLock
                0x08003350      0x10c ./Common/Third party/SEGGER/SEGGER/SEGGER_RTT.o
                0x08003350                SEGGER_RTT_ReadUpBufferNoLock
 .text.SEGGER_RTT_ReadNoLock
                0x0800345c      0x10c ./Common/Third party/SEGGER/SEGGER/SEGGER_RTT.o
                0x0800345c                SEGGER_RTT_ReadNoLock
 .text.SEGGER_RTT_WriteDownBufferNoLock
                0x08003568       0xa0 ./Common/Third party/SEGGER/SEGGER/SEGGER_RTT.o
                0x08003568                SEGGER_RTT_WriteDownBufferNoLock
 .text.SEGGER_RTT_WriteDownBuffer
                0x08003608       0x4c ./Common/Third party/SEGGER/SEGGER/SEGGER_RTT.o
                0x08003608                SEGGER_RTT_WriteDownBuffer
 .text.SEGGER_RTT_AllocUpBuffer
                0x08003654      0x108 ./Common/Third party/SEGGER/SEGGER/SEGGER_RTT.o
                0x08003654                SEGGER_RTT_AllocUpBuffer
 .text.SEGGER_RTT_ConfigDownBuffer
                0x0800375c       0x98 ./Common/Third party/SEGGER/SEGGER/SEGGER_RTT.o
                0x0800375c                SEGGER_RTT_ConfigDownBuffer
 .text._EncodeStr
                0x080037f4       0x60 ./Common/Third party/SEGGER/SEGGER/SEGGER_SYSVIEW.o
 .text._PreparePacket
                0x08003854       0x18 ./Common/Third party/SEGGER/SEGGER/SEGGER_SYSVIEW.o
 .text._HandleIncomingPacket
                0x0800386c       0xdc ./Common/Third party/SEGGER/SEGGER/SEGGER_SYSVIEW.o
 .text._TrySendOverflowPacket
                0x08003948       0xe8 ./Common/Third party/SEGGER/SEGGER/SEGGER_SYSVIEW.o
 .text._SendPacket
                0x08003a30      0x2e0 ./Common/Third party/SEGGER/SEGGER/SEGGER_SYSVIEW.o
 .text._StoreChar
                0x08003d10       0xf6 ./Common/Third party/SEGGER/SEGGER/SEGGER_SYSVIEW.o
 *fill*         0x08003e06        0x2 
 .text._PrintUnsigned
                0x08003e08      0x12c ./Common/Third party/SEGGER/SEGGER/SEGGER_SYSVIEW.o
 .text._PrintInt
                0x08003f34      0x11e ./Common/Third party/SEGGER/SEGGER/SEGGER_SYSVIEW.o
 *fill*         0x08004052        0x2 
 .text._VPrintTarget
                0x08004054      0x440 ./Common/Third party/SEGGER/SEGGER/SEGGER_SYSVIEW.o
 .text.SEGGER_SYSVIEW_Init
                0x08004494       0x88 ./Common/Third party/SEGGER/SEGGER/SEGGER_SYSVIEW.o
                0x08004494                SEGGER_SYSVIEW_Init
 .text.SEGGER_SYSVIEW_SetRAMBase
                0x0800451c       0x20 ./Common/Third party/SEGGER/SEGGER/SEGGER_SYSVIEW.o
                0x0800451c                SEGGER_SYSVIEW_SetRAMBase
 .text.SEGGER_SYSVIEW_RecordVoid
                0x0800453c       0x3c ./Common/Third party/SEGGER/SEGGER/SEGGER_SYSVIEW.o
                0x0800453c                SEGGER_SYSVIEW_RecordVoid
 .text.SEGGER_SYSVIEW_RecordU32
                0x08004578       0x78 ./Common/Third party/SEGGER/SEGGER/SEGGER_SYSVIEW.o
                0x08004578                SEGGER_SYSVIEW_RecordU32
 .text.SEGGER_SYSVIEW_RecordU32x2
                0x080045f0       0xb4 ./Common/Third party/SEGGER/SEGGER/SEGGER_SYSVIEW.o
                0x080045f0                SEGGER_SYSVIEW_RecordU32x2
 .text.SEGGER_SYSVIEW_RecordU32x3
                0x080046a4       0xec ./Common/Third party/SEGGER/SEGGER/SEGGER_SYSVIEW.o
                0x080046a4                SEGGER_SYSVIEW_RecordU32x3
 .text.SEGGER_SYSVIEW_RecordU32x4
                0x08004790      0x124 ./Common/Third party/SEGGER/SEGGER/SEGGER_SYSVIEW.o
                0x08004790                SEGGER_SYSVIEW_RecordU32x4
 .text.SEGGER_SYSVIEW_Start
                0x080048b4      0x178 ./Common/Third party/SEGGER/SEGGER/SEGGER_SYSVIEW.o
                0x080048b4                SEGGER_SYSVIEW_Start
 .text.SEGGER_SYSVIEW_Stop
                0x08004a2c       0x4c ./Common/Third party/SEGGER/SEGGER/SEGGER_SYSVIEW.o
                0x08004a2c                SEGGER_SYSVIEW_Stop
 .text.SEGGER_SYSVIEW_GetSysDesc
                0x08004a78      0x134 ./Common/Third party/SEGGER/SEGGER/SEGGER_SYSVIEW.o
                0x08004a78                SEGGER_SYSVIEW_GetSysDesc
 .text.SEGGER_SYSVIEW_SendTaskInfo
                0x08004bac      0x1c8 ./Common/Third party/SEGGER/SEGGER/SEGGER_SYSVIEW.o
                0x08004bac                SEGGER_SYSVIEW_SendTaskInfo
 .text.SEGGER_SYSVIEW_SendTaskList
                0x08004d74       0x28 ./Common/Third party/SEGGER/SEGGER/SEGGER_SYSVIEW.o
                0x08004d74                SEGGER_SYSVIEW_SendTaskList
 .text.SEGGER_SYSVIEW_SendSysDesc
                0x08004d9c       0x48 ./Common/Third party/SEGGER/SEGGER/SEGGER_SYSVIEW.o
                0x08004d9c                SEGGER_SYSVIEW_SendSysDesc
 .text.SEGGER_SYSVIEW_RecordSystime
                0x08004de4       0x64 ./Common/Third party/SEGGER/SEGGER/SEGGER_SYSVIEW.o
                0x08004de4                SEGGER_SYSVIEW_RecordSystime
 .text.SEGGER_SYSVIEW_RecordEnterISR
                0x08004e48       0x84 ./Common/Third party/SEGGER/SEGGER/SEGGER_SYSVIEW.o
                0x08004e48                SEGGER_SYSVIEW_RecordEnterISR
 .text.SEGGER_SYSVIEW_RecordExitISR
                0x08004ecc       0x38 ./Common/Third party/SEGGER/SEGGER/SEGGER_SYSVIEW.o
                0x08004ecc                SEGGER_SYSVIEW_RecordExitISR
 .text.SEGGER_SYSVIEW_RecordExitISRToScheduler
                0x08004f04       0x38 ./Common/Third party/SEGGER/SEGGER/SEGGER_SYSVIEW.o
                0x08004f04                SEGGER_SYSVIEW_RecordExitISRToScheduler
 .text.SEGGER_SYSVIEW_OnIdle
                0x08004f3c       0x38 ./Common/Third party/SEGGER/SEGGER/SEGGER_SYSVIEW.o
                0x08004f3c                SEGGER_SYSVIEW_OnIdle
 .text.SEGGER_SYSVIEW_OnTaskCreate
                0x08004f74       0x84 ./Common/Third party/SEGGER/SEGGER/SEGGER_SYSVIEW.o
                0x08004f74                SEGGER_SYSVIEW_OnTaskCreate
 .text.SEGGER_SYSVIEW_OnTaskStartExec
                0x08004ff8       0x84 ./Common/Third party/SEGGER/SEGGER/SEGGER_SYSVIEW.o
                0x08004ff8                SEGGER_SYSVIEW_OnTaskStartExec
 .text.SEGGER_SYSVIEW_OnTaskStartReady
                0x0800507c       0x84 ./Common/Third party/SEGGER/SEGGER/SEGGER_SYSVIEW.o
                0x0800507c                SEGGER_SYSVIEW_OnTaskStartReady
 .text.SEGGER_SYSVIEW_OnTaskStopReady
                0x08005100       0xc0 ./Common/Third party/SEGGER/SEGGER/SEGGER_SYSVIEW.o
                0x08005100                SEGGER_SYSVIEW_OnTaskStopReady
 .text.SEGGER_SYSVIEW_ShrinkId
                0x080051c0       0x20 ./Common/Third party/SEGGER/SEGGER/SEGGER_SYSVIEW.o
                0x080051c0                SEGGER_SYSVIEW_ShrinkId
 .text.SEGGER_SYSVIEW_SendModule
                0x080051e0      0x114 ./Common/Third party/SEGGER/SEGGER/SEGGER_SYSVIEW.o
                0x080051e0                SEGGER_SYSVIEW_SendModule
 .text.SEGGER_SYSVIEW_SendModuleDescription
                0x080052f4       0x3c ./Common/Third party/SEGGER/SEGGER/SEGGER_SYSVIEW.o
                0x080052f4                SEGGER_SYSVIEW_SendModuleDescription
 .text.SEGGER_SYSVIEW_SendNumModules
                0x08005330       0x7c ./Common/Third party/SEGGER/SEGGER/SEGGER_SYSVIEW.o
                0x08005330                SEGGER_SYSVIEW_SendNumModules
 .text.SEGGER_SYSVIEW_PrintfTarget
                0x080053ac       0x28 ./Common/Third party/SEGGER/SEGGER/SEGGER_SYSVIEW.o
                0x080053ac                SEGGER_SYSVIEW_PrintfTarget
 .text.SEGGER_SYSVIEW_Warn
                0x080053d4       0xb8 ./Common/Third party/SEGGER/SEGGER/SEGGER_SYSVIEW.o
                0x080053d4                SEGGER_SYSVIEW_Warn
 .text.SEGGER_SYSVIEW_IsStarted
                0x0800548c       0x5c ./Common/Third party/SEGGER/SEGGER/SEGGER_SYSVIEW.o
                0x0800548c                SEGGER_SYSVIEW_IsStarted
 .text.__NVIC_EnableIRQ
                0x080054e8       0x3c ./Common/Third party/SEGGER/rec/segger_uart.o
 .text.__NVIC_SetPriority
                0x08005524       0x54 ./Common/Third party/SEGGER/rec/segger_uart.o
 .text._StartSysView
                0x08005578       0x1e ./Common/Third party/SEGGER/rec/segger_uart.o
 *fill*         0x08005596        0x2 
 .text._cbOnUARTRx
                0x08005598       0x40 ./Common/Third party/SEGGER/rec/segger_uart.o
 .text._cbOnUARTTx
                0x080055d8       0x64 ./Common/Third party/SEGGER/rec/segger_uart.o
 .text.SEGGER_UART_init
                0x0800563c       0x24 ./Common/Third party/SEGGER/rec/segger_uart.o
                0x0800563c                SEGGER_UART_init
 .text.USART2_IRQHandler
                0x08005660       0x98 ./Common/Third party/SEGGER/rec/segger_uart.o
                0x08005660                USART2_IRQHandler
 .text.HIF_UART_EnableTXEInterrupt
                0x080056f8       0x20 ./Common/Third party/SEGGER/rec/segger_uart.o
                0x080056f8                HIF_UART_EnableTXEInterrupt
 .text.HIF_UART_Init
                0x08005718       0xf4 ./Common/Third party/SEGGER/rec/segger_uart.o
                0x08005718                HIF_UART_Init
 .text.main     0x0800580c       0xe4 ./Core/Src/main.o
                0x0800580c                main
 .text.SystemClock_Config
                0x080058f0       0xd4 ./Core/Src/main.o
                0x080058f0                SystemClock_Config
 .text.MX_GPIO_Init
                0x080059c4      0x22c ./Core/Src/main.o
 .text.led_green_handler
                0x08005bf0       0x38 ./Core/Src/main.o
 .text.led_red_handler
                0x08005c28       0x38 ./Core/Src/main.o
 .text.led_blue_handler
                0x08005c60       0x3c ./Core/Src/main.o
 .text.vAssertCalled
                0x08005c9c       0x26 ./Core/Src/main.o
                0x08005c9c                vAssertCalled
 .text.Error_Handler
                0x08005cc2        0xc ./Core/Src/main.o
                0x08005cc2                Error_Handler
 *fill*         0x08005cce        0x2 
 .text.HAL_MspInit
                0x08005cd0       0x48 ./Core/Src/stm32f7xx_hal_msp.o
                0x08005cd0                HAL_MspInit
 .text.HAL_InitTick
                0x08005d18       0xf4 ./Core/Src/stm32f7xx_hal_timebase_tim.o
                0x08005d18                HAL_InitTick
 .text.NMI_Handler
                0x08005e0c        0x8 ./Core/Src/stm32f7xx_it.o
                0x08005e0c                NMI_Handler
 .text.HardFault_Handler
                0x08005e14        0x8 ./Core/Src/stm32f7xx_it.o
                0x08005e14                HardFault_Handler
 .text.MemManage_Handler
                0x08005e1c        0x8 ./Core/Src/stm32f7xx_it.o
                0x08005e1c                MemManage_Handler
 .text.BusFault_Handler
                0x08005e24        0x8 ./Core/Src/stm32f7xx_it.o
                0x08005e24                BusFault_Handler
 .text.UsageFault_Handler
                0x08005e2c        0x8 ./Core/Src/stm32f7xx_it.o
                0x08005e2c                UsageFault_Handler
 .text.DebugMon_Handler
                0x08005e34        0xe ./Core/Src/stm32f7xx_it.o
                0x08005e34                DebugMon_Handler
 *fill*         0x08005e42        0x2 
 .text.TIM6_DAC_IRQHandler
                0x08005e44       0x14 ./Core/Src/stm32f7xx_it.o
                0x08005e44                TIM6_DAC_IRQHandler
 .text.SystemInit
                0x08005e58       0x24 ./Core/Src/system_stm32f7xx.o
                0x08005e58                SystemInit
 .text.Reset_Handler
                0x08005e7c       0x50 ./Core/Startup/startup_stm32f767zitx.o
                0x08005e7c                Reset_Handler
 .text.Default_Handler
                0x08005ecc        0x2 ./Core/Startup/startup_stm32f767zitx.o
                0x08005ecc                RTC_Alarm_IRQHandler
                0x08005ecc                EXTI2_IRQHandler
                0x08005ecc                TIM8_CC_IRQHandler
                0x08005ecc                UART8_IRQHandler
                0x08005ecc                SPI4_IRQHandler
                0x08005ecc                TIM1_CC_IRQHandler
                0x08005ecc                DMA2_Stream5_IRQHandler
                0x08005ecc                JPEG_IRQHandler
                0x08005ecc                DMA1_Stream5_IRQHandler
                0x08005ecc                CAN3_RX1_IRQHandler
                0x08005ecc                PVD_IRQHandler
                0x08005ecc                TAMP_STAMP_IRQHandler
                0x08005ecc                CAN2_RX1_IRQHandler
                0x08005ecc                EXTI3_IRQHandler
                0x08005ecc                TIM8_TRG_COM_TIM14_IRQHandler
                0x08005ecc                DFSDM1_FLT1_IRQHandler
                0x08005ecc                TIM1_UP_TIM10_IRQHandler
                0x08005ecc                TIM8_UP_TIM13_IRQHandler
                0x08005ecc                I2C3_ER_IRQHandler
                0x08005ecc                DFSDM1_FLT2_IRQHandler
                0x08005ecc                EXTI0_IRQHandler
                0x08005ecc                I2C2_EV_IRQHandler
                0x08005ecc                DMA1_Stream2_IRQHandler
                0x08005ecc                CAN1_RX0_IRQHandler
                0x08005ecc                FPU_IRQHandler
                0x08005ecc                OTG_HS_WKUP_IRQHandler
                0x08005ecc                CAN3_SCE_IRQHandler
                0x08005ecc                LTDC_ER_IRQHandler
                0x08005ecc                CAN2_SCE_IRQHandler
                0x08005ecc                DMA2_Stream2_IRQHandler
                0x08005ecc                SPI1_IRQHandler
                0x08005ecc                TIM1_BRK_TIM9_IRQHandler
                0x08005ecc                DCMI_IRQHandler
                0x08005ecc                CAN2_RX0_IRQHandler
                0x08005ecc                DMA2_Stream3_IRQHandler
                0x08005ecc                SAI2_IRQHandler
                0x08005ecc                DFSDM1_FLT3_IRQHandler
                0x08005ecc                USART6_IRQHandler
                0x08005ecc                CAN3_RX0_IRQHandler
                0x08005ecc                USART3_IRQHandler
                0x08005ecc                CAN1_RX1_IRQHandler
                0x08005ecc                UART5_IRQHandler
                0x08005ecc                DMA2_Stream0_IRQHandler
                0x08005ecc                TIM4_IRQHandler
                0x08005ecc                QUADSPI_IRQHandler
                0x08005ecc                I2C1_EV_IRQHandler
                0x08005ecc                DMA1_Stream6_IRQHandler
                0x08005ecc                DMA1_Stream1_IRQHandler
                0x08005ecc                UART4_IRQHandler
                0x08005ecc                TIM3_IRQHandler
                0x08005ecc                RCC_IRQHandler
                0x08005ecc                TIM8_BRK_TIM12_IRQHandler
                0x08005ecc                Default_Handler
                0x08005ecc                CEC_IRQHandler
                0x08005ecc                EXTI15_10_IRQHandler
                0x08005ecc                ADC_IRQHandler
                0x08005ecc                DMA1_Stream7_IRQHandler
                0x08005ecc                SPI5_IRQHandler
                0x08005ecc                TIM7_IRQHandler
                0x08005ecc                SDMMC1_IRQHandler
                0x08005ecc                CAN2_TX_IRQHandler
                0x08005ecc                TIM5_IRQHandler
                0x08005ecc                DMA2_Stream7_IRQHandler
                0x08005ecc                I2C3_EV_IRQHandler
                0x08005ecc                EXTI9_5_IRQHandler
                0x08005ecc                RTC_WKUP_IRQHandler
                0x08005ecc                LTDC_IRQHandler
                0x08005ecc                ETH_WKUP_IRQHandler
                0x08005ecc                SPDIF_RX_IRQHandler
                0x08005ecc                SPI2_IRQHandler
                0x08005ecc                OTG_HS_EP1_IN_IRQHandler
                0x08005ecc                DMA1_Stream0_IRQHandler
                0x08005ecc                CAN1_TX_IRQHandler
                0x08005ecc                EXTI4_IRQHandler
                0x08005ecc                RNG_IRQHandler
                0x08005ecc                ETH_IRQHandler
                0x08005ecc                OTG_HS_EP1_OUT_IRQHandler
                0x08005ecc                WWDG_IRQHandler
                0x08005ecc                SPI6_IRQHandler
                0x08005ecc                MDIOS_IRQHandler
                0x08005ecc                I2C4_EV_IRQHandler
                0x08005ecc                CAN3_TX_IRQHandler
                0x08005ecc                TIM2_IRQHandler
                0x08005ecc                OTG_FS_WKUP_IRQHandler
                0x08005ecc                TIM1_TRG_COM_TIM11_IRQHandler
                0x08005ecc                OTG_HS_IRQHandler
                0x08005ecc                DMA2D_IRQHandler
                0x08005ecc                EXTI1_IRQHandler
                0x08005ecc                SDMMC2_IRQHandler
                0x08005ecc                UART7_IRQHandler
                0x08005ecc                DFSDM1_FLT0_IRQHandler
                0x08005ecc                I2C2_ER_IRQHandler
                0x08005ecc                DMA2_Stream1_IRQHandler
                0x08005ecc                CAN1_SCE_IRQHandler
                0x08005ecc                FLASH_IRQHandler
                0x08005ecc                DMA2_Stream4_IRQHandler
                0x08005ecc                USART1_IRQHandler
                0x08005ecc                OTG_FS_IRQHandler
                0x08005ecc                SPI3_IRQHandler
                0x08005ecc                DMA1_Stream4_IRQHandler
                0x08005ecc                I2C1_ER_IRQHandler
                0x08005ecc                FMC_IRQHandler
                0x08005ecc                LPTIM1_IRQHandler
                0x08005ecc                I2C4_ER_IRQHandler
                0x08005ecc                DMA2_Stream6_IRQHandler
                0x08005ecc                SAI1_IRQHandler
                0x08005ecc                DMA1_Stream3_IRQHandler
 .text.HAL_Init
                0x08005ece       0x1a ./Drivers/STM32F7xx_HAL_Driver/Src/stm32f7xx_hal.o
                0x08005ece                HAL_Init
 .text.HAL_GetTick
                0x08005ee8       0x18 ./Drivers/STM32F7xx_HAL_Driver/Src/stm32f7xx_hal.o
                0x08005ee8                HAL_GetTick
 .text.__NVIC_SetPriorityGrouping
                0x08005f00       0x48 ./Drivers/STM32F7xx_HAL_Driver/Src/stm32f7xx_hal_cortex.o
 .text.__NVIC_GetPriorityGrouping
                0x08005f48       0x1c ./Drivers/STM32F7xx_HAL_Driver/Src/stm32f7xx_hal_cortex.o
 .text.__NVIC_EnableIRQ
                0x08005f64       0x3c ./Drivers/STM32F7xx_HAL_Driver/Src/stm32f7xx_hal_cortex.o
 .text.__NVIC_SetPriority
                0x08005fa0       0x54 ./Drivers/STM32F7xx_HAL_Driver/Src/stm32f7xx_hal_cortex.o
 .text.NVIC_EncodePriority
                0x08005ff4       0x66 ./Drivers/STM32F7xx_HAL_Driver/Src/stm32f7xx_hal_cortex.o
 .text.HAL_NVIC_SetPriorityGrouping
                0x0800605a       0x16 ./Drivers/STM32F7xx_HAL_Driver/Src/stm32f7xx_hal_cortex.o
                0x0800605a                HAL_NVIC_SetPriorityGrouping
 .text.HAL_NVIC_SetPriority
                0x08006070       0x38 ./Drivers/STM32F7xx_HAL_Driver/Src/stm32f7xx_hal_cortex.o
                0x08006070                HAL_NVIC_SetPriority
 .text.HAL_NVIC_EnableIRQ
                0x080060a8       0x1c ./Drivers/STM32F7xx_HAL_Driver/Src/stm32f7xx_hal_cortex.o
                0x080060a8                HAL_NVIC_EnableIRQ
 .text.HAL_GPIO_Init
                0x080060c4      0x358 ./Drivers/STM32F7xx_HAL_Driver/Src/stm32f7xx_hal_gpio.o
                0x080060c4                HAL_GPIO_Init
 .text.HAL_GPIO_WritePin
                0x0800641c       0x32 ./Drivers/STM32F7xx_HAL_Driver/Src/stm32f7xx_hal_gpio.o
                0x0800641c                HAL_GPIO_WritePin
 .text.HAL_GPIO_TogglePin
                0x0800644e       0x34 ./Drivers/STM32F7xx_HAL_Driver/Src/stm32f7xx_hal_gpio.o
                0x0800644e                HAL_GPIO_TogglePin
 *fill*         0x08006482        0x2 
 .text.HAL_RCC_OscConfig
                0x08006484      0x55c ./Drivers/STM32F7xx_HAL_Driver/Src/stm32f7xx_hal_rcc.o
                0x08006484                HAL_RCC_OscConfig
 .text.HAL_RCC_ClockConfig
                0x080069e0      0x1d8 ./Drivers/STM32F7xx_HAL_Driver/Src/stm32f7xx_hal_rcc.o
                0x080069e0                HAL_RCC_ClockConfig
 .text.HAL_RCC_GetSysClockFreq
                0x08006bb8      0x208 ./Drivers/STM32F7xx_HAL_Driver/Src/stm32f7xx_hal_rcc.o
                0x08006bb8                HAL_RCC_GetSysClockFreq
 .text.HAL_RCC_GetHCLKFreq
                0x08006dc0       0x18 ./Drivers/STM32F7xx_HAL_Driver/Src/stm32f7xx_hal_rcc.o
                0x08006dc0                HAL_RCC_GetHCLKFreq
 .text.HAL_RCC_GetPCLK1Freq
                0x08006dd8       0x28 ./Drivers/STM32F7xx_HAL_Driver/Src/stm32f7xx_hal_rcc.o
                0x08006dd8                HAL_RCC_GetPCLK1Freq
 .text.HAL_RCC_GetClockConfig
                0x08006e00       0x64 ./Drivers/STM32F7xx_HAL_Driver/Src/stm32f7xx_hal_rcc.o
                0x08006e00                HAL_RCC_GetClockConfig
 .text.HAL_TIM_Base_Init
                0x08006e64       0xae ./Drivers/STM32F7xx_HAL_Driver/Src/stm32f7xx_hal_tim.o
                0x08006e64                HAL_TIM_Base_Init
 .text.HAL_TIM_Base_MspInit
                0x08006f12       0x14 ./Drivers/STM32F7xx_HAL_Driver/Src/stm32f7xx_hal_tim.o
                0x08006f12                HAL_TIM_Base_MspInit
 *fill*         0x08006f26        0x2 
 .text.HAL_TIM_Base_Start_IT
                0x08006f28       0xf0 ./Drivers/STM32F7xx_HAL_Driver/Src/stm32f7xx_hal_tim.o
                0x08006f28                HAL_TIM_Base_Start_IT
 .text.HAL_TIM_IRQHandler
                0x08007018      0x20e ./Drivers/STM32F7xx_HAL_Driver/Src/stm32f7xx_hal_tim.o
                0x08007018                HAL_TIM_IRQHandler
 .text.HAL_TIM_PeriodElapsedCallback
                0x08007226       0x14 ./Drivers/STM32F7xx_HAL_Driver/Src/stm32f7xx_hal_tim.o
                0x08007226                HAL_TIM_PeriodElapsedCallback
 .text.HAL_TIM_OC_DelayElapsedCallback
                0x0800723a       0x14 ./Drivers/STM32F7xx_HAL_Driver/Src/stm32f7xx_hal_tim.o
                0x0800723a                HAL_TIM_OC_DelayElapsedCallback
 .text.HAL_TIM_IC_CaptureCallback
                0x0800724e       0x14 ./Drivers/STM32F7xx_HAL_Driver/Src/stm32f7xx_hal_tim.o
                0x0800724e                HAL_TIM_IC_CaptureCallback
 .text.HAL_TIM_PWM_PulseFinishedCallback
                0x08007262       0x14 ./Drivers/STM32F7xx_HAL_Driver/Src/stm32f7xx_hal_tim.o
                0x08007262                HAL_TIM_PWM_PulseFinishedCallback
 .text.HAL_TIM_TriggerCallback
                0x08007276       0x14 ./Drivers/STM32F7xx_HAL_Driver/Src/stm32f7xx_hal_tim.o
                0x08007276                HAL_TIM_TriggerCallback
 *fill*         0x0800728a        0x2 
 .text.TIM_Base_SetConfig
                0x0800728c      0x158 ./Drivers/STM32F7xx_HAL_Driver/Src/stm32f7xx_hal_tim.o
                0x0800728c                TIM_Base_SetConfig
 .text.HAL_TIMEx_CommutCallback
                0x080073e4       0x14 ./Drivers/STM32F7xx_HAL_Driver/Src/stm32f7xx_hal_tim_ex.o
                0x080073e4                HAL_TIMEx_CommutCallback
 .text.HAL_TIMEx_BreakCallback
                0x080073f8       0x14 ./Drivers/STM32F7xx_HAL_Driver/Src/stm32f7xx_hal_tim_ex.o
                0x080073f8                HAL_TIMEx_BreakCallback
 .text.HAL_TIMEx_Break2Callback
                0x0800740c       0x14 ./Drivers/STM32F7xx_HAL_Driver/Src/stm32f7xx_hal_tim_ex.o
                0x0800740c                HAL_TIMEx_Break2Callback
 .text.memcmp   0x08007420       0x20 C:/ST/STM32CubeIDE_1.15.1/STM32CubeIDE/plugins/com.st.stm32cube.ide.mcu.externaltools.gnu-tools-for-stm32.12.3.rel1.win32_1.0.100.202403111256/tools/bin/../lib/gcc/arm-none-eabi/12.3.1/../../../../arm-none-eabi/lib/thumb/v7e-m+dp/hard\libc_nano.a(libc_a-memcmp.o)
                0x08007420                memcmp
 .text.memset   0x08007440       0x10 C:/ST/STM32CubeIDE_1.15.1/STM32CubeIDE/plugins/com.st.stm32cube.ide.mcu.externaltools.gnu-tools-for-stm32.12.3.rel1.win32_1.0.100.202403111256/tools/bin/../lib/gcc/arm-none-eabi/12.3.1/../../../../arm-none-eabi/lib/thumb/v7e-m+dp/hard\libc_nano.a(libc_a-memset.o)
                0x08007440                memset
 .text.__libc_init_array
                0x08007450       0x48 C:/ST/STM32CubeIDE_1.15.1/STM32CubeIDE/plugins/com.st.stm32cube.ide.mcu.externaltools.gnu-tools-for-stm32.12.3.rel1.win32_1.0.100.202403111256/tools/bin/../lib/gcc/arm-none-eabi/12.3.1/../../../../arm-none-eabi/lib/thumb/v7e-m+dp/hard\libc_nano.a(libc_a-init.o)
                0x08007450                __libc_init_array
 .text.memcpy   0x08007498       0x1c C:/ST/STM32CubeIDE_1.15.1/STM32CubeIDE/plugins/com.st.stm32cube.ide.mcu.externaltools.gnu-tools-for-stm32.12.3.rel1.win32_1.0.100.202403111256/tools/bin/../lib/gcc/arm-none-eabi/12.3.1/../../../../arm-none-eabi/lib/thumb/v7e-m+dp/hard\libc_nano.a(libc_a-memcpy-stub.o)
                0x08007498                memcpy
 *(.glue_7)
 .glue_7        0x080074b4        0x0 linker stubs
 *(.glue_7t)
 .glue_7t       0x080074b4        0x0 linker stubs
 *(.eh_frame)
 .eh_frame      0x080074b4        0x0 C:/ST/STM32CubeIDE_1.15.1/STM32CubeIDE/plugins/com.st.stm32cube.ide.mcu.externaltools.gnu-tools-for-stm32.12.3.rel1.win32_1.0.100.202403111256/tools/bin/../lib/gcc/arm-none-eabi/12.3.1/thumb/v7e-m+dp/hard/crtbegin.o
 *(.init)
 .init          0x080074b4        0x4 C:/ST/STM32CubeIDE_1.15.1/STM32CubeIDE/plugins/com.st.stm32cube.ide.mcu.externaltools.gnu-tools-for-stm32.12.3.rel1.win32_1.0.100.202403111256/tools/bin/../lib/gcc/arm-none-eabi/12.3.1/thumb/v7e-m+dp/hard/crti.o
                0x080074b4                _init
 .init          0x080074b8        0x8 C:/ST/STM32CubeIDE_1.15.1/STM32CubeIDE/plugins/com.st.stm32cube.ide.mcu.externaltools.gnu-tools-for-stm32.12.3.rel1.win32_1.0.100.202403111256/tools/bin/../lib/gcc/arm-none-eabi/12.3.1/thumb/v7e-m+dp/hard/crtn.o
 *(.fini)
 .fini          0x080074c0        0x4 C:/ST/STM32CubeIDE_1.15.1/STM32CubeIDE/plugins/com.st.stm32cube.ide.mcu.externaltools.gnu-tools-for-stm32.12.3.rel1.win32_1.0.100.202403111256/tools/bin/../lib/gcc/arm-none-eabi/12.3.1/thumb/v7e-m+dp/hard/crti.o
                0x080074c0                _fini
 .fini          0x080074c4        0x8 C:/ST/STM32CubeIDE_1.15.1/STM32CubeIDE/plugins/com.st.stm32cube.ide.mcu.externaltools.gnu-tools-for-stm32.12.3.rel1.win32_1.0.100.202403111256/tools/bin/../lib/gcc/arm-none-eabi/12.3.1/thumb/v7e-m+dp/hard/crtn.o
                0x080074cc                        . = ALIGN (0x4)
                0x080074cc                        _etext = .

.vfp11_veneer   0x080074cc        0x0
 .vfp11_veneer  0x080074cc        0x0 linker stubs

.v4_bx          0x080074cc        0x0
 .v4_bx         0x080074cc        0x0 linker stubs

.iplt           0x080074cc        0x0
 .iplt          0x080074cc        0x0 C:/ST/STM32CubeIDE_1.15.1/STM32CubeIDE/plugins/com.st.stm32cube.ide.mcu.externaltools.gnu-tools-for-stm32.12.3.rel1.win32_1.0.100.202403111256/tools/bin/../lib/gcc/arm-none-eabi/12.3.1/thumb/v7e-m+dp/hard/crtbegin.o

.rodata         0x080074cc      0x408
                0x080074cc                        . = ALIGN (0x4)
 *(.rodata)
 .rodata        0x080074cc       0x6a ./Common/Third party/FreeRTOS/queue.o
 *fill*         0x08007536        0x2 
 .rodata        0x08007538       0x83 ./Common/Third party/FreeRTOS/tasks.o
 *fill*         0x080075bb        0x1 
 .rodata        0x080075bc       0x79 ./Common/Third party/FreeRTOS/timers.o
 *fill*         0x08007635        0x3 
 .rodata        0x08007638       0x7f ./Common/Third party/FreeRTOS/portable/GCC/ARM_CM4F/port.o
 *fill*         0x080076b7        0x1 
 .rodata        0x080076b8       0x7c ./Common/Third party/FreeRTOS/portable/MemMang/heap_4.o
 .rodata        0x08007734       0x55 ./Common/Third party/SEGGER/Config/SEGGER_SYSVIEW_Config_FreeRTOS.o
 *fill*         0x08007789        0x3 
 .rodata        0x0800778c       0x58 ./Common/Third party/SEGGER/OS/SEGGER_SYSVIEW_FreeRTOS.o
 .rodata        0x080077e4        0x9 ./Common/Third party/SEGGER/SEGGER/SEGGER_RTT.o
 *fill*         0x080077ed        0x3 
 .rodata        0x080077f0       0x10 ./Common/Third party/SEGGER/SEGGER/SEGGER_SYSVIEW.o
 .rodata        0x08007800       0x7e ./Core/Src/main.o
 *(.rodata*)
 *fill*         0x0800787e        0x2 
 .rodata.SYSVIEW_X_OS_TraceAPI
                0x08007880        0x8 ./Common/Third party/SEGGER/OS/SEGGER_SYSVIEW_FreeRTOS.o
                0x08007880                SYSVIEW_X_OS_TraceAPI
 .rodata._aInitStr.0
                0x08007888       0x11 ./Common/Third party/SEGGER/SEGGER/SEGGER_RTT.o
 *fill*         0x08007899        0x3 
 .rodata._abSync
                0x0800789c        0xa ./Common/Third party/SEGGER/SEGGER/SEGGER_SYSVIEW.o
 *fill*         0x080078a6        0x2 
 .rodata._aV2C.0
                0x080078a8       0x10 ./Common/Third party/SEGGER/SEGGER/SEGGER_SYSVIEW.o
 .rodata._abHelloMsg
                0x080078b8        0x4 ./Common/Third party/SEGGER/rec/segger_uart.o
 .rodata.AHBPrescTable
                0x080078bc       0x10 ./Core/Src/system_stm32f7xx.o
                0x080078bc                AHBPrescTable
 .rodata.APBPrescTable
                0x080078cc        0x8 ./Core/Src/system_stm32f7xx.o
                0x080078cc                APBPrescTable
                0x080078d4                        . = ALIGN (0x4)

.ARM.extab      0x080078d4        0x0
                0x080078d4                        . = ALIGN (0x4)
 *(.ARM.extab* .gnu.linkonce.armextab.*)
                0x080078d4                        . = ALIGN (0x4)

.ARM            0x080078d4        0x8
                0x080078d4                        . = ALIGN (0x4)
                0x080078d4                        __exidx_start = .
 *(.ARM.exidx*)
 .ARM.exidx     0x080078d4        0x8 C:/ST/STM32CubeIDE_1.15.1/STM32CubeIDE/plugins/com.st.stm32cube.ide.mcu.externaltools.gnu-tools-for-stm32.12.3.rel1.win32_1.0.100.202403111256/tools/bin/../lib/gcc/arm-none-eabi/12.3.1/thumb/v7e-m+dp/hard\libgcc.a(_udivmoddi4.o)
                0x080078dc                        __exidx_end = .
                0x080078dc                        . = ALIGN (0x4)

.preinit_array  0x080078dc        0x0
                0x080078dc                        . = ALIGN (0x4)
                0x080078dc                        PROVIDE (__preinit_array_start = .)
 *(.preinit_array*)
                0x080078dc                        PROVIDE (__preinit_array_end = .)
                0x080078dc                        . = ALIGN (0x4)

.init_array     0x080078dc        0x4
                0x080078dc                        . = ALIGN (0x4)
                0x080078dc                        PROVIDE (__init_array_start = .)
 *(SORT_BY_NAME(.init_array.*))
 *(.init_array*)
 .init_array    0x080078dc        0x4 C:/ST/STM32CubeIDE_1.15.1/STM32CubeIDE/plugins/com.st.stm32cube.ide.mcu.externaltools.gnu-tools-for-stm32.12.3.rel1.win32_1.0.100.202403111256/tools/bin/../lib/gcc/arm-none-eabi/12.3.1/thumb/v7e-m+dp/hard/crtbegin.o
                0x080078e0                        PROVIDE (__init_array_end = .)
                0x080078e0                        . = ALIGN (0x4)

.fini_array     0x080078e0        0x4
                0x080078e0                        . = ALIGN (0x4)
                [!provide]                        PROVIDE (__fini_array_start = .)
 *(SORT_BY_NAME(.fini_array.*))
 *(.fini_array*)
 .fini_array    0x080078e0        0x4 C:/ST/STM32CubeIDE_1.15.1/STM32CubeIDE/plugins/com.st.stm32cube.ide.mcu.externaltools.gnu-tools-for-stm32.12.3.rel1.win32_1.0.100.202403111256/tools/bin/../lib/gcc/arm-none-eabi/12.3.1/thumb/v7e-m+dp/hard/crtbegin.o
                [!provide]                        PROVIDE (__fini_array_end = .)
                0x080078e4                        . = ALIGN (0x4)
                0x080078e4                        _sidata = LOADADDR (.data)

.rel.dyn        0x080078e4        0x0
 .rel.iplt      0x080078e4        0x0 C:/ST/STM32CubeIDE_1.15.1/STM32CubeIDE/plugins/com.st.stm32cube.ide.mcu.externaltools.gnu-tools-for-stm32.12.3.rel1.win32_1.0.100.202403111256/tools/bin/../lib/gcc/arm-none-eabi/12.3.1/thumb/v7e-m+dp/hard/crtbegin.o

.data           0x20000000       0x18 load address 0x080078e4
                0x20000000                        . = ALIGN (0x4)
                0x20000000                        _sdata = .
 *(.data)
 *(.data*)
 .data.uxTopUsedPriority
                0x20000000        0x4 ./Common/Third party/FreeRTOS/tasks.o
                0x20000000                uxTopUsedPriority
 .data.uxCriticalNesting
                0x20000004        0x4 ./Common/Third party/FreeRTOS/portable/GCC/ARM_CM4F/port.o
 .data._SVInfo  0x20000008        0x8 ./Common/Third party/SEGGER/rec/segger_uart.o
 .data.SystemCoreClock
                0x20000010        0x4 ./Core/Src/system_stm32f7xx.o
                0x20000010                SystemCoreClock
 .data.uwTickPrio
                0x20000014        0x4 ./Drivers/STM32F7xx_HAL_Driver/Src/stm32f7xx_hal.o
                0x20000014                uwTickPrio
 *(.RamFunc)
 *(.RamFunc*)
                0x20000018                        . = ALIGN (0x4)
                0x20000018                        _edata = .

.igot.plt       0x20000018        0x0 load address 0x080078fc
 .igot.plt      0x20000018        0x0 C:/ST/STM32CubeIDE_1.15.1/STM32CubeIDE/plugins/com.st.stm32cube.ide.mcu.externaltools.gnu-tools-for-stm32.12.3.rel1.win32_1.0.100.202403111256/tools/bin/../lib/gcc/arm-none-eabi/12.3.1/thumb/v7e-m+dp/hard/crtbegin.o
                0x20000018                        . = ALIGN (0x4)

.bss            0x20000018     0xd094 load address 0x080078fc
                0x20000018                        _sbss = .
                0x20000018                        __bss_start__ = _sbss
 *(.bss)
 .bss           0x20000018       0x1c C:/ST/STM32CubeIDE_1.15.1/STM32CubeIDE/plugins/com.st.stm32cube.ide.mcu.externaltools.gnu-tools-for-stm32.12.3.rel1.win32_1.0.100.202403111256/tools/bin/../lib/gcc/arm-none-eabi/12.3.1/thumb/v7e-m+dp/hard/crtbegin.o
 *(.bss*)
 .bss.xQueueRegistry
                0x20000034       0x40 ./Common/Third party/FreeRTOS/queue.o
                0x20000034                xQueueRegistry
 .bss.pxCurrentTCB
                0x20000074        0x4 ./Common/Third party/FreeRTOS/tasks.o
                0x20000074                pxCurrentTCB
 .bss.pxReadyTasksLists
                0x20000078       0x64 ./Common/Third party/FreeRTOS/tasks.o
 .bss.xDelayedTaskList1
                0x200000dc       0x14 ./Common/Third party/FreeRTOS/tasks.o
 .bss.xDelayedTaskList2
                0x200000f0       0x14 ./Common/Third party/FreeRTOS/tasks.o
 .bss.pxDelayedTaskList
                0x20000104        0x4 ./Common/Third party/FreeRTOS/tasks.o
 .bss.pxOverflowDelayedTaskList
                0x20000108        0x4 ./Common/Third party/FreeRTOS/tasks.o
 .bss.xPendingReadyList
                0x2000010c       0x14 ./Common/Third party/FreeRTOS/tasks.o
 .bss.xTasksWaitingTermination
                0x20000120       0x14 ./Common/Third party/FreeRTOS/tasks.o
 .bss.uxDeletedTasksWaitingCleanUp
                0x20000134        0x4 ./Common/Third party/FreeRTOS/tasks.o
 .bss.xSuspendedTaskList
                0x20000138       0x14 ./Common/Third party/FreeRTOS/tasks.o
 .bss.uxCurrentNumberOfTasks
                0x2000014c        0x4 ./Common/Third party/FreeRTOS/tasks.o
 .bss.xTickCount
                0x20000150        0x4 ./Common/Third party/FreeRTOS/tasks.o
 .bss.uxTopReadyPriority
                0x20000154        0x4 ./Common/Third party/FreeRTOS/tasks.o
 .bss.xSchedulerRunning
                0x20000158        0x4 ./Common/Third party/FreeRTOS/tasks.o
 .bss.xPendedTicks
                0x2000015c        0x4 ./Common/Third party/FreeRTOS/tasks.o
 .bss.xYieldPending
                0x20000160        0x4 ./Common/Third party/FreeRTOS/tasks.o
 .bss.xNumOfOverflows
                0x20000164        0x4 ./Common/Third party/FreeRTOS/tasks.o
 .bss.uxTaskNumber
                0x20000168        0x4 ./Common/Third party/FreeRTOS/tasks.o
 .bss.xNextTaskUnblockTime
                0x2000016c        0x4 ./Common/Third party/FreeRTOS/tasks.o
 .bss.xIdleTaskHandle
                0x20000170        0x4 ./Common/Third party/FreeRTOS/tasks.o
 .bss.uxSchedulerSuspended
                0x20000174        0x4 ./Common/Third party/FreeRTOS/tasks.o
 .bss.xActiveTimerList1
                0x20000178       0x14 ./Common/Third party/FreeRTOS/timers.o
 .bss.xActiveTimerList2
                0x2000018c       0x14 ./Common/Third party/FreeRTOS/timers.o
 .bss.pxCurrentTimerList
                0x200001a0        0x4 ./Common/Third party/FreeRTOS/timers.o
 .bss.pxOverflowTimerList
                0x200001a4        0x4 ./Common/Third party/FreeRTOS/timers.o
 .bss.xTimerQueue
                0x200001a8        0x4 ./Common/Third party/FreeRTOS/timers.o
 .bss.xTimerTaskHandle
                0x200001ac        0x4 ./Common/Third party/FreeRTOS/timers.o
 .bss.xLastTime.0
                0x200001b0        0x4 ./Common/Third party/FreeRTOS/timers.o
 .bss.ucMaxSysCallPriority
                0x200001b4        0x1 ./Common/Third party/FreeRTOS/portable/GCC/ARM_CM4F/port.o
 *fill*         0x200001b5        0x3 
 .bss.ulMaxPRIGROUPValue
                0x200001b8        0x4 ./Common/Third party/FreeRTOS/portable/GCC/ARM_CM4F/port.o
 .bss.ucHeap    0x200001bc     0xb800 ./Common/Third party/FreeRTOS/portable/MemMang/heap_4.o
 .bss.xStart    0x2000b9bc        0x8 ./Common/Third party/FreeRTOS/portable/MemMang/heap_4.o
 .bss.pxEnd     0x2000b9c4        0x4 ./Common/Third party/FreeRTOS/portable/MemMang/heap_4.o
 .bss.xFreeBytesRemaining
                0x2000b9c8        0x4 ./Common/Third party/FreeRTOS/portable/MemMang/heap_4.o
 .bss.xMinimumEverFreeBytesRemaining
                0x2000b9cc        0x4 ./Common/Third party/FreeRTOS/portable/MemMang/heap_4.o
 .bss.xNumberOfSuccessfulAllocations
                0x2000b9d0        0x4 ./Common/Third party/FreeRTOS/portable/MemMang/heap_4.o
 .bss.xNumberOfSuccessfulFrees
                0x2000b9d4        0x4 ./Common/Third party/FreeRTOS/portable/MemMang/heap_4.o
 .bss.xBlockAllocatedBit
                0x2000b9d8        0x4 ./Common/Third party/FreeRTOS/portable/MemMang/heap_4.o
 .bss._aTasks   0x2000b9dc       0xa0 ./Common/Third party/SEGGER/OS/SEGGER_SYSVIEW_FreeRTOS.o
 .bss._NumTasks
                0x2000ba7c        0x4 ./Common/Third party/SEGGER/OS/SEGGER_SYSVIEW_FreeRTOS.o
 .bss._SEGGER_RTT
                0x2000ba80       0xa8 ./Common/Third party/SEGGER/SEGGER/SEGGER_RTT.o
                0x2000ba80                _SEGGER_RTT
 .bss._acUpBuffer
                0x2000bb28      0x400 ./Common/Third party/SEGGER/SEGGER/SEGGER_RTT.o
 .bss._acDownBuffer
                0x2000bf28       0x10 ./Common/Third party/SEGGER/SEGGER/SEGGER_RTT.o
 .bss._UpBuffer
                0x2000bf38     0x1000 ./Common/Third party/SEGGER/SEGGER/SEGGER_SYSVIEW.o
 .bss._DownBuffer
                0x2000cf38        0x8 ./Common/Third party/SEGGER/SEGGER/SEGGER_SYSVIEW.o
 .bss._SYSVIEW_Globals
                0x2000cf40       0x28 ./Common/Third party/SEGGER/SEGGER/SEGGER_SYSVIEW.o
 .bss._pFirstModule
                0x2000cf68        0x4 ./Common/Third party/SEGGER/SEGGER/SEGGER_SYSVIEW.o
 .bss._NumModules
                0x2000cf6c        0x1 ./Common/Third party/SEGGER/SEGGER/SEGGER_SYSVIEW.o
 *fill*         0x2000cf6d        0x3 
 .bss._aPacket  0x2000cf70       0xe3 ./Common/Third party/SEGGER/SEGGER/SEGGER_SYSVIEW.o
 *fill*         0x2000d053        0x1 
 .bss._cbOnRx   0x2000d054        0x4 ./Common/Third party/SEGGER/rec/segger_uart.o
 .bss._cbOnTx   0x2000d058        0x4 ./Common/Third party/SEGGER/rec/segger_uart.o
 .bss.htim6     0x2000d05c       0x4c ./Core/Src/stm32f7xx_hal_timebase_tim.o
                0x2000d05c                htim6
 .bss.uwTick    0x2000d0a8        0x4 ./Drivers/STM32F7xx_HAL_Driver/Src/stm32f7xx_hal.o
                0x2000d0a8                uwTick
 *(COMMON)
                0x2000d0ac                        . = ALIGN (0x4)
                0x2000d0ac                        _ebss = .
                0x2000d0ac                        __bss_end__ = _ebss

._user_heap_stack
                0x2000d0ac      0x604 load address 0x080078fc
                0x2000d0b0                        . = ALIGN (0x8)
 *fill*         0x2000d0ac        0x4 
                [!provide]                        PROVIDE (end = .)
                0x2000d0b0                        PROVIDE (_end = .)
                0x2000d2b0                        . = (. + _Min_Heap_Size)
 *fill*         0x2000d0b0      0x200 
                0x2000d6b0                        . = (. + _Min_Stack_Size)
 *fill*         0x2000d2b0      0x400 
                0x2000d6b0                        . = ALIGN (0x8)

/DISCARD/
 libc.a(*)
 libm.a(*)
 libgcc.a(*)

.ARM.attributes
                0x00000000       0x2e
 *(.ARM.attributes)
 .ARM.attributes
                0x00000000       0x20 C:/ST/STM32CubeIDE_1.15.1/STM32CubeIDE/plugins/com.st.stm32cube.ide.mcu.externaltools.gnu-tools-for-stm32.12.3.rel1.win32_1.0.100.202403111256/tools/bin/../lib/gcc/arm-none-eabi/12.3.1/thumb/v7e-m+dp/hard/crti.o
 .ARM.attributes
                0x00000020       0x32 C:/ST/STM32CubeIDE_1.15.1/STM32CubeIDE/plugins/com.st.stm32cube.ide.mcu.externaltools.gnu-tools-for-stm32.12.3.rel1.win32_1.0.100.202403111256/tools/bin/../lib/gcc/arm-none-eabi/12.3.1/thumb/v7e-m+dp/hard/crtbegin.o
 .ARM.attributes
                0x00000052       0x32 ./Common/Third party/FreeRTOS/list.o
 .ARM.attributes
                0x00000084       0x32 ./Common/Third party/FreeRTOS/queue.o
 .ARM.attributes
                0x000000b6       0x32 ./Common/Third party/FreeRTOS/tasks.o
 .ARM.attributes
                0x000000e8       0x32 ./Common/Third party/FreeRTOS/timers.o
 .ARM.attributes
                0x0000011a       0x32 ./Common/Third party/FreeRTOS/portable/GCC/ARM_CM4F/port.o
 .ARM.attributes
                0x0000014c       0x32 ./Common/Third party/FreeRTOS/portable/MemMang/heap_4.o
 .ARM.attributes
                0x0000017e       0x32 ./Common/Third party/SEGGER/Config/SEGGER_SYSVIEW_Config_FreeRTOS.o
 .ARM.attributes
                0x000001b0       0x32 ./Common/Third party/SEGGER/OS/SEGGER_SYSVIEW_FreeRTOS.o
 .ARM.attributes
                0x000001e2       0x32 ./Common/Third party/SEGGER/SEGGER/SEGGER_RTT.o
 .ARM.attributes
                0x00000214       0x1e ./Common/Third party/SEGGER/SEGGER/SEGGER_RTT_ASM_ARMv7M.o
 .ARM.attributes
                0x00000232       0x32 ./Common/Third party/SEGGER/SEGGER/SEGGER_SYSVIEW.o
 .ARM.attributes
                0x00000264       0x32 ./Common/Third party/SEGGER/rec/segger_uart.o
 .ARM.attributes
                0x00000296       0x32 ./Core/Src/main.o
 .ARM.attributes
                0x000002c8       0x32 ./Core/Src/stm32f7xx_hal_msp.o
 .ARM.attributes
                0x000002fa       0x32 ./Core/Src/stm32f7xx_hal_timebase_tim.o
 .ARM.attributes
                0x0000032c       0x32 ./Core/Src/stm32f7xx_it.o
 .ARM.attributes
                0x0000035e       0x32 ./Core/Src/system_stm32f7xx.o
 .ARM.attributes
                0x00000390       0x21 ./Core/Startup/startup_stm32f767zitx.o
 .ARM.attributes
                0x000003b1       0x32 ./Drivers/STM32F7xx_HAL_Driver/Src/stm32f7xx_hal.o
 .ARM.attributes
                0x000003e3       0x32 ./Drivers/STM32F7xx_HAL_Driver/Src/stm32f7xx_hal_cortex.o
 .ARM.attributes
                0x00000415       0x32 ./Drivers/STM32F7xx_HAL_Driver/Src/stm32f7xx_hal_gpio.o
 .ARM.attributes
                0x00000447       0x32 ./Drivers/STM32F7xx_HAL_Driver/Src/stm32f7xx_hal_rcc.o
 .ARM.attributes
                0x00000479       0x32 ./Drivers/STM32F7xx_HAL_Driver/Src/stm32f7xx_hal_tim.o
 .ARM.attributes
                0x000004ab       0x32 ./Drivers/STM32F7xx_HAL_Driver/Src/stm32f7xx_hal_tim_ex.o
 .ARM.attributes
                0x000004dd       0x32 C:/ST/STM32CubeIDE_1.15.1/STM32CubeIDE/plugins/com.st.stm32cube.ide.mcu.externaltools.gnu-tools-for-stm32.12.3.rel1.win32_1.0.100.202403111256/tools/bin/../lib/gcc/arm-none-eabi/12.3.1/../../../../arm-none-eabi/lib/thumb/v7e-m+dp/hard\libc_nano.a(libc_a-memcmp.o)
 .ARM.attributes
                0x0000050f       0x32 C:/ST/STM32CubeIDE_1.15.1/STM32CubeIDE/plugins/com.st.stm32cube.ide.mcu.externaltools.gnu-tools-for-stm32.12.3.rel1.win32_1.0.100.202403111256/tools/bin/../lib/gcc/arm-none-eabi/12.3.1/../../../../arm-none-eabi/lib/thumb/v7e-m+dp/hard\libc_nano.a(libc_a-memset.o)
 .ARM.attributes
                0x00000541       0x32 C:/ST/STM32CubeIDE_1.15.1/STM32CubeIDE/plugins/com.st.stm32cube.ide.mcu.externaltools.gnu-tools-for-stm32.12.3.rel1.win32_1.0.100.202403111256/tools/bin/../lib/gcc/arm-none-eabi/12.3.1/../../../../arm-none-eabi/lib/thumb/v7e-m+dp/hard\libc_nano.a(libc_a-init.o)
 .ARM.attributes
                0x00000573       0x32 C:/ST/STM32CubeIDE_1.15.1/STM32CubeIDE/plugins/com.st.stm32cube.ide.mcu.externaltools.gnu-tools-for-stm32.12.3.rel1.win32_1.0.100.202403111256/tools/bin/../lib/gcc/arm-none-eabi/12.3.1/../../../../arm-none-eabi/lib/thumb/v7e-m+dp/hard\libc_nano.a(libc_a-memcpy-stub.o)
 .ARM.attributes
                0x000005a5       0x20 C:/ST/STM32CubeIDE_1.15.1/STM32CubeIDE/plugins/com.st.stm32cube.ide.mcu.externaltools.gnu-tools-for-stm32.12.3.rel1.win32_1.0.100.202403111256/tools/bin/../lib/gcc/arm-none-eabi/12.3.1/thumb/v7e-m+dp/hard\libgcc.a(_aeabi_uldivmod.o)
 .ARM.attributes
                0x000005c5       0x32 C:/ST/STM32CubeIDE_1.15.1/STM32CubeIDE/plugins/com.st.stm32cube.ide.mcu.externaltools.gnu-tools-for-stm32.12.3.rel1.win32_1.0.100.202403111256/tools/bin/../lib/gcc/arm-none-eabi/12.3.1/thumb/v7e-m+dp/hard\libgcc.a(_udivmoddi4.o)
 .ARM.attributes
                0x000005f7       0x20 C:/ST/STM32CubeIDE_1.15.1/STM32CubeIDE/plugins/com.st.stm32cube.ide.mcu.externaltools.gnu-tools-for-stm32.12.3.rel1.win32_1.0.100.202403111256/tools/bin/../lib/gcc/arm-none-eabi/12.3.1/thumb/v7e-m+dp/hard\libgcc.a(_dvmd_tls.o)
 .ARM.attributes
                0x00000617       0x20 C:/ST/STM32CubeIDE_1.15.1/STM32CubeIDE/plugins/com.st.stm32cube.ide.mcu.externaltools.gnu-tools-for-stm32.12.3.rel1.win32_1.0.100.202403111256/tools/bin/../lib/gcc/arm-none-eabi/12.3.1/thumb/v7e-m+dp/hard/crtn.o
OUTPUT(004_LED_Periodic_Tasks.elf elf32-littlearm)
LOAD linker stubs
LOAD C:/ST/STM32CubeIDE_1.15.1/STM32CubeIDE/plugins/com.st.stm32cube.ide.mcu.externaltools.gnu-tools-for-stm32.12.3.rel1.win32_1.0.100.202403111256/tools/bin/../lib/gcc/arm-none-eabi/12.3.1/../../../../arm-none-eabi/lib/thumb/v7e-m+dp/hard\libc.a
LOAD C:/ST/STM32CubeIDE_1.15.1/STM32CubeIDE/plugins/com.st.stm32cube.ide.mcu.externaltools.gnu-tools-for-stm32.12.3.rel1.win32_1.0.100.202403111256/tools/bin/../lib/gcc/arm-none-eabi/12.3.1/../../../../arm-none-eabi/lib/thumb/v7e-m+dp/hard\libm.a
LOAD C:/ST/STM32CubeIDE_1.15.1/STM32CubeIDE/plugins/com.st.stm32cube.ide.mcu.externaltools.gnu-tools-for-stm32.12.3.rel1.win32_1.0.100.202403111256/tools/bin/../lib/gcc/arm-none-eabi/12.3.1/thumb/v7e-m+dp/hard\libgcc.a

.debug_info     0x00000000    0x143f8
 .debug_info    0x00000000      0x2af ./Common/Third party/FreeRTOS/list.o
 .debug_info    0x000002af     0x13e4 ./Common/Third party/FreeRTOS/queue.o
 .debug_info    0x00001693     0x1e58 ./Common/Third party/FreeRTOS/tasks.o
 .debug_info    0x000034eb      0xe30 ./Common/Third party/FreeRTOS/timers.o
 .debug_info    0x0000431b      0x45d ./Common/Third party/FreeRTOS/portable/GCC/ARM_CM4F/port.o
 .debug_info    0x00004778      0x454 ./Common/Third party/FreeRTOS/portable/MemMang/heap_4.o
 .debug_info    0x00004bcc      0x174 ./Common/Third party/SEGGER/Config/SEGGER_SYSVIEW_Config_FreeRTOS.o
 .debug_info    0x00004d40      0x41b ./Common/Third party/SEGGER/OS/SEGGER_SYSVIEW_FreeRTOS.o
 .debug_info    0x0000515b     0x14d5 ./Common/Third party/SEGGER/SEGGER/SEGGER_RTT.o
 .debug_info    0x00006630       0x25 ./Common/Third party/SEGGER/SEGGER/SEGGER_RTT_ASM_ARMv7M.o
 .debug_info    0x00006655     0x3d4f ./Common/Third party/SEGGER/SEGGER/SEGGER_SYSVIEW.o
 .debug_info    0x0000a3a4      0xae9 ./Common/Third party/SEGGER/rec/segger_uart.o
 .debug_info    0x0000ae8d      0xbc1 ./Core/Src/main.o
 .debug_info    0x0000ba4e      0x29c ./Core/Src/stm32f7xx_hal_msp.o
 .debug_info    0x0000bcea      0xd1d ./Core/Src/stm32f7xx_hal_timebase_tim.o
 .debug_info    0x0000ca07      0x70e ./Core/Src/stm32f7xx_it.o
 .debug_info    0x0000d115      0x6ed ./Core/Src/system_stm32f7xx.o
 .debug_info    0x0000d802       0x30 ./Core/Startup/startup_stm32f767zitx.o
 .debug_info    0x0000d832      0xa4c ./Drivers/STM32F7xx_HAL_Driver/Src/stm32f7xx_hal.o
 .debug_info    0x0000e27e      0xfc0 ./Drivers/STM32F7xx_HAL_Driver/Src/stm32f7xx_hal_cortex.o
 .debug_info    0x0000f23e      0x6f3 ./Drivers/STM32F7xx_HAL_Driver/Src/stm32f7xx_hal_gpio.o
 .debug_info    0x0000f931      0x937 ./Drivers/STM32F7xx_HAL_Driver/Src/stm32f7xx_hal_rcc.o
 .debug_info    0x00010268     0x2ad5 ./Drivers/STM32F7xx_HAL_Driver/Src/stm32f7xx_hal_tim.o
 .debug_info    0x00012d3d     0x16bb ./Drivers/STM32F7xx_HAL_Driver/Src/stm32f7xx_hal_tim_ex.o

.debug_abbrev   0x00000000     0x30a0
 .debug_abbrev  0x00000000       0xf5 ./Common/Third party/FreeRTOS/list.o
 .debug_abbrev  0x000000f5      0x310 ./Common/Third party/FreeRTOS/queue.o
 .debug_abbrev  0x00000405      0x3d0 ./Common/Third party/FreeRTOS/tasks.o
 .debug_abbrev  0x000007d5      0x2b2 ./Common/Third party/FreeRTOS/timers.o
 .debug_abbrev  0x00000a87      0x257 ./Common/Third party/FreeRTOS/portable/GCC/ARM_CM4F/port.o
 .debug_abbrev  0x00000cde      0x1d5 ./Common/Third party/FreeRTOS/portable/MemMang/heap_4.o
 .debug_abbrev  0x00000eb3       0xe0 ./Common/Third party/SEGGER/Config/SEGGER_SYSVIEW_Config_FreeRTOS.o
 .debug_abbrev  0x00000f93      0x191 ./Common/Third party/SEGGER/OS/SEGGER_SYSVIEW_FreeRTOS.o
 .debug_abbrev  0x00001124      0x230 ./Common/Third party/SEGGER/SEGGER/SEGGER_RTT.o
 .debug_abbrev  0x00001354       0x14 ./Common/Third party/SEGGER/SEGGER/SEGGER_RTT_ASM_ARMv7M.o
 .debug_abbrev  0x00001368      0x333 ./Common/Third party/SEGGER/SEGGER/SEGGER_SYSVIEW.o
 .debug_abbrev  0x0000169b      0x27f ./Common/Third party/SEGGER/rec/segger_uart.o
 .debug_abbrev  0x0000191a      0x2ed ./Core/Src/main.o
 .debug_abbrev  0x00001c07       0xeb ./Core/Src/stm32f7xx_hal_msp.o
 .debug_abbrev  0x00001cf2      0x1f4 ./Core/Src/stm32f7xx_hal_timebase_tim.o
 .debug_abbrev  0x00001ee6      0x17d ./Core/Src/stm32f7xx_it.o
 .debug_abbrev  0x00002063      0x13b ./Core/Src/system_stm32f7xx.o
 .debug_abbrev  0x0000219e       0x24 ./Core/Startup/startup_stm32f767zitx.o
 .debug_abbrev  0x000021c2      0x213 ./Drivers/STM32F7xx_HAL_Driver/Src/stm32f7xx_hal.o
 .debug_abbrev  0x000023d5      0x31e ./Drivers/STM32F7xx_HAL_Driver/Src/stm32f7xx_hal_cortex.o
 .debug_abbrev  0x000026f3      0x1d4 ./Drivers/STM32F7xx_HAL_Driver/Src/stm32f7xx_hal_gpio.o
 .debug_abbrev  0x000028c7      0x2de ./Drivers/STM32F7xx_HAL_Driver/Src/stm32f7xx_hal_rcc.o
 .debug_abbrev  0x00002ba5      0x278 ./Drivers/STM32F7xx_HAL_Driver/Src/stm32f7xx_hal_tim.o
 .debug_abbrev  0x00002e1d      0x283 ./Drivers/STM32F7xx_HAL_Driver/Src/stm32f7xx_hal_tim_ex.o

.debug_aranges  0x00000000     0x1428
 .debug_aranges
                0x00000000       0x40 ./Common/Third party/FreeRTOS/list.o
 .debug_aranges
                0x00000040      0x130 ./Common/Third party/FreeRTOS/queue.o
 .debug_aranges
                0x00000170      0x218 ./Common/Third party/FreeRTOS/tasks.o
 .debug_aranges
                0x00000388       0xe8 ./Common/Third party/FreeRTOS/timers.o
 .debug_aranges
                0x00000470       0x88 ./Common/Third party/FreeRTOS/portable/GCC/ARM_CM4F/port.o
 .debug_aranges
                0x000004f8       0x58 ./Common/Third party/FreeRTOS/portable/MemMang/heap_4.o
 .debug_aranges
                0x00000550       0x28 ./Common/Third party/SEGGER/Config/SEGGER_SYSVIEW_Config_FreeRTOS.o
 .debug_aranges
                0x00000578       0x48 ./Common/Third party/SEGGER/OS/SEGGER_SYSVIEW_FreeRTOS.o
 .debug_aranges
                0x000005c0      0x138 ./Common/Third party/SEGGER/SEGGER/SEGGER_RTT.o
 .debug_aranges
                0x000006f8       0x20 ./Common/Third party/SEGGER/SEGGER/SEGGER_RTT_ASM_ARMv7M.o
 .debug_aranges
                0x00000718      0x2e8 ./Common/Third party/SEGGER/SEGGER/SEGGER_SYSVIEW.o
 .debug_aranges
                0x00000a00       0x68 ./Common/Third party/SEGGER/rec/segger_uart.o
 .debug_aranges
                0x00000a68       0x58 ./Core/Src/main.o
 .debug_aranges
                0x00000ac0       0x20 ./Core/Src/stm32f7xx_hal_msp.o
 .debug_aranges
                0x00000ae0       0x30 ./Core/Src/stm32f7xx_hal_timebase_tim.o
 .debug_aranges
                0x00000b10       0x50 ./Core/Src/stm32f7xx_it.o
 .debug_aranges
                0x00000b60       0x28 ./Core/Src/system_stm32f7xx.o
 .debug_aranges
                0x00000b88       0x28 ./Core/Startup/startup_stm32f767zitx.o
 .debug_aranges
                0x00000bb0      0x110 ./Drivers/STM32F7xx_HAL_Driver/Src/stm32f7xx_hal.o
 .debug_aranges
                0x00000cc0      0x128 ./Drivers/STM32F7xx_HAL_Driver/Src/stm32f7xx_hal_cortex.o
 .debug_aranges
                0x00000de8       0x58 ./Drivers/STM32F7xx_HAL_Driver/Src/stm32f7xx_hal_gpio.o
 .debug_aranges
                0x00000e40       0x88 ./Drivers/STM32F7xx_HAL_Driver/Src/stm32f7xx_hal_rcc.o
 .debug_aranges
                0x00000ec8      0x3e0 ./Drivers/STM32F7xx_HAL_Driver/Src/stm32f7xx_hal_tim.o
 .debug_aranges
                0x000012a8      0x180 ./Drivers/STM32F7xx_HAL_Driver/Src/stm32f7xx_hal_tim_ex.o

.debug_rnglists
                0x00000000      0xf7d
 .debug_rnglists
                0x00000000       0x2b ./Common/Third party/FreeRTOS/list.o
 .debug_rnglists
                0x0000002b       0xeb ./Common/Third party/FreeRTOS/queue.o
 .debug_rnglists
                0x00000116      0x1ac ./Common/Third party/FreeRTOS/tasks.o
 .debug_rnglists
                0x000002c2       0xaf ./Common/Third party/FreeRTOS/timers.o
 .debug_rnglists
                0x00000371       0x63 ./Common/Third party/FreeRTOS/portable/GCC/ARM_CM4F/port.o
 .debug_rnglists
                0x000003d4       0x42 ./Common/Third party/FreeRTOS/portable/MemMang/heap_4.o
 .debug_rnglists
                0x00000416       0x19 ./Common/Third party/SEGGER/Config/SEGGER_SYSVIEW_Config_FreeRTOS.o
 .debug_rnglists
                0x0000042f       0x36 ./Common/Third party/SEGGER/OS/SEGGER_SYSVIEW_FreeRTOS.o
 .debug_rnglists
                0x00000465       0xf5 ./Common/Third party/SEGGER/SEGGER/SEGGER_RTT.o
 .debug_rnglists
                0x0000055a      0x254 ./Common/Third party/SEGGER/SEGGER/SEGGER_SYSVIEW.o
 .debug_rnglists
                0x000007ae       0x4b ./Common/Third party/SEGGER/rec/segger_uart.o
 .debug_rnglists
                0x000007f9       0x40 ./Core/Src/main.o
 .debug_rnglists
                0x00000839       0x13 ./Core/Src/stm32f7xx_hal_msp.o
 .debug_rnglists
                0x0000084c       0x20 ./Core/Src/stm32f7xx_hal_timebase_tim.o
 .debug_rnglists
                0x0000086c       0x37 ./Core/Src/stm32f7xx_it.o
 .debug_rnglists
                0x000008a3       0x1a ./Core/Src/system_stm32f7xx.o
 .debug_rnglists
                0x000008bd       0x19 ./Core/Startup/startup_stm32f767zitx.o
 .debug_rnglists
                0x000008d6       0xc7 ./Drivers/STM32F7xx_HAL_Driver/Src/stm32f7xx_hal.o
 .debug_rnglists
                0x0000099d       0xda ./Drivers/STM32F7xx_HAL_Driver/Src/stm32f7xx_hal_cortex.o
 .debug_rnglists
                0x00000a77       0x3f ./Drivers/STM32F7xx_HAL_Driver/Src/stm32f7xx_hal_gpio.o
 .debug_rnglists
                0x00000ab6       0x67 ./Drivers/STM32F7xx_HAL_Driver/Src/stm32f7xx_hal_rcc.o
 .debug_rnglists
                0x00000b1d      0x328 ./Drivers/STM32F7xx_HAL_Driver/Src/stm32f7xx_hal_tim.o
 .debug_rnglists
                0x00000e45      0x138 ./Drivers/STM32F7xx_HAL_Driver/Src/stm32f7xx_hal_tim_ex.o

.debug_macro    0x00000000     0x4341
 .debug_macro   0x00000000      0x363 ./Common/Third party/FreeRTOS/list.o
 .debug_macro   0x00000363      0x3ec ./Common/Third party/FreeRTOS/queue.o
 .debug_macro   0x0000074f       0x16 ./Common/Third party/FreeRTOS/queue.o
 .debug_macro   0x00000765       0x35 ./Common/Third party/FreeRTOS/queue.o
 .debug_macro   0x0000079a       0x20 ./Common/Third party/FreeRTOS/queue.o
 .debug_macro   0x000007ba       0x80 ./Common/Third party/FreeRTOS/queue.o
 .debug_macro   0x0000083a      0x475 ./Common/Third party/FreeRTOS/tasks.o
 .debug_macro   0x00000caf       0x10 ./Common/Third party/FreeRTOS/tasks.o
 .debug_macro   0x00000cbf       0x1c ./Common/Third party/FreeRTOS/tasks.o
 .debug_macro   0x00000cdb       0x1c ./Common/Third party/FreeRTOS/tasks.o
 .debug_macro   0x00000cf7       0x16 ./Common/Third party/FreeRTOS/tasks.o
 .debug_macro   0x00000d0d      0x146 ./Common/Third party/FreeRTOS/tasks.o
 .debug_macro   0x00000e53      0x3ac ./Common/Third party/FreeRTOS/timers.o
 .debug_macro   0x000011ff       0x97 ./Common/Third party/FreeRTOS/timers.o
 .debug_macro   0x00001296      0x366 ./Common/Third party/FreeRTOS/portable/GCC/ARM_CM4F/port.o
 .debug_macro   0x000015fc      0x37e ./Common/Third party/FreeRTOS/portable/MemMang/heap_4.o
 .debug_macro   0x0000197a      0x2a6 ./Common/Third party/SEGGER/Config/SEGGER_SYSVIEW_Config_FreeRTOS.o
 .debug_macro   0x00001c20      0x372 ./Common/Third party/SEGGER/OS/SEGGER_SYSVIEW_FreeRTOS.o
 .debug_macro   0x00001f92      0x1e9 ./Common/Third party/SEGGER/SEGGER/SEGGER_RTT.o
 .debug_macro   0x0000217b       0x35 ./Common/Third party/SEGGER/SEGGER/SEGGER_RTT.o
 .debug_macro   0x000021b0      0x138 ./Common/Third party/SEGGER/SEGGER/SEGGER_RTT.o
 .debug_macro   0x000022e8      0x251 ./Common/Third party/SEGGER/SEGGER/SEGGER_SYSVIEW.o
 .debug_macro   0x00002539      0x220 ./Common/Third party/SEGGER/SEGGER/SEGGER_SYSVIEW.o
 .debug_macro   0x00002759       0x3b ./Common/Third party/SEGGER/SEGGER/SEGGER_SYSVIEW.o
 .debug_macro   0x00002794      0x339 ./Common/Third party/SEGGER/rec/segger_uart.o
 .debug_macro   0x00002acd      0x2c0 ./Core/Src/main.o
 .debug_macro   0x00002d8d      0x13c ./Core/Src/main.o
 .debug_macro   0x00002ec9      0x133 ./Core/Src/main.o
 .debug_macro   0x00002ffc      0x296 ./Core/Src/stm32f7xx_hal_msp.o
 .debug_macro   0x00003292      0x1cf ./Core/Src/stm32f7xx_hal_timebase_tim.o
 .debug_macro   0x00003461      0x1e8 ./Core/Src/stm32f7xx_it.o
 .debug_macro   0x00003649      0x1cf ./Core/Src/system_stm32f7xx.o
 .debug_macro   0x00003818      0x1f3 ./Drivers/STM32F7xx_HAL_Driver/Src/stm32f7xx_hal.o
 .debug_macro   0x00003a0b      0x1cf ./Drivers/STM32F7xx_HAL_Driver/Src/stm32f7xx_hal_cortex.o
 .debug_macro   0x00003bda      0x1d5 ./Drivers/STM32F7xx_HAL_Driver/Src/stm32f7xx_hal_gpio.o
 .debug_macro   0x00003daf      0x1f3 ./Drivers/STM32F7xx_HAL_Driver/Src/stm32f7xx_hal_rcc.o
 .debug_macro   0x00003fa2      0x1d0 ./Drivers/STM32F7xx_HAL_Driver/Src/stm32f7xx_hal_tim.o
 .debug_macro   0x00004172      0x1cf ./Drivers/STM32F7xx_HAL_Driver/Src/stm32f7xx_hal_tim_ex.o

.debug_line     0x00000000    0x189a3
 .debug_line    0x00000000      0xd19 ./Common/Third party/FreeRTOS/list.o
 .debug_line    0x00000d19     0x197a ./Common/Third party/FreeRTOS/queue.o
 .debug_line    0x00002693     0x21e6 ./Common/Third party/FreeRTOS/tasks.o
 .debug_line    0x00004879     0x122a ./Common/Third party/FreeRTOS/timers.o
 .debug_line    0x00005aa3      0xd86 ./Common/Third party/FreeRTOS/portable/GCC/ARM_CM4F/port.o
 .debug_line    0x00006829      0xf2c ./Common/Third party/FreeRTOS/portable/MemMang/heap_4.o
 .debug_line    0x00007755      0xa89 ./Common/Third party/SEGGER/Config/SEGGER_SYSVIEW_Config_FreeRTOS.o
 .debug_line    0x000081de      0xd6e ./Common/Third party/SEGGER/OS/SEGGER_SYSVIEW_FreeRTOS.o
 .debug_line    0x00008f4c      0xfda ./Common/Third party/SEGGER/SEGGER/SEGGER_RTT.o
 .debug_line    0x00009f26       0x86 ./Common/Third party/SEGGER/SEGGER/SEGGER_RTT_ASM_ARMv7M.o
 .debug_line    0x00009fac     0x2504 ./Common/Third party/SEGGER/SEGGER/SEGGER_SYSVIEW.o
 .debug_line    0x0000c4b0      0xa2f ./Common/Third party/SEGGER/rec/segger_uart.o
 .debug_line    0x0000cedf      0xcb6 ./Core/Src/main.o
 .debug_line    0x0000db95      0xa79 ./Core/Src/stm32f7xx_hal_msp.o
 .debug_line    0x0000e60e      0x7c2 ./Core/Src/stm32f7xx_hal_timebase_tim.o
 .debug_line    0x0000edd0      0x7e3 ./Core/Src/stm32f7xx_it.o
 .debug_line    0x0000f5b3      0x7c9 ./Core/Src/system_stm32f7xx.o
 .debug_line    0x0000fd7c       0x7a ./Core/Startup/startup_stm32f767zitx.o
 .debug_line    0x0000fdf6      0xa99 ./Drivers/STM32F7xx_HAL_Driver/Src/stm32f7xx_hal.o
 .debug_line    0x0001088f      0xd0b ./Drivers/STM32F7xx_HAL_Driver/Src/stm32f7xx_hal_cortex.o
 .debug_line    0x0001159a      0xbef ./Drivers/STM32F7xx_HAL_Driver/Src/stm32f7xx_hal_gpio.o
 .debug_line    0x00012189      0xec9 ./Drivers/STM32F7xx_HAL_Driver/Src/stm32f7xx_hal_rcc.o
 .debug_line    0x00013052     0x3d23 ./Drivers/STM32F7xx_HAL_Driver/Src/stm32f7xx_hal_tim.o
 .debug_line    0x00016d75     0x1c2e ./Drivers/STM32F7xx_HAL_Driver/Src/stm32f7xx_hal_tim_ex.o

.debug_str      0x00000000   0x105896
 .debug_str     0x00000000    0xf9976 ./Common/Third party/FreeRTOS/list.o
                              0xfa0a1 (size before relaxing)
 .debug_str     0x000f9976     0x254f ./Common/Third party/FreeRTOS/queue.o
                              0xfc5aa (size before relaxing)
 .debug_str     0x000fbec5     0x23ab ./Common/Third party/FreeRTOS/tasks.o
                              0xfda69 (size before relaxing)
 .debug_str     0x000fe270      0x60c ./Common/Third party/FreeRTOS/timers.o
                              0xfc969 (size before relaxing)
 .debug_str     0x000fe87c      0x839 ./Common/Third party/FreeRTOS/portable/GCC/ARM_CM4F/port.o
                              0xf8904 (size before relaxing)
 .debug_str     0x000ff0b5      0x35b ./Common/Third party/FreeRTOS/portable/MemMang/heap_4.o
                              0xfb559 (size before relaxing)
 .debug_str     0x000ff410      0x22b ./Common/Third party/SEGGER/Config/SEGGER_SYSVIEW_Config_FreeRTOS.o
                              0xf6795 (size before relaxing)
 .debug_str     0x000ff63b      0x14c ./Common/Third party/SEGGER/OS/SEGGER_SYSVIEW_FreeRTOS.o
                              0xfb2ed (size before relaxing)
 .debug_str     0x000ff787     0x10c2 ./Common/Third party/SEGGER/SEGGER/SEGGER_RTT.o
                               0x8830 (size before relaxing)
 .debug_str     0x00100849       0x8d ./Common/Third party/SEGGER/SEGGER/SEGGER_RTT_ASM_ARMv7M.o
                                 0xf0 (size before relaxing)
 .debug_str     0x001008d6      0xf85 ./Common/Third party/SEGGER/SEGGER/SEGGER_SYSVIEW.o
                               0xab1b (size before relaxing)
 .debug_str     0x0010185b      0xf71 ./Common/Third party/SEGGER/rec/segger_uart.o
                              0xa9583 (size before relaxing)
 .debug_str     0x001027cc      0xa1c ./Core/Src/main.o
                              0xf8ae0 (size before relaxing)
 .debug_str     0x001031e8       0x2c ./Core/Src/stm32f7xx_hal_msp.o
                              0xf6bbb (size before relaxing)
 .debug_str     0x00103214      0x5d7 ./Core/Src/stm32f7xx_hal_timebase_tim.o
                              0xf01df (size before relaxing)
 .debug_str     0x001037eb       0xb9 ./Core/Src/stm32f7xx_it.o
                              0xefe63 (size before relaxing)
 .debug_str     0x001038a4       0x77 ./Core/Src/system_stm32f7xx.o
                              0xef61e (size before relaxing)
 .debug_str     0x0010391b       0x36 ./Core/Startup/startup_stm32f767zitx.o
                                 0xa7 (size before relaxing)
 .debug_str     0x00103951      0x419 ./Drivers/STM32F7xx_HAL_Driver/Src/stm32f7xx_hal.o
                              0xf005e (size before relaxing)
 .debug_str     0x00103d6a      0x329 ./Drivers/STM32F7xx_HAL_Driver/Src/stm32f7xx_hal_cortex.o
                              0xf0040 (size before relaxing)
 .debug_str     0x00104093      0x107 ./Drivers/STM32F7xx_HAL_Driver/Src/stm32f7xx_hal_gpio.o
                              0xef6dc (size before relaxing)
 .debug_str     0x0010419a      0x22a ./Drivers/STM32F7xx_HAL_Driver/Src/stm32f7xx_hal_rcc.o
                              0xef999 (size before relaxing)
 .debug_str     0x001043c4      0xed3 ./Drivers/STM32F7xx_HAL_Driver/Src/stm32f7xx_hal_tim.o
                              0xf0941 (size before relaxing)
 .debug_str     0x00105297      0x5ff ./Drivers/STM32F7xx_HAL_Driver/Src/stm32f7xx_hal_tim_ex.o
                              0xf0247 (size before relaxing)

.comment        0x00000000       0x43
 .comment       0x00000000       0x43 ./Common/Third party/FreeRTOS/list.o
                                 0x44 (size before relaxing)
 .comment       0x00000043       0x44 ./Common/Third party/FreeRTOS/queue.o
 .comment       0x00000043       0x44 ./Common/Third party/FreeRTOS/tasks.o
 .comment       0x00000043       0x44 ./Common/Third party/FreeRTOS/timers.o
 .comment       0x00000043       0x44 ./Common/Third party/FreeRTOS/portable/GCC/ARM_CM4F/port.o
 .comment       0x00000043       0x44 ./Common/Third party/FreeRTOS/portable/MemMang/heap_4.o
 .comment       0x00000043       0x44 ./Common/Third party/SEGGER/Config/SEGGER_SYSVIEW_Config_FreeRTOS.o
 .comment       0x00000043       0x44 ./Common/Third party/SEGGER/OS/SEGGER_SYSVIEW_FreeRTOS.o
 .comment       0x00000043       0x44 ./Common/Third party/SEGGER/SEGGER/SEGGER_RTT.o
 .comment       0x00000043       0x44 ./Common/Third party/SEGGER/SEGGER/SEGGER_SYSVIEW.o
 .comment       0x00000043       0x44 ./Common/Third party/SEGGER/rec/segger_uart.o
 .comment       0x00000043       0x44 ./Core/Src/main.o
 .comment       0x00000043       0x44 ./Core/Src/stm32f7xx_hal_msp.o
 .comment       0x00000043       0x44 ./Core/Src/stm32f7xx_hal_timebase_tim.o
 .comment       0x00000043       0x44 ./Core/Src/stm32f7xx_it.o
 .comment       0x00000043       0x44 ./Core/Src/system_stm32f7xx.o
 .comment       0x00000043       0x44 ./Drivers/STM32F7xx_HAL_Driver/Src/stm32f7xx_hal.o
 .comment       0x00000043       0x44 ./Drivers/STM32F7xx_HAL_Driver/Src/stm32f7xx_hal_cortex.o
 .comment       0x00000043       0x44 ./Drivers/STM32F7xx_HAL_Driver/Src/stm32f7xx_hal_gpio.o
 .comment       0x00000043       0x44 ./Drivers/STM32F7xx_HAL_Driver/Src/stm32f7xx_hal_rcc.o
 .comment       0x00000043       0x44 ./Drivers/STM32F7xx_HAL_Driver/Src/stm32f7xx_hal_tim.o
 .comment       0x00000043       0x44 ./Drivers/STM32F7xx_HAL_Driver/Src/stm32f7xx_hal_tim_ex.o

.debug_frame    0x00000000     0x542c
 .debug_frame   0x00000000       0xd8 ./Common/Third party/FreeRTOS/list.o
 .debug_frame   0x000000d8      0x538 ./Common/Third party/FreeRTOS/queue.o
 .debug_frame   0x00000610      0x934 ./Common/Third party/FreeRTOS/tasks.o
 .debug_frame   0x00000f44      0x3bc ./Common/Third party/FreeRTOS/timers.o
 .debug_frame   0x00001300      0x1b0 ./Common/Third party/FreeRTOS/portable/GCC/ARM_CM4F/port.o
 .debug_frame   0x000014b0      0x12c ./Common/Third party/FreeRTOS/portable/MemMang/heap_4.o
 .debug_frame   0x000015dc       0x48 ./Common/Third party/SEGGER/Config/SEGGER_SYSVIEW_Config_FreeRTOS.o
 .debug_frame   0x00001624      0x104 ./Common/Third party/SEGGER/OS/SEGGER_SYSVIEW_FreeRTOS.o
 .debug_frame   0x00001728      0x52c ./Common/Third party/SEGGER/SEGGER/SEGGER_RTT.o
 .debug_frame   0x00001c54      0xd9c ./Common/Third party/SEGGER/SEGGER/SEGGER_SYSVIEW.o
 .debug_frame   0x000029f0      0x178 ./Common/Third party/SEGGER/rec/segger_uart.o
 .debug_frame   0x00002b68      0x118 ./Core/Src/main.o
 .debug_frame   0x00002c80       0x34 ./Core/Src/stm32f7xx_hal_msp.o
 .debug_frame   0x00002cb4       0x74 ./Core/Src/stm32f7xx_hal_timebase_tim.o
 .debug_frame   0x00002d28       0xc4 ./Core/Src/stm32f7xx_it.o
 .debug_frame   0x00002dec       0x58 ./Core/Src/system_stm32f7xx.o
 .debug_frame   0x00002e44      0x3f4 ./Drivers/STM32F7xx_HAL_Driver/Src/stm32f7xx_hal.o
 .debug_frame   0x00003238      0x4e8 ./Drivers/STM32F7xx_HAL_Driver/Src/stm32f7xx_hal_cortex.o
 .debug_frame   0x00003720      0x14c ./Drivers/STM32F7xx_HAL_Driver/Src/stm32f7xx_hal_gpio.o
 .debug_frame   0x0000386c      0x1f8 ./Drivers/STM32F7xx_HAL_Driver/Src/stm32f7xx_hal_rcc.o
 .debug_frame   0x00003a64     0x121c ./Drivers/STM32F7xx_HAL_Driver/Src/stm32f7xx_hal_tim.o
 .debug_frame   0x00004c80      0x6b0 ./Drivers/STM32F7xx_HAL_Driver/Src/stm32f7xx_hal_tim_ex.o
 .debug_frame   0x00005330       0x28 C:/ST/STM32CubeIDE_1.15.1/STM32CubeIDE/plugins/com.st.stm32cube.ide.mcu.externaltools.gnu-tools-for-stm32.12.3.rel1.win32_1.0.100.202403111256/tools/bin/../lib/gcc/arm-none-eabi/12.3.1/../../../../arm-none-eabi/lib/thumb/v7e-m+dp/hard\libc_nano.a(libc_a-memcmp.o)
 .debug_frame   0x00005358       0x20 C:/ST/STM32CubeIDE_1.15.1/STM32CubeIDE/plugins/com.st.stm32cube.ide.mcu.externaltools.gnu-tools-for-stm32.12.3.rel1.win32_1.0.100.202403111256/tools/bin/../lib/gcc/arm-none-eabi/12.3.1/../../../../arm-none-eabi/lib/thumb/v7e-m+dp/hard\libc_nano.a(libc_a-memset.o)
 .debug_frame   0x00005378       0x2c C:/ST/STM32CubeIDE_1.15.1/STM32CubeIDE/plugins/com.st.stm32cube.ide.mcu.externaltools.gnu-tools-for-stm32.12.3.rel1.win32_1.0.100.202403111256/tools/bin/../lib/gcc/arm-none-eabi/12.3.1/../../../../arm-none-eabi/lib/thumb/v7e-m+dp/hard\libc_nano.a(libc_a-init.o)
 .debug_frame   0x000053a4       0x28 C:/ST/STM32CubeIDE_1.15.1/STM32CubeIDE/plugins/com.st.stm32cube.ide.mcu.externaltools.gnu-tools-for-stm32.12.3.rel1.win32_1.0.100.202403111256/tools/bin/../lib/gcc/arm-none-eabi/12.3.1/../../../../arm-none-eabi/lib/thumb/v7e-m+dp/hard\libc_nano.a(libc_a-memcpy-stub.o)
 .debug_frame   0x000053cc       0x2c C:/ST/STM32CubeIDE_1.15.1/STM32CubeIDE/plugins/com.st.stm32cube.ide.mcu.externaltools.gnu-tools-for-stm32.12.3.rel1.win32_1.0.100.202403111256/tools/bin/../lib/gcc/arm-none-eabi/12.3.1/thumb/v7e-m+dp/hard\libgcc.a(_aeabi_uldivmod.o)
 .debug_frame   0x000053f8       0x34 C:/ST/STM32CubeIDE_1.15.1/STM32CubeIDE/plugins/com.st.stm32cube.ide.mcu.externaltools.gnu-tools-for-stm32.12.3.rel1.win32_1.0.100.202403111256/tools/bin/../lib/gcc/arm-none-eabi/12.3.1/thumb/v7e-m+dp/hard\libgcc.a(_udivmoddi4.o)

.debug_line_str
                0x00000000      0x10a
 .debug_line_str
                0x00000000       0xe2 ./Common/Third party/SEGGER/SEGGER/SEGGER_RTT_ASM_ARMv7M.o
 .debug_line_str
                0x000000e2       0x28 ./Core/Startup/startup_stm32f767zitx.o
                                 0x8b (size before relaxing)
